Archive member included to satisfy reference by file (symbol)

C:/Program Files (x86)/Rowley Associates Limited/CrossWorks for ARM 3.7/lib/libm_v6m_t_le_eabi.a(libm_asm.o)
                              MotorTest1 ARM Release/Drivetrain.o (__aeabi_i2d)
C:/Program Files (x86)/Rowley Associates Limited/CrossWorks for ARM 3.7/lib/libc_v6m_t_le_eabi.a(libc_asm.o)
                              MotorTest1 ARM Release/stm32f0xx_usart.o (__aeabi_uidivmod)
C:/Program Files (x86)/Rowley Associates Limited/CrossWorks for ARM 3.7/lib/libc_v6m_t_le_eabi.a(libc2.o)
                              MotorTest1 ARM Release/Drivetrain.o (abs)
C:/Program Files (x86)/Rowley Associates Limited/CrossWorks for ARM 3.7/lib/libc_v6m_t_le_eabi.a(libc2_asm.o)
                              C:/Program Files (x86)/Rowley Associates Limited/CrossWorks for ARM 3.7/lib/libc_v6m_t_le_eabi.a(libc2.o) (memcpy)
C:/Program Files (x86)/Rowley Associates Limited/CrossWorks for ARM 3.7/lib/libm_v6m_t_le_eabi.a(libm2.o)
                              C:/Program Files (x86)/Rowley Associates Limited/CrossWorks for ARM 3.7/lib/libvfprintf_v6m_t_le_eabi.o (frexp)
C:/Program Files (x86)/Rowley Associates Limited/CrossWorks for ARM 3.7/lib/libm_v6m_t_le_eabi.a(libm2_asm.o)
                              C:/Program Files (x86)/Rowley Associates Limited/CrossWorks for ARM 3.7/lib/libm_v6m_t_le_eabi.a(libm2.o) (fabs)

Discarded input sections

 .text          0x00000000        0x0 MotorTest1 ARM Release/thumb_crt0.o
 .data          0x00000000        0x0 MotorTest1 ARM Release/thumb_crt0.o
 .bss           0x00000000        0x0 MotorTest1 ARM Release/thumb_crt0.o
 .text.__aeabi_read_tp
                0x00000000        0x8 MotorTest1 ARM Release/thumb_crt0.o
 .text.__heap_lock
                0x00000000        0x2 MotorTest1 ARM Release/thumb_crt0.o
 .text.__heap_unlock
                0x00000000        0x2 MotorTest1 ARM Release/thumb_crt0.o
 .text.__printf_lock
                0x00000000        0x2 MotorTest1 ARM Release/thumb_crt0.o
 .text.__printf_unlock
                0x00000000        0x2 MotorTest1 ARM Release/thumb_crt0.o
 .text.__scanf_lock
                0x00000000        0x2 MotorTest1 ARM Release/thumb_crt0.o
 .text.__scanf_unlock
                0x00000000        0x2 MotorTest1 ARM Release/thumb_crt0.o
 .text.__debug_io_lock
                0x00000000        0x2 MotorTest1 ARM Release/thumb_crt0.o
 .text.__debug_io_unlock
                0x00000000        0x2 MotorTest1 ARM Release/thumb_crt0.o
 .text.abort    0x00000000        0x2 MotorTest1 ARM Release/thumb_crt0.o
 .text.__assert
                0x00000000        0x2 MotorTest1 ARM Release/thumb_crt0.o
 .text.__aeabi_assert
                0x00000000        0x2 MotorTest1 ARM Release/thumb_crt0.o
 .text.__cxa_pure_virtual
                0x00000000        0x2 MotorTest1 ARM Release/thumb_crt0.o
 .text.__cxa_guard_acquire
                0x00000000       0x10 MotorTest1 ARM Release/thumb_crt0.o
 .text.__cxa_guard_release
                0x00000000        0x6 MotorTest1 ARM Release/thumb_crt0.o
 .text.__cxa_guard_abort
                0x00000000        0x2 MotorTest1 ARM Release/thumb_crt0.o
 .text.__getchar
                0x00000000        0x8 MotorTest1 ARM Release/thumb_crt0.o
 .text.__putchar
                0x00000000        0x8 MotorTest1 ARM Release/thumb_crt0.o
 .bss.__user_locale_name_buffer
                0x00000000        0x4 MotorTest1 ARM Release/thumb_crt0.o
 .stack         0x00000000        0x0 MotorTest1 ARM Release/thumb_crt0.o
 .stack_process
                0x00000000        0x0 MotorTest1 ARM Release/thumb_crt0.o
 .heap          0x00000000        0x0 MotorTest1 ARM Release/thumb_crt0.o
 .text          0x00000000        0x0 MotorTest1 ARM Release/STM32_Startup.o
 .data          0x00000000        0x0 MotorTest1 ARM Release/STM32_Startup.o
 .bss           0x00000000        0x0 MotorTest1 ARM Release/STM32_Startup.o
 .text          0x00000000        0x0 MotorTest1 ARM Release/stm32f0xx_adc.o
 .data          0x00000000        0x0 MotorTest1 ARM Release/stm32f0xx_adc.o
 .bss           0x00000000        0x0 MotorTest1 ARM Release/stm32f0xx_adc.o
 .text.ADC_DeInit
                0x00000000       0x24 MotorTest1 ARM Release/stm32f0xx_adc.o
 .text.ADC_Init
                0x00000000       0x2c MotorTest1 ARM Release/stm32f0xx_adc.o
 .text.ADC_StructInit
                0x00000000       0x10 MotorTest1 ARM Release/stm32f0xx_adc.o
 .text.ADC_Cmd  0x00000000       0x18 MotorTest1 ARM Release/stm32f0xx_adc.o
 .text.ADC_ClockModeConfig
                0x00000000        0x4 MotorTest1 ARM Release/stm32f0xx_adc.o
 .text.ADC_JitterCmd
                0x00000000       0x14 MotorTest1 ARM Release/stm32f0xx_adc.o
 .text.ADC_AutoPowerOffCmd
                0x00000000       0x20 MotorTest1 ARM Release/stm32f0xx_adc.o
 .text.ADC_WaitModeCmd
                0x00000000       0x20 MotorTest1 ARM Release/stm32f0xx_adc.o
 .text.ADC_AnalogWatchdogCmd
[...]
Memory Configuration

Name             Origin             Length             Attributes
UNPLACED_SECTIONS 0xffffffff         0x00000000         xw
FLASH            0x08000000         0x00010000         xr
SYSTEM           0x1fffec00         0x00000c00         xw
OPTION           0x1ffff800         0x00000400         xw
RAM              0x20000000         0x00002000         xw
APB1             0x40000000         0x00008000         xw
APB2             0x40010000         0x00008000         xw
AHB1             0x40020000         0x00004400         xw
AHB2             0x48000000         0x00001800         xw
PPB              0xe0000000         0x00100000         xw
*default*        0x00000000         0xffffffff

Linker script and memory map

                0x00000000                __vfprintf = __vfprintf_float_long_long
                0x00000000                __vfscanf = __vfscanf_float_long_long_cc
                0x08000000                __FLASH_segment_start__ = 0x8000000
                0x08010000                __FLASH_segment_end__ = 0x8010000
                0x00010000                __FLASH_segment_size__ = 0x10000
                0x1fffec00                __SYSTEM_segment_start__ = 0x1fffec00
                0x1ffff800                __SYSTEM_segment_end__ = 0x1ffff800
                0x00000c00                __SYSTEM_segment_size__ = 0xc00
                0x1ffff800                __OPTION_segment_start__ = 0x1ffff800
                0x1ffffc00                __OPTION_segment_end__ = 0x1ffffc00
                0x00000400                __OPTION_segment_size__ = 0x400
                0x20000000                __RAM_segment_start__ = 0x20000000
                0x20002000                __RAM_segment_end__ = 0x20002000
                0x00002000                __RAM_segment_size__ = 0x2000
                0x40000000                __APB1_segment_start__ = 0x40000000
                0x40008000                __APB1_segment_end__ = 0x40008000
                0x00008000                __APB1_segment_size__ = 0x8000
                0x40010000                __APB2_segment_start__ = 0x40010000
                0x40018000                __APB2_segment_end__ = 0x40018000
                0x00008000                __APB2_segment_size__ = 0x8000
                0x40020000                __AHB1_segment_start__ = 0x40020000
                0x40024400                __AHB1_segment_end__ = 0x40024400
                0x00004400                __AHB1_segment_size__ = 0x4400
                0x48000000                __AHB2_segment_start__ = 0x48000000
                0x48001800                __AHB2_segment_end__ = 0x48001800
                0x00001800                __AHB2_segment_size__ = 0x1800
                0xe0000000                __PPB_segment_start__ = 0xe0000000
                0xe0100000                __PPB_segment_end__ = 0xe0100000
                0x00100000                __PPB_segment_size__ = 0x100000
                0x00000080                __HEAPSIZE__ = 0x80
                0x00000000                __STACKSIZE_ABT__ = 0x0
                0x00000000                __STACKSIZE_FIQ__ = 0x0
                0x00000000                __STACKSIZE_IRQ__ = 0x0
                0x00000000                __STACKSIZE_PROCESS__ = 0x0
                0x00000000                __STACKSIZE_SVC__ = 0x0
                0x00000000                __STACKSIZE_UND__ = 0x0
                0x00000100                __STACKSIZE__ = 0x100
                0x20000000                __vectors_ram_load_start__ = ALIGN (__RAM_segment_start__, 0x100)

.vectors_ram    0x20000000        0x0
                0x20000000                __vectors_ram_start__ = .
 *(.vectors_ram .vectors_ram.*)
                0x20000000                __vectors_ram_end__ = (__vectors_ram_start__ + SIZEOF (.vectors_ram))
                0x00000000                __vectors_ram_size__ = SIZEOF (.vectors_ram)
                0x20000000                __vectors_ram_load_end__ = __vectors_ram_end__
                0x00000001                . = ASSERT (((__vectors_ram_start__ == __vectors_ram_end__) || ((__vectors_ram_end__ >= __RAM_segment_start__) && (__vectors_ram_end__ <= __RAM_segment_end__))), error: .vectors_ram is too large to fit in RAM memory segment)
                0x08000000                __vectors_load_start__ = ALIGN (__FLASH_segment_start__, 0x100)

.vectors        0x08000000       0xb4
                0x08000000                __vectors_start__ = .
 *(.vectors .vectors.*)
 .vectors       0x08000000       0xb4 MotorTest1 ARM Release/STM32_Startup.o
                0x08000000                _vectors
                0x080000b4                __vectors_end__ = (__vectors_start__ + SIZEOF (.vectors))
                0x000000b4                __vectors_size__ = SIZEOF (.vectors)
                0x080000b4                __vectors_load_end__ = __vectors_end__
                0x00000001                . = ASSERT (((__vectors_start__ == __vectors_end__) || ((__vectors_end__ >= __FLASH_segment_start__) && (__vectors_end__ <= __FLASH_segment_end__))), error: .vectors is too large to fit in FLASH memory segment)
                0x080000b4                __init_load_start__ = ALIGN (__vectors_end__, 0x4)

.init           0x080000b4      0x1ac
                0x080000b4                __init_start__ = .
 *(.init .init.*)
 .init          0x080000b4      0x158 MotorTest1 ARM Release/thumb_crt0.o
                0x080000b4                _start
                0x08000166                exit
 .init          0x0800020c       0x54 MotorTest1 ARM Release/STM32_Startup.o
                0x0800020c                NMI_Handler
                0x0800020e                HardFault_Handler
                0x08000210                MemManage_Handler
                0x08000212                BusFault_Handler
                0x08000214                UsageFault_Handler
                0x08000216                SVC_Handler
                0x08000218                DebugMon_Handler
                0x0800021a                PendSV_Handler
                0x0800021e                WWDG_IRQHandler
                0x08000220                RTC_IRQHandler
                0x08000222                FLASH_IRQHandler
                0x08000224                RCC_IRQHandler
                0x08000226                EXTI0_1_IRQHandler
                0x08000228                EXTI2_3_IRQHandler
                0x0800022c                DMA1_Channel1_IRQHandler
                0x0800022e                DMA1_Channel2_3_IRQHandler
                0x08000230                DMA1_Channel4_5_IRQHandler
                0x08000232                ADC1_IRQHandler
                0x08000234                TIM1_BRK_UP_TRG_COM_IRQHandler
                0x08000236                TIM1_CC_IRQHandler
                0x08000238                TIM3_IRQHandler
                0x0800023a                TIM6_IRQHandler
                0x0800023c                TIM14_IRQHandler
                0x0800023e                TIM15_IRQHandler
                0x08000240                TIM16_IRQHandler
                0x08000242                TIM17_IRQHandler
                0x08000244                I2C1_IRQHandler
                0x08000246                I2C2_IRQHandler
                0x08000248                SPI1_IRQHandler
                0x0800024a                SPI2_IRQHandler
                0x0800024c                USART1_IRQHandler
                0x0800024e                USART2_IRQHandler
                0x08000250                reset_handler
                0x0800025a                SystemInit
                0x08000260                __init_end__ = (__init_start__ + SIZEOF (.init))
                0x000001ac                __init_size__ = SIZEOF (.init)
                0x08000260                __init_load_end__ = __init_end__
                0x00000001                . = ASSERT (((__init_start__ == __init_end__) || ((__init_end__ >= __FLASH_segment_start__) && (__init_end__ <= __FLASH_segment_end__))), error: .init is too large to fit in FLASH memory segment)
                0x08000260                __init_rodata_load_start__ = ALIGN (__init_end__, 0x4)

.init_rodata    0x08000260        0x0
                0x08000260                __init_rodata_start__ = .
 *(.init_rodata .init_rodata.*)
                0x08000260                __init_rodata_end__ = (__init_rodata_start__ + SIZEOF (.init_rodata))
                0x00000000                __init_rodata_size__ = SIZEOF (.init_rodata)
                0x08000260                __init_rodata_load_end__ = __init_rodata_end__
                0x00000001                . = ASSERT (((__init_rodata_start__ == __init_rodata_end__) || ((__init_rodata_end__ >= __FLASH_segment_start__) && (__init_rodata_end__ <= __FLASH_segment_end__))), error: .init_rodata is too large to fit in FLASH memory segment)
                0x08000260                __text_load_start__ = ALIGN (__init_rodata_end__, 0x4)

.text           0x08000260     0x1024
                0x08000260                __text_start__ = .
 *(.text .text.* .glue_7t .glue_7 .gnu.linkonce.t.* .gcc_except_table .ARM.extab* .gnu.linkonce.armextab.*)
 .glue_7        0x08000260        0x0 linker stubs
 .glue_7t       0x08000260        0x0 linker stubs
 .text.EXTI_Init
                0x08000260       0x78 MotorTest1 ARM Release/stm32f0xx_exti.o
                0x08000260                EXTI_Init
 .text.GPIO_Init
                0x080002d8       0xa4 MotorTest1 ARM Release/stm32f0xx_gpio.o
                0x080002d8                GPIO_Init
 .text.GPIO_SetBits
                0x0800037c        0x4 MotorTest1 ARM Release/stm32f0xx_gpio.o
                0x0800037c                GPIO_SetBits
 .text.GPIO_ResetBits
                0x08000380        0x4 MotorTest1 ARM Release/stm32f0xx_gpio.o
                0x08000380                GPIO_ResetBits
 .text.GPIO_PinAFConfig
                0x08000384       0x24 MotorTest1 ARM Release/stm32f0xx_gpio.o
                0x08000384                GPIO_PinAFConfig
 .text.NVIC_Init
                0x080003a8       0x5c MotorTest1 ARM Release/stm32f0xx_misc.o
                0x080003a8                NVIC_Init
 .text.RCC_AHBPeriphClockCmd
                0x08000404       0x1c MotorTest1 ARM Release/stm32f0xx_rcc.o
                0x08000404                RCC_AHBPeriphClockCmd
 .text.RCC_APB2PeriphClockCmd
                0x08000420       0x1c MotorTest1 ARM Release/stm32f0xx_rcc.o
                0x08000420                RCC_APB2PeriphClockCmd
 .text.RCC_APB1PeriphClockCmd
                0x0800043c       0x1c MotorTest1 ARM Release/stm32f0xx_rcc.o
                0x0800043c                RCC_APB1PeriphClockCmd
 .text.SYSCFG_EXTILineConfig
                0x08000458       0x2c MotorTest1 ARM Release/stm32f0xx_syscfg.o
                0x08000458                SYSCFG_EXTILineConfig
 .text.TIM_TimeBaseInit
                0x08000484       0xa4 MotorTest1 ARM Release/stm32f0xx_tim.o
                0x08000484                TIM_TimeBaseInit
 .text.TIM_SelectOnePulseMode
                0x08000528       0x10 MotorTest1 ARM Release/stm32f0xx_tim.o
                0x08000528                TIM_SelectOnePulseMode
 .text.TIM_Cmd  0x08000538       0x18 MotorTest1 ARM Release/stm32f0xx_tim.o
                0x08000538                TIM_Cmd
 .text.TIM_OC1Init
                0x08000550       0x7c MotorTest1 ARM Release/stm32f0xx_tim.o
                0x08000550                TIM_OC1Init
 .text.TIM_OC1PreloadConfig
                0x080005cc        0xc MotorTest1 ARM Release/stm32f0xx_tim.o
                0x080005cc                TIM_OC1PreloadConfig
 .text.DelayTimer_Initialize
                0x080005d8       0x44 MotorTest1 ARM Release/DelayTimer.o
                0x080005d8                DelayTimer_Initialize
 .text.DelayTimer_Sleep
                0x0800061c       0x14 MotorTest1 ARM Release/DelayTimer.o
                0x0800061c                DelayTimer_Sleep
 .text.DelayTimer_Tick
                0x08000630       0x18 MotorTest1 ARM Release/DelayTimer.o
                0x08000630                DelayTimer_Tick
 .text.SysTick_Handler
                0x08000648        0x8 MotorTest1 ARM Release/DelayTimer.o
                0x08000648                SysTick_Handler
 .text.Drivetrain_Initialize
                0x08000650       0x24 MotorTest1 ARM Release/Drivetrain.o
                0x08000650                Drivetrain_Initialize
 .text.Drivetrain_Move
                0x08000674      0x204 MotorTest1 ARM Release/Drivetrain.o
                0x08000674                Drivetrain_Move
 .text.GPIO_DigitalWrite
                0x08000878       0x18 MotorTest1 ARM Release/GPIO.o
                0x08000878                GPIO_DigitalWrite
 .text.GPIO_AnalogWrite
                0x08000890       0x54 MotorTest1 ARM Release/GPIO.o
                0x08000890                GPIO_AnalogWrite
 .text.GPIO_conf_OutputPin
                0x080008e4       0x68 MotorTest1 ARM Release/GPIO_conf.o
                0x080008e4                GPIO_conf_OutputPin
 .text.GPIO_conf_InputPin
                0x0800094c       0x1c MotorTest1 ARM Release/GPIO_conf.o
                0x0800094c                GPIO_conf_InputPin
 .text.GPIO_conf_PwmPin
                0x08000968      0x154 MotorTest1 ARM Release/GPIO_conf.o
                0x08000968                GPIO_conf_PwmPin
 .text.GPIO_conf_InterruptPin
                0x08000abc       0xe0 MotorTest1 ARM Release/GPIO_conf.o
                0x08000abc                GPIO_conf_InterruptPin
 .text.main     0x08000b9c       0x4c MotorTest1 ARM Release/main.o
                0x08000b9c                main
 .text.Wheel_Initialize
                0x08000be8       0x98 MotorTest1 ARM Release/Wheel.o
                0x08000be8                Wheel_Initialize
 .text.EXTI4_15_IRQHandler
                0x08000c80       0x68 MotorTest1 ARM Release/Wheel.o
                0x08000c80                EXTI4_15_IRQHandler
 .text.Wheel_StopLeftWheel
                0x08000ce8       0x34 MotorTest1 ARM Release/Wheel.o
                0x08000ce8                Wheel_StopLeftWheel
 .text.Wheel_TurnLeftWheel
                0x08000d1c       0x64 MotorTest1 ARM Release/Wheel.o
                0x08000d1c                Wheel_TurnLeftWheel
 .text.Wheel_StopRightWheel
                0x08000d80       0x38 MotorTest1 ARM Release/Wheel.o
                0x08000d80                Wheel_StopRightWheel
 .text.Wheel_TurnRightWheel
                0x08000db8       0x6c MotorTest1 ARM Release/Wheel.o
                0x08000db8                Wheel_TurnRightWheel
 .text.Wheel_Straight
                0x08000e24       0x2c MotorTest1 ARM Release/Wheel.o
                0x08000e24                Wheel_Straight
 .text.WheelEncoder_GetIsStopped
                0x08000e50        0xc MotorTest1 ARM Release/WheelEncoder.o
                0x08000e50                WheelEncoder_GetIsStopped
 .text.WheelEncoder_SetIsStopped
                0x08000e5c        0xc MotorTest1 ARM Release/WheelEncoder.o
                0x08000e5c                WheelEncoder_SetIsStopped
 .text.WheelEncoder_GetLeftWheelCounter
                0x08000e68        0xc MotorTest1 ARM Release/WheelEncoder.o
                0x08000e68                WheelEncoder_GetLeftWheelCounter
 .text.WheelEncoder_SetLeftWheelCounter
                0x08000e74        0xc MotorTest1 ARM Release/WheelEncoder.o
                0x08000e74                WheelEncoder_SetLeftWheelCounter
 .text.WheelEncoder_GetRightWheelCounter
                0x08000e80        0xc MotorTest1 ARM Release/WheelEncoder.o
                0x08000e80                WheelEncoder_GetRightWheelCounter
 .text.WheelEncoder_SetRightWheelCounter
                0x08000e8c        0xc MotorTest1 ARM Release/WheelEncoder.o
                0x08000e8c                WheelEncoder_SetRightWheelCounter
 .text.WheelTest_StraightForward
                0x08000e98       0x1c MotorTest1 ARM Release/WheelTest.o
                0x08000e98                WheelTest_StraightForward
 .text.WheelTest_StraightReverse
                0x08000eb4       0x20 MotorTest1 ARM Release/WheelTest.o
                0x08000eb4                WheelTest_StraightReverse
 .text.WheelTest_SmallCircle
                0x08000ed4       0x30 MotorTest1 ARM Release/WheelTest.o
                0x08000ed4                WheelTest_SmallCircle
 .text.WheelTest_FigureEight
                0x08000f04       0x20 MotorTest1 ARM Release/WheelTest.o
                0x08000f04                WheelTest_FigureEight
 .text.libc.__int32_to_float64
                0x08000f24       0x1c C:/Program Files (x86)/Rowley Associates Limited/CrossWorks for ARM 3.7/lib/libm_v6m_t_le_eabi.a(libm_asm.o)
                0x08000f24                __aeabi_i2d
                0x08000f24                __int32_to_float64
                0x08000f24                __floatsidf
 .text.libc.__uint32_to_float64
                0x08000f40       0x20 C:/Program Files (x86)/Rowley Associates Limited/CrossWorks for ARM 3.7/lib/libm_v6m_t_le_eabi.a(libm_asm.o)
                0x08000f40                __aeabi_ui2d
                0x08000f40                __floatunsidf
                0x08000f40                __uint32_to_float64
 .text.libc.__float64_to_int32
                0x08000f60       0x38 C:/Program Files (x86)/Rowley Associates Limited/CrossWorks for ARM 3.7/lib/libm_v6m_t_le_eabi.a(libm_asm.o)
                0x08000f60                __aeabi_d2iz
                0x08000f60                __float64_to_int32
                0x08000f60                __fixdfsi
 .text.libc.__float64_to_uint32
                0x08000f98       0x30 C:/Program Files (x86)/Rowley Associates Limited/CrossWorks for ARM 3.7/lib/libm_v6m_t_le_eabi.a(libm_asm.o)
                0x08000f98                __float64_to_uint32
                0x08000f98                __aeabi_d2uiz
                0x08000f98                __fixunsdfsi
                0x08000f9c                __RAL_aeabi_d2uiz
 .text.libc.__float64_mul
                0x08000fc8      0x18c C:/Program Files (x86)/Rowley Associates Limited/CrossWorks for ARM 3.7/lib/libm_v6m_t_le_eabi.a(libm_asm.o)
                0x08001000                __float64_mul
                0x08001000                __muldf3
                0x08001000                __aeabi_dmul
 .text.libc.__float64_div
                0x08001154       0xc4 C:/Program Files (x86)/Rowley Associates Limited/CrossWorks for ARM 3.7/lib/libm_v6m_t_le_eabi.a(libm_asm.o)
                0x08001154                __divdf3
                0x08001154                __float64_div
                0x08001154                __aeabi_ddiv
 .text.libc.__int32_div
                0x08001218       0x64 C:/Program Files (x86)/Rowley Associates Limited/CrossWorks for ARM 3.7/lib/libc_v6m_t_le_eabi.a(libc_asm.o)
                0x08001218                __int32_div
                0x08001218                __aeabi_idiv
                0x08001218                __divsi3
                0x08001254                __aeabi_uidiv
                0x08001254                __uint32_div
                0x08001254                __udivsi3
 .text.libc.abs
                0x0800127c        0x8 C:/Program Files (x86)/Rowley Associates Limited/CrossWorks for ARM 3.7/lib/libc_v6m_t_le_eabi.a(libc2.o)
                0x0800127c                abs
                0x08001284                __text_end__ = (__text_start__ + SIZEOF (.text))
                0x00001024                __text_size__ = SIZEOF (.text)
                0x08001284                __text_load_end__ = __text_end__

.vfp11_veneer   0x00000000        0x0
 .vfp11_veneer  0x00000000        0x0 linker stubs

.v4_bx          0x00000000        0x0
 .v4_bx         0x00000000        0x0 linker stubs

.iplt           0x00000000        0x0
 .iplt          0x00000000        0x0 MotorTest1 ARM Release/thumb_crt0.o

.rel.dyn        0x08000000        0x0
 .rel.iplt      0x08000000        0x0 MotorTest1 ARM Release/thumb_crt0.o
                0x00000001                . = ASSERT (((__text_start__ == __text_end__) || ((__text_end__ >= __FLASH_segment_start__) && (__text_end__ <= __FLASH_segment_end__))), error: .text is too large to fit in FLASH memory segment)
                0x08001284                __dtors_load_start__ = ALIGN (__text_end__, 0x4)

.dtors          0x08001284        0x0
                0x08001284                __dtors_start__ = .
 *(SORT(.dtors.*))
 *(.dtors)
 *(.fini_array)
 *(SORT(.fini_array.*))
                0x08001284                __dtors_end__ = (__dtors_start__ + SIZEOF (.dtors))
                0x00000000                __dtors_size__ = SIZEOF (.dtors)
                0x08001284                __dtors_load_end__ = __dtors_end__
                0x00000001                . = ASSERT (((__dtors_start__ == __dtors_end__) || ((__dtors_end__ >= __FLASH_segment_start__) && (__dtors_end__ <= __FLASH_segment_end__))), error: .dtors is too large to fit in FLASH memory segment)
                0x08001284                __ctors_load_start__ = ALIGN (__dtors_end__, 0x4)

.ctors          0x08001284        0x0
                0x08001284                __ctors_start__ = .
 *(SORT(.ctors.*))
 *(.ctors)
 *(.init_array)
 *(SORT(.init_array.*))
                0x08001284                __ctors_end__ = (__ctors_start__ + SIZEOF (.ctors))
                0x00000000                __ctors_size__ = SIZEOF (.ctors)
                0x08001284                __ctors_load_end__ = __ctors_end__
                0x00000001                . = ASSERT (((__ctors_start__ == __ctors_end__) || ((__ctors_end__ >= __FLASH_segment_start__) && (__ctors_end__ <= __FLASH_segment_end__))), error: .ctors is too large to fit in FLASH memory segment)
                0x08001284                __rodata_load_start__ = ALIGN (__ctors_end__, 0x4)

.rodata         0x08001284        0x0
                0x08001284                __rodata_start__ = .
 *(.rodata .rodata.* .gnu.linkonce.r.*)
                0x08001284                __rodata_end__ = (__rodata_start__ + SIZEOF (.rodata))
                0x00000000                __rodata_size__ = SIZEOF (.rodata)
                0x08001284                __rodata_load_end__ = __rodata_end__
                0x00000001                . = ASSERT (((__rodata_start__ == __rodata_end__) || ((__rodata_end__ >= __FLASH_segment_start__) && (__rodata_end__ <= __FLASH_segment_end__))), error: .rodata is too large to fit in FLASH memory segment)
                0x08001284                __ARM.exidx_load_start__ = ALIGN (__rodata_end__, 0x4)

.ARM.exidx      0x08001284        0x0
                0x08001284                __ARM.exidx_start__ = .
                0x08001284                __exidx_start = __ARM.exidx_start__
 *(.ARM.exidx .ARM.exidx.*)
                0x08001284                __ARM.exidx_end__ = (__ARM.exidx_start__ + SIZEOF (.ARM.exidx))
                0x00000000                __ARM.exidx_size__ = SIZEOF (.ARM.exidx)
                0x08001284                __exidx_end = __ARM.exidx_end__
                0x08001284                __ARM.exidx_load_end__ = __ARM.exidx_end__
                0x00000001                . = ASSERT (((__ARM.exidx_start__ == __ARM.exidx_end__) || ((__ARM.exidx_end__ >= __FLASH_segment_start__) && (__ARM.exidx_end__ <= __FLASH_segment_end__))), error: .ARM.exidx is too large to fit in FLASH memory segment)
                0x08001284                __fast_load_start__ = ALIGN (__ARM.exidx_end__, 0x4)

.fast           0x20000000        0x0 load address 0x08001284
                0x20000000                __fast_start__ = .
 *(.fast .fast.*)
                0x20000000                __fast_end__ = (__fast_start__ + SIZEOF (.fast))
                0x00000000                __fast_size__ = SIZEOF (.fast)
                0x08001284                __fast_load_end__ = (__fast_load_start__ + SIZEOF (.fast))
                0x00000001                . = ASSERT (((__fast_load_start__ == __fast_load_end__) || ((__fast_load_end__ >= __FLASH_segment_start__) && (__fast_load_end__ <= __FLASH_segment_end__))), error: .fast is too large to fit in FLASH memory segment)

.fast_run       0x20000000        0x0
                0x20000000                __fast_run_start__ = .
                0x20000000                . = MAX ((__fast_run_start__ + SIZEOF (.fast)), .)
                0x20000000                __fast_run_end__ = (__fast_run_start__ + SIZEOF (.fast_run))
                0x00000000                __fast_run_size__ = SIZEOF (.fast_run)
                0x20000000                __fast_run_load_end__ = __fast_run_end__
                0x00000001                . = ASSERT (((__fast_run_start__ == __fast_run_end__) || ((__fast_run_end__ >= __RAM_segment_start__) && (__fast_run_end__ <= __RAM_segment_end__))), error: .fast_run is too large to fit in RAM memory segment)
                0x08001284                __data_load_start__ = ALIGN ((__fast_load_start__ + SIZEOF (.fast)), 0x4)

.data           0x20000000        0x1 load address 0x08001284
                0x20000000                __data_start__ = .
 *(.data .data.* .gnu.linkonce.d.*)
 .data.is_stopped
                0x20000000        0x1 MotorTest1 ARM Release/WheelEncoder.o
                0x20000000                is_stopped
                0x20000001                __data_end__ = (__data_start__ + SIZEOF (.data))
                0x00000001                __data_size__ = SIZEOF (.data)
                0x08001285                __data_load_end__ = (__data_load_start__ + SIZEOF (.data))

.igot.plt       0x00000000        0x0
 .igot.plt      0x00000000        0x0 MotorTest1 ARM Release/thumb_crt0.o
                0x00000001                . = ASSERT (((__data_load_start__ == __data_load_end__) || ((__data_load_end__ >= __FLASH_segment_start__) && (__data_load_end__ <= __FLASH_segment_end__))), error: .data is too large to fit in FLASH memory segment)

.data_run       0x20000000        0x1 load address 0x08001284
                0x20000000                __data_run_start__ = .
                0x20000001                . = MAX ((__data_run_start__ + SIZEOF (.data)), .)
 *fill*         0x20000000        0x1 
                0x20000001                __data_run_end__ = (__data_run_start__ + SIZEOF (.data_run))
                0x00000001                __data_run_size__ = SIZEOF (.data_run)
                0x20000001                __data_run_load_end__ = __data_run_end__
                0x00000001                . = ASSERT (((__data_run_start__ == __data_run_end__) || ((__data_run_end__ >= __RAM_segment_start__) && (__data_run_end__ <= __RAM_segment_end__))), error: .data_run is too large to fit in RAM memory segment)
                0x08001288                __tdata_load_start__ = ALIGN ((__data_load_start__ + SIZEOF (.data)), 0x4)

.tdata          0x20000004        0x0 load address 0x08001288
                0x20000004                __tdata_start__ = .
 *(.tdata .tdata.*)
                0x20000004                __tdata_end__ = (__tdata_start__ + SIZEOF (.tdata))
                0x00000000                __tdata_size__ = SIZEOF (.tdata)
                0x08001288                __tdata_load_end__ = (__tdata_load_start__ + SIZEOF (.tdata))
                0x08001288                __FLASH_segment_used_end__ = (ALIGN ((__data_load_start__ + SIZEOF (.data)), 0x4) + SIZEOF (.tdata))
                0x00001288                __FLASH_segment_used_size__ = (__FLASH_segment_used_end__ - __FLASH_segment_start__)
                0x00000001                . = ASSERT (((__tdata_load_start__ == __tdata_load_end__) || ((__tdata_load_end__ >= __FLASH_segment_start__) && (__tdata_load_end__ <= __FLASH_segment_end__))), error: .tdata is too large to fit in FLASH memory segment)

.tdata_run      0x20000004        0x0
                0x20000004                __tdata_run_start__ = .
                0x20000004                . = MAX ((__tdata_run_start__ + SIZEOF (.tdata)), .)
                0x20000004                __tdata_run_end__ = (__tdata_run_start__ + SIZEOF (.tdata_run))
                0x00000000                __tdata_run_size__ = SIZEOF (.tdata_run)
                0x20000004                __tdata_run_load_end__ = __tdata_run_end__
                0x00000001                . = ASSERT (((__tdata_run_start__ == __tdata_run_end__) || ((__tdata_run_end__ >= __RAM_segment_start__) && (__tdata_run_end__ <= __RAM_segment_end__))), error: .tdata_run is too large to fit in RAM memory segment)
                0x20000004                __bss_load_start__ = ALIGN (__tdata_run_end__, 0x4)

.bss            0x20000004       0x10
                0x20000004                __bss_start__ = .
 *(.bss .bss.* .gnu.linkonce.b.*)
 .bss.DelayTimer_DelayCount
                0x20000004        0x4 MotorTest1 ARM Release/DelayTimer.o
                0x20000004                DelayTimer_DelayCount
 .bss.robot_direction
                0x20000008        0x1 MotorTest1 ARM Release/Drivetrain.o
                0x20000008                robot_direction
 *fill*         0x20000009        0x1 
 .bss.robot_velocity
                0x2000000a        0x2 MotorTest1 ARM Release/Drivetrain.o
                0x2000000a                robot_velocity
 .bss.right_wheel_counter
                0x2000000c        0x4 MotorTest1 ARM Release/WheelEncoder.o
                0x2000000c                right_wheel_counter
 .bss.left_wheel_counter
                0x20000010        0x4 MotorTest1 ARM Release/WheelEncoder.o
                0x20000010                left_wheel_counter
 *(COMMON)
                0x20000014                __bss_end__ = (__bss_start__ + SIZEOF (.bss))
                0x00000010                __bss_size__ = SIZEOF (.bss)
                0x20000014                __bss_load_end__ = __bss_end__
                0x00000001                . = ASSERT (((__bss_start__ == __bss_end__) || ((__bss_end__ >= __RAM_segment_start__) && (__bss_end__ <= __RAM_segment_end__))), error: .bss is too large to fit in RAM memory segment)
                0x20000014                __tbss_load_start__ = ALIGN (__bss_end__, 0x4)

.tbss           0x20000014        0x0
                0x20000014                __tbss_start__ = .
 *(.tbss .tbss.*)
                0x20000014                __tbss_end__ = (__tbss_start__ + SIZEOF (.tbss))
                0x00000000                __tbss_size__ = SIZEOF (.tbss)
                0x20000014                __tbss_load_end__ = __tbss_end__
                0x00000001                . = ASSERT (((__tbss_start__ == __tbss_end__) || ((__tbss_end__ >= __RAM_segment_start__) && (__tbss_end__ <= __RAM_segment_end__))), error: .tbss is too large to fit in RAM memory segment)
                0x20000014                __non_init_load_start__ = ALIGN (__tbss_end__, 0x4)

.non_init       0x20000014        0x0
                0x20000014                __non_init_start__ = .
 *(.non_init .non_init.*)
                0x20000014                __non_init_end__ = (__non_init_start__ + SIZEOF (.non_init))
                0x00000000                __non_init_size__ = SIZEOF (.non_init)
                0x20000014                __non_init_load_end__ = __non_init_end__
                0x00000001                . = ASSERT (((__non_init_start__ == __non_init_end__) || ((__non_init_end__ >= __RAM_segment_start__) && (__non_init_end__ <= __RAM_segment_end__))), error: .non_init is too large to fit in RAM memory segment)
                0x20000014                __heap_load_start__ = ALIGN (__non_init_end__, 0x4)

.heap           0x20000014       0x80
                0x20000014                __heap_start__ = .
 *(.heap .heap.*)
                0x20000094                . = ALIGN (MAX ((__heap_start__ + __HEAPSIZE__), .), 0x4)
 *fill*         0x20000014       0x80 
                0x20000094                __heap_end__ = (__heap_start__ + SIZEOF (.heap))
                0x00000080                __heap_size__ = SIZEOF (.heap)
                0x20000094                __heap_load_end__ = __heap_end__
                0x00000001                . = ASSERT (((__heap_start__ == __heap_end__) || ((__heap_end__ >= __RAM_segment_start__) && (__heap_end__ <= __RAM_segment_end__))), error: .heap is too large to fit in RAM memory segment)
                0x20000098                __stack_load_start__ = ALIGN (__heap_end__, 0x8)

.stack          0x20000098      0x100
                0x20000098                __stack_start__ = .
 *(.stack .stack.*)
                0x20000198                . = ALIGN (MAX ((__stack_start__ + __STACKSIZE__), .), 0x8)
 *fill*         0x20000098      0x100 
                0x20000198                __stack_end__ = (__stack_start__ + SIZEOF (.stack))
                0x00000100                __stack_size__ = SIZEOF (.stack)
                0x20000198                __stack_load_end__ = __stack_end__
                0x00000001                . = ASSERT (((__stack_start__ == __stack_end__) || ((__stack_end__ >= __RAM_segment_start__) && (__stack_end__ <= __RAM_segment_end__))), error: .stack is too large to fit in RAM memory segment)
                0x20000198                __stack_process_load_start__ = ALIGN (__stack_end__, 0x8)

.stack_process  0x20000198        0x0
                0x20000198                __stack_process_start__ = .
 *(.stack_process .stack_process.*)
                0x20000198                . = ALIGN (MAX ((__stack_process_start__ + __STACKSIZE_PROCESS__), .), 0x8)
                0x20000198                __stack_process_end__ = (__stack_process_start__ + SIZEOF (.stack_process))
                0x00000000                __stack_process_size__ = SIZEOF (.stack_process)
                0x20000198                __stack_process_load_end__ = __stack_process_end__
                0x20000198                __RAM_segment_used_end__ = (ALIGN (__stack_end__, 0x8) + SIZEOF (.stack_process))
                0x00000198                __RAM_segment_used_size__ = (__RAM_segment_used_end__ - __RAM_segment_start__)
                0x00000001                . = ASSERT (((__stack_process_start__ == __stack_process_end__) || ((__stack_process_end__ >= __RAM_segment_start__) && (__stack_process_end__ <= __RAM_segment_end__))), error: .stack_process is too large to fit in RAM memory segment)
START GROUP
LOAD MotorTest1 ARM Release/thumb_crt0.o
LOAD MotorTest1 ARM Release/STM32_Startup.o
LOAD MotorTest1 ARM Release/stm32f0xx_adc.o
LOAD MotorTest1 ARM Release/stm32f0xx_can.o
LOAD MotorTest1 ARM Release/stm32f0xx_cec.o
LOAD MotorTest1 ARM Release/stm32f0xx_comp.o
LOAD MotorTest1 ARM Release/stm32f0xx_crc.o
LOAD MotorTest1 ARM Release/stm32f0xx_crs.o
LOAD MotorTest1 ARM Release/stm32f0xx_dac.o
LOAD MotorTest1 ARM Release/stm32f0xx_dbgmcu.o
LOAD MotorTest1 ARM Release/stm32f0xx_dma.o
LOAD MotorTest1 ARM Release/stm32f0xx_exti.o
LOAD MotorTest1 ARM Release/stm32f0xx_flash.o
LOAD MotorTest1 ARM Release/stm32f0xx_gpio.o
LOAD MotorTest1 ARM Release/stm32f0xx_i2c.o
LOAD MotorTest1 ARM Release/stm32f0xx_iwdg.o
LOAD MotorTest1 ARM Release/stm32f0xx_misc.o
LOAD MotorTest1 ARM Release/stm32f0xx_pwr.o
LOAD MotorTest1 ARM Release/stm32f0xx_rcc.o
LOAD MotorTest1 ARM Release/stm32f0xx_rtc.o
LOAD MotorTest1 ARM Release/stm32f0xx_spi.o
LOAD MotorTest1 ARM Release/stm32f0xx_syscfg.o
LOAD MotorTest1 ARM Release/stm32f0xx_tim.o
LOAD MotorTest1 ARM Release/stm32f0xx_usart.o
LOAD MotorTest1 ARM Release/stm32f0xx_wwdg.o
LOAD MotorTest1 ARM Release/DelayTimer.o
LOAD MotorTest1 ARM Release/Drivetrain.o
LOAD MotorTest1 ARM Release/GPIO.o
LOAD MotorTest1 ARM Release/GPIO_conf.o
LOAD MotorTest1 ARM Release/main.o
LOAD MotorTest1 ARM Release/Wheel.o
LOAD MotorTest1 ARM Release/WheelEncoder.o
LOAD MotorTest1 ARM Release/WheelTest.o
LOAD C:/Program Files (x86)/Rowley Associates Limited/CrossWorks for ARM 3.7/lib/libdebugio_mempoll_v6m_t_le_eabi.a
LOAD C:/Program Files (x86)/Rowley Associates Limited/CrossWorks for ARM 3.7/lib/libm_v6m_t_le_eabi.a
LOAD C:/Program Files (x86)/Rowley Associates Limited/CrossWorks for ARM 3.7/lib/libc_v6m_t_le_eabi.a
LOAD C:/Program Files (x86)/Rowley Associates Limited/CrossWorks for ARM 3.7/lib/libcpp_v6m_t_le_eabi.a
LOAD C:/Program Files (x86)/Rowley Associates Limited/CrossWorks for ARM 3.7/lib/libdebugio_v6m_t_le_eabi.a
LOAD C:/Program Files (x86)/Rowley Associates Limited/CrossWorks for ARM 3.7/lib/libvfprintf_v6m_t_le_eabi.o
LOAD C:/Program Files (x86)/Rowley Associates Limited/CrossWorks for ARM 3.7/lib/libvfscanf_v6m_t_le_eabi.o
END GROUP
OUTPUT(MotorTest1 ARM Release/MotorTest1.elf elf32-littlearm)

.ARM.attributes
                0x00000000       0x2d
 .ARM.attributes
                0x00000000       0x21 MotorTest1 ARM Release/thumb_crt0.o
 .ARM.attributes
                0x00000021       0x21 MotorTest1 ARM Release/STM32_Startup.o
 .ARM.attributes
                0x00000042       0x31 MotorTest1 ARM Release/stm32f0xx_exti.o
 .ARM.attributes
                0x00000073       0x31 MotorTest1 ARM Release/stm32f0xx_gpio.o
 .ARM.attributes
                0x000000a4       0x31 MotorTest1 ARM Release/stm32f0xx_misc.o
 .ARM.attributes
                0x000000d5       0x31 MotorTest1 ARM Release/stm32f0xx_rcc.o
 .ARM.attributes
                0x00000106       0x31 MotorTest1 ARM Release/stm32f0xx_syscfg.o
 .ARM.attributes
                0x00000137       0x31 MotorTest1 ARM Release/stm32f0xx_tim.o
 .ARM.attributes
                0x00000168       0x31 MotorTest1 ARM Release/DelayTimer.o
 .ARM.attributes
                0x00000199       0x31 MotorTest1 ARM Release/Drivetrain.o
 .ARM.attributes
                0x000001ca       0x31 MotorTest1 ARM Release/GPIO.o
 .ARM.attributes
                0x000001fb       0x31 MotorTest1 ARM Release/GPIO_conf.o
 .ARM.attributes
                0x0000022c       0x31 MotorTest1 ARM Release/main.o
 .ARM.attributes
                0x0000025d       0x31 MotorTest1 ARM Release/Wheel.o
 .ARM.attributes
                0x0000028e       0x31 MotorTest1 ARM Release/WheelEncoder.o
 .ARM.attributes
                0x000002bf       0x31 MotorTest1 ARM Release/WheelTest.o
 .ARM.attributes
                0x000002f0       0x1b C:/Program Files (x86)/Rowley Associates Limited/CrossWorks for ARM 3.7/lib/libm_v6m_t_le_eabi.a(libm_asm.o)
 .ARM.attributes
                0x0000030b       0x1b C:/Program Files (x86)/Rowley Associates Limited/CrossWorks for ARM 3.7/lib/libc_v6m_t_le_eabi.a(libc_asm.o)
 .ARM.attributes
                0x00000326       0x2b C:/Program Files (x86)/Rowley Associates Limited/CrossWorks for ARM 3.7/lib/libc_v6m_t_le_eabi.a(libc2.o)

.comment        0x00000000       0x4c
 .comment       0x00000000       0x4c MotorTest1 ARM Release/stm32f0xx_exti.o
                                 0x4d (size before relaxing)
 .comment       0x0000004c       0x4d MotorTest1 ARM Release/stm32f0xx_gpio.o
 .comment       0x0000004c       0x4d MotorTest1 ARM Release/stm32f0xx_misc.o
 .comment       0x0000004c       0x4d MotorTest1 ARM Release/stm32f0xx_rcc.o
 .comment       0x0000004c       0x4d MotorTest1 ARM Release/stm32f0xx_syscfg.o
 .comment       0x0000004c       0x4d MotorTest1 ARM Release/stm32f0xx_tim.o
 .comment       0x0000004c       0x4d MotorTest1 ARM Release/DelayTimer.o
 .comment       0x0000004c       0x4d MotorTest1 ARM Release/Drivetrain.o
 .comment       0x0000004c       0x4d MotorTest1 ARM Release/GPIO.o
 .comment       0x0000004c       0x4d MotorTest1 ARM Release/GPIO_conf.o
 .comment       0x0000004c       0x4d MotorTest1 ARM Release/main.o
 .comment       0x0000004c       0x4d MotorTest1 ARM Release/Wheel.o
 .comment       0x0000004c       0x4d MotorTest1 ARM Release/WheelEncoder.o
 .comment       0x0000004c       0x4d MotorTest1 ARM Release/WheelTest.o
 .comment       0x0000004c       0x4d C:/Program Files (x86)/Rowley Associates Limited/CrossWorks for ARM 3.7/lib/libc_v6m_t_le_eabi.a(libc2.o)

.debug_frame    0x00000000     0x4b04
 .debug_frame   0x00000000       0x9c MotorTest1 ARM Release/stm32f0xx_exti.o
 .debug_frame   0x0000009c      0x11c MotorTest1 ARM Release/stm32f0xx_gpio.o
 .debug_frame   0x000001b8       0x50 MotorTest1 ARM Release/stm32f0xx_misc.o
 .debug_frame   0x00000208      0x2d0 MotorTest1 ARM Release/stm32f0xx_rcc.o
 .debug_frame   0x000004d8       0xbc MotorTest1 ARM Release/stm32f0xx_syscfg.o
 .debug_frame   0x00000594      0x6d4 MotorTest1 ARM Release/stm32f0xx_tim.o
 .debug_frame   0x00000c68       0x68 MotorTest1 ARM Release/DelayTimer.o
 .debug_frame   0x00000cd0       0x8c MotorTest1 ARM Release/Drivetrain.o
 .debug_frame   0x00000d5c       0x4c MotorTest1 ARM Release/GPIO.o
 .debug_frame   0x00000da8       0xa0 MotorTest1 ARM Release/GPIO_conf.o
 .debug_frame   0x00000e48       0x30 MotorTest1 ARM Release/main.o
 .debug_frame   0x00000e78       0xe4 MotorTest1 ARM Release/Wheel.o
 .debug_frame   0x00000f5c       0x80 MotorTest1 ARM Release/WheelEncoder.o
 .debug_frame   0x00000fdc       0x80 MotorTest1 ARM Release/WheelTest.o
 .debug_frame   0x0000105c      0x478 C:/Program Files (x86)/Rowley Associates Limited/CrossWorks for ARM 3.7/lib/libm_v6m_t_le_eabi.a(libm_asm.o)
 .debug_frame   0x000014d4      0x190 C:/Program Files (x86)/Rowley Associates Limited/CrossWorks for ARM 3.7/lib/libc_v6m_t_le_eabi.a(libc_asm.o)
 .debug_frame   0x00001664     0x34a0 C:/Program Files (x86)/Rowley Associates Limited/CrossWorks for ARM 3.7/lib/libc_v6m_t_le_eabi.a(libc2.o)

.debug_info     0x00000000     0x315d
 .debug_info    0x00000000       0xa8 MotorTest1 ARM Release/stm32f0xx_exti.o
 .debug_info    0x000000a8      0x104 MotorTest1 ARM Release/stm32f0xx_gpio.o
 .debug_info    0x000001ac       0x51 MotorTest1 ARM Release/stm32f0xx_misc.o
 .debug_info    0x000001fd      0x2fd MotorTest1 ARM Release/stm32f0xx_rcc.o
 .debug_info    0x000004fa       0xcc MotorTest1 ARM Release/stm32f0xx_syscfg.o
 .debug_info    0x000005c6      0x6ea MotorTest1 ARM Release/stm32f0xx_tim.o
 .debug_info    0x00000cb0       0x99 MotorTest1 ARM Release/DelayTimer.o
 .debug_info    0x00000d49       0x73 MotorTest1 ARM Release/Drivetrain.o
 .debug_info    0x00000dbc       0x40 MotorTest1 ARM Release/GPIO.o
 .debug_info    0x00000dfc       0x62 MotorTest1 ARM Release/GPIO_conf.o
 .debug_info    0x00000e5e       0x2f MotorTest1 ARM Release/main.o
 .debug_info    0x00000e8d       0xb2 MotorTest1 ARM Release/Wheel.o
 .debug_info    0x00000f3f       0x95 MotorTest1 ARM Release/WheelEncoder.o
 .debug_info    0x00000fd4       0x62 MotorTest1 ARM Release/WheelTest.o
 .debug_info    0x00001036     0x2127 C:/Program Files (x86)/Rowley Associates Limited/CrossWorks for ARM 3.7/lib/libc_v6m_t_le_eabi.a(libc2.o)

.debug_abbrev   0x00000000      0x560
 .debug_abbrev  0x00000000       0x3c MotorTest1 ARM Release/stm32f0xx_exti.o
 .debug_abbrev  0x0000003c       0x52 MotorTest1 ARM Release/stm32f0xx_gpio.o
 .debug_abbrev  0x0000008e       0x26 MotorTest1 ARM Release/stm32f0xx_misc.o
 .debug_abbrev  0x000000b4       0x68 MotorTest1 ARM Release/stm32f0xx_rcc.o
 .debug_abbrev  0x0000011c       0x3c MotorTest1 ARM Release/stm32f0xx_syscfg.o
 .debug_abbrev  0x00000158       0xd1 MotorTest1 ARM Release/stm32f0xx_tim.o
 .debug_abbrev  0x00000229       0x7f MotorTest1 ARM Release/DelayTimer.o
 .debug_abbrev  0x000002a8       0x3c MotorTest1 ARM Release/Drivetrain.o
 .debug_abbrev  0x000002e4       0x26 MotorTest1 ARM Release/GPIO.o
 .debug_abbrev  0x0000030a       0x26 MotorTest1 ARM Release/GPIO_conf.o
 .debug_abbrev  0x00000330       0x29 MotorTest1 ARM Release/main.o
 .debug_abbrev  0x00000359       0x5a MotorTest1 ARM Release/Wheel.o
 .debug_abbrev  0x000003b3       0x26 MotorTest1 ARM Release/WheelEncoder.o
 .debug_abbrev  0x000003d9       0x26 MotorTest1 ARM Release/WheelTest.o
 .debug_abbrev  0x000003ff      0x161 C:/Program Files (x86)/Rowley Associates Limited/CrossWorks for ARM 3.7/lib/libc_v6m_t_le_eabi.a(libc2.o)

.debug_aranges  0x00000000     0x1630
 .debug_aranges
                0x00000000       0x58 MotorTest1 ARM Release/stm32f0xx_exti.o
 .debug_aranges
                0x00000058       0x80 MotorTest1 ARM Release/stm32f0xx_gpio.o
 .debug_aranges
                0x000000d8       0x30 MotorTest1 ARM Release/stm32f0xx_misc.o
 .debug_aranges
                0x00000108      0x160 MotorTest1 ARM Release/stm32f0xx_rcc.o
 .debug_aranges
                0x00000268       0x68 MotorTest1 ARM Release/stm32f0xx_syscfg.o
 .debug_aranges
                0x000002d0      0x2f0 MotorTest1 ARM Release/stm32f0xx_tim.o
 .debug_aranges
                0x000005c0       0x38 MotorTest1 ARM Release/DelayTimer.o
 .debug_aranges
                0x000005f8       0x40 MotorTest1 ARM Release/Drivetrain.o
 .debug_aranges
                0x00000638       0x28 MotorTest1 ARM Release/GPIO.o
 .debug_aranges
                0x00000660       0x38 MotorTest1 ARM Release/GPIO_conf.o
 .debug_aranges
                0x00000698       0x20 MotorTest1 ARM Release/main.o
 .debug_aranges
                0x000006b8       0x50 MotorTest1 ARM Release/Wheel.o
 .debug_aranges
                0x00000708       0x50 MotorTest1 ARM Release/WheelEncoder.o
 .debug_aranges
                0x00000758       0x38 MotorTest1 ARM Release/WheelTest.o
 .debug_aranges
                0x00000790      0xea0 C:/Program Files (x86)/Rowley Associates Limited/CrossWorks for ARM 3.7/lib/libc_v6m_t_le_eabi.a(libc2.o)

.debug_ranges   0x00000000     0x1540
 .debug_ranges  0x00000000       0x48 MotorTest1 ARM Release/stm32f0xx_exti.o
 .debug_ranges  0x00000048       0x70 MotorTest1 ARM Release/stm32f0xx_gpio.o
 .debug_ranges  0x000000b8       0x20 MotorTest1 ARM Release/stm32f0xx_misc.o
 .debug_ranges  0x000000d8      0x150 MotorTest1 ARM Release/stm32f0xx_rcc.o
 .debug_ranges  0x00000228       0x58 MotorTest1 ARM Release/stm32f0xx_syscfg.o
 .debug_ranges  0x00000280      0x2e0 MotorTest1 ARM Release/stm32f0xx_tim.o
 .debug_ranges  0x00000560       0x28 MotorTest1 ARM Release/DelayTimer.o
 .debug_ranges  0x00000588       0x30 MotorTest1 ARM Release/Drivetrain.o
 .debug_ranges  0x000005b8       0x18 MotorTest1 ARM Release/GPIO.o
 .debug_ranges  0x000005d0       0x28 MotorTest1 ARM Release/GPIO_conf.o
 .debug_ranges  0x000005f8       0x10 MotorTest1 ARM Release/main.o
 .debug_ranges  0x00000608       0x40 MotorTest1 ARM Release/Wheel.o
 .debug_ranges  0x00000648       0x40 MotorTest1 ARM Release/WheelEncoder.o
 .debug_ranges  0x00000688       0x28 MotorTest1 ARM Release/WheelTest.o
 .debug_ranges  0x000006b0      0xe90 C:/Program Files (x86)/Rowley Associates Limited/CrossWorks for ARM 3.7/lib/libc_v6m_t_le_eabi.a(libc2.o)

.debug_line     0x00000000     0x15a3
 .debug_line    0x00000000       0xeb MotorTest1 ARM Release/stm32f0xx_exti.o
 .debug_line    0x000000eb       0xeb MotorTest1 ARM Release/stm32f0xx_gpio.o
 .debug_line    0x000001d6       0xeb MotorTest1 ARM Release/stm32f0xx_misc.o
 .debug_line    0x000002c1       0xea MotorTest1 ARM Release/stm32f0xx_rcc.o
 .debug_line    0x000003ab       0xed MotorTest1 ARM Release/stm32f0xx_syscfg.o
 .debug_line    0x00000498       0xea MotorTest1 ARM Release/stm32f0xx_tim.o
 .debug_line    0x00000582       0xf6 MotorTest1 ARM Release/DelayTimer.o
 .debug_line    0x00000678       0x87 MotorTest1 ARM Release/Drivetrain.o
 .debug_line    0x000006ff       0x81 MotorTest1 ARM Release/GPIO.o
 .debug_line    0x00000780       0x86 MotorTest1 ARM Release/GPIO_conf.o
 .debug_line    0x00000806       0x81 MotorTest1 ARM Release/main.o
 .debug_line    0x00000887       0xf1 MotorTest1 ARM Release/Wheel.o
 .debug_line    0x00000978       0x89 MotorTest1 ARM Release/WheelEncoder.o
 .debug_line    0x00000a01       0x86 MotorTest1 ARM Release/WheelTest.o
 .debug_line    0x00000a87      0xb1c C:/Program Files (x86)/Rowley Associates Limited/CrossWorks for ARM 3.7/lib/libc_v6m_t_le_eabi.a(libc2.o)

.debug_str      0x00000000     0x35f1
 .debug_str     0x00000000      0x270 MotorTest1 ARM Release/stm32f0xx_exti.o
 .debug_str     0x00000270      0x19e MotorTest1 ARM Release/stm32f0xx_gpio.o
                                0x2ba (size before relaxing)
 .debug_str     0x0000040e      0x101 MotorTest1 ARM Release/stm32f0xx_misc.o
                                0x21d (size before relaxing)
 .debug_str     0x0000050f      0x3ac MotorTest1 ARM Release/stm32f0xx_rcc.o
                                0x4c8 (size before relaxing)
 .debug_str     0x000008bb      0x1a9 MotorTest1 ARM Release/stm32f0xx_syscfg.o
                                0x2c5 (size before relaxing)
 .debug_str     0x00000a64      0x75d MotorTest1 ARM Release/stm32f0xx_tim.o
                                0x879 (size before relaxing)
 .debug_str     0x000011c1       0xce MotorTest1 ARM Release/DelayTimer.o
                                0x1ea (size before relaxing)
 .debug_str     0x0000128f       0xd0 MotorTest1 ARM Release/Drivetrain.o
                                0x1ec (size before relaxing)
 .debug_str     0x0000135f       0x84 MotorTest1 ARM Release/GPIO.o
                                0x1a0 (size before relaxing)
 .debug_str     0x000013e3       0xb5 MotorTest1 ARM Release/GPIO_conf.o
                                0x1d1 (size before relaxing)
 .debug_str     0x00001498       0x66 MotorTest1 ARM Release/main.o
                                0x182 (size before relaxing)
 .debug_str     0x000014fe       0xfd MotorTest1 ARM Release/Wheel.o
                                0x219 (size before relaxing)
 .debug_str     0x000015fb      0x13b MotorTest1 ARM Release/WheelEncoder.o
                                0x257 (size before relaxing)
 .debug_str     0x00001736       0xc6 MotorTest1 ARM Release/WheelTest.o
                                0x1e2 (size before relaxing)
 .debug_str     0x000017fc     0x1df5 C:/Program Files (x86)/Rowley Associates Limited/CrossWorks for ARM 3.7/lib/libc_v6m_t_le_eabi.a(libc2.o)
                               0x1f5d (size before relaxing)
