16:19:14 **** Build of configuration Debug for project MotorTest1 ****
make all 
Building file: ../system/src/stm32f0-stdperiph/stm32f0xx_adc.c
Invoking: Cross ARM C Compiler
arm-none-eabi-gcc -mcpu=cortex-m0 -mthumb -Og -fmessage-length=0 -fsigned-char -ffunction-sections -fdata-sections -ffreestanding -fno-move-loop-invariants -Wall -Wextra  -g3 -DDEBUG -DUSE_FULL_ASSERT -DSTM32F030 -DUSE_STDPERIPH_DRIVER -DHSE_VALUE=8000000 -I"../include" -I"../system/include" -I"../system/include/cmsis" -I"../system/include/stm32f0-stdperiph" -std=gnu11 -MMD -MP -MF"system/src/stm32f0-stdperiph/stm32f0xx_adc.d" -MT"system/src/stm32f0-stdperiph/stm32f0xx_adc.o" -c -o "system/src/stm32f0-stdperiph/stm32f0xx_adc.o" "../system/src/stm32f0-stdperiph/stm32f0xx_adc.c"
Finished building: ../system/src/stm32f0-stdperiph/stm32f0xx_adc.c
 
Building file: ../system/src/stm32f0-stdperiph/stm32f0xx_can.c
Invoking: Cross ARM C Compiler
arm-none-eabi-gcc -mcpu=cortex-m0 -mthumb -Og -fmessage-length=0 -fsigned-char -ffunction-sections -fdata-sections -ffreestanding -fno-move-loop-invariants -Wall -Wextra  -g3 -DDEBUG -DUSE_FULL_ASSERT -DSTM32F030 -DUSE_STDPERIPH_DRIVER -DHSE_VALUE=8000000 -I"../include" -I"../system/include" -I"../system/include/cmsis" -I"../system/include/stm32f0-stdperiph" -std=gnu11 -MMD -MP -MF"system/src/stm32f0-stdperiph/stm32f0xx_can.d" -MT"system/src/stm32f0-stdperiph/stm32f0xx_can.o" -c -o "system/src/stm32f0-stdperiph/stm32f0xx_can.o" "../system/src/stm32f0-stdperiph/stm32f0xx_can.c"
Finished building: ../system/src/stm32f0-stdperiph/stm32f0xx_can.c
 
Building file: ../system/src/stm32f0-stdperiph/stm32f0xx_cec.c
Invoking: Cross ARM C Compiler
arm-none-eabi-gcc -mcpu=cortex-m0 -mthumb -Og -fmessage-length=0 -fsigned-char -ffunction-sections -fdata-sections -ffreestanding -fno-move-loop-invariants -Wall -Wextra  -g3 -DDEBUG -DUSE_FULL_ASSERT -DSTM32F030 -DUSE_STDPERIPH_DRIVER -DHSE_VALUE=8000000 -I"../include" -I"../system/include" -I"../system/include/cmsis" -I"../system/include/stm32f0-stdperiph" -std=gnu11 -MMD -MP -MF"system/src/stm32f0-stdperiph/stm32f0xx_cec.d" -MT"system/src/stm32f0-stdperiph/stm32f0xx_cec.o" -c -o "system/src/stm32f0-stdperiph/stm32f0xx_cec.o" "../system/src/stm32f0-stdperiph/stm32f0xx_cec.c"
Finished building: ../system/src/stm32f0-stdperiph/stm32f0xx_cec.c
 
Building file: ../system/src/stm32f0-stdperiph/stm32f0xx_comp.c
Invoking: Cross ARM C Compiler
arm-none-eabi-gcc -mcpu=cortex-m0 -mthumb -Og -fmessage-length=0 -fsigned-char -ffunction-sections -fdata-sections -ffreestanding -fno-move-loop-invariants -Wall -Wextra  -g3 -DDEBUG -DUSE_FULL_ASSERT -DSTM32F030 -DUSE_STDPERIPH_DRIVER -DHSE_VALUE=8000000 -I"../include" -I"../system/include" -I"../system/include/cmsis" -I"../system/include/stm32f0-stdperiph" -std=gnu11 -MMD -MP -MF"system/src/stm32f0-stdperiph/stm32f0xx_comp.d" -MT"system/src/stm32f0-stdperiph/stm32f0xx_comp.o" -c -o "system/src/stm32f0-stdperiph/stm32f0xx_comp.o" "../system/src/stm32f0-stdperiph/stm32f0xx_comp.c"
Finished building: ../system/src/stm32f0-stdperiph/stm32f0xx_comp.c
 
Building file: ../system/src/stm32f0-stdperiph/stm32f0xx_crc.c
Invoking: Cross ARM C Compiler
arm-none-eabi-gcc -mcpu=cortex-m0 -mthumb -Og -fmessage-length=0 -fsigned-char -ffunction-sections -fdata-sections -ffreestanding -fno-move-loop-invariants -Wall -Wextra  -g3 -DDEBUG -DUSE_FULL_ASSERT -DSTM32F030 -DUSE_STDPERIPH_DRIVER -DHSE_VALUE=8000000 -I"../include" -I"../system/include" -I"../system/include/cmsis" -I"../system/include/stm32f0-stdperiph" -std=gnu11 -MMD -MP -MF"system/src/stm32f0-stdperiph/stm32f0xx_crc.d" -MT"system/src/stm32f0-stdperiph/stm32f0xx_crc.o" -c -o "system/src/stm32f0-stdperiph/stm32f0xx_crc.o" "../system/src/stm32f0-stdperiph/stm32f0xx_crc.c"
Finished building: ../system/src/stm32f0-stdperiph/stm32f0xx_crc.c
 
Building file: ../system/src/stm32f0-stdperiph/stm32f0xx_crs.c
Invoking: Cross ARM C Compiler
arm-none-eabi-gcc -mcpu=cortex-m0 -mthumb -Og -fmessage-length=0 -fsigned-char -ffunction-sections -fdata-sections -ffreestanding -fno-move-loop-invariants -Wall -Wextra  -g3 -DDEBUG -DUSE_FULL_ASSERT -DSTM32F030 -DUSE_STDPERIPH_DRIVER -DHSE_VALUE=8000000 -I"../include" -I"../system/include" -I"../system/include/cmsis" -I"../system/include/stm32f0-stdperiph" -std=gnu11 -MMD -MP -MF"system/src/stm32f0-stdperiph/stm32f0xx_crs.d" -MT"system/src/stm32f0-stdperiph/stm32f0xx_crs.o" -c -o "system/src/stm32f0-stdperiph/stm32f0xx_crs.o" "../system/src/stm32f0-stdperiph/stm32f0xx_crs.c"
Finished building: ../system/src/stm32f0-stdperiph/stm32f0xx_crs.c
 
Building file: ../system/src/stm32f0-stdperiph/stm32f0xx_dac.c
Invoking: Cross ARM C Compiler
arm-none-eabi-gcc -mcpu=cortex-m0 -mthumb -Og -fmessage-length=0 -fsigned-char -ffunction-sections -fdata-sections -ffreestanding -fno-move-loop-invariants -Wall -Wextra  -g3 -DDEBUG -DUSE_FULL_ASSERT -DSTM32F030 -DUSE_STDPERIPH_DRIVER -DHSE_VALUE=8000000 -I"../include" -I"../system/include" -I"../system/include/cmsis" -I"../system/include/stm32f0-stdperiph" -std=gnu11 -MMD -MP -MF"system/src/stm32f0-stdperiph/stm32f0xx_dac.d" -MT"system/src/stm32f0-stdperiph/stm32f0xx_dac.o" -c -o "system/src/stm32f0-stdperiph/stm32f0xx_dac.o" "../system/src/stm32f0-stdperiph/stm32f0xx_dac.c"
Finished building: ../system/src/stm32f0-stdperiph/stm32f0xx_dac.c
 
Building file: ../system/src/stm32f0-stdperiph/stm32f0xx_dbgmcu.c
Invoking: Cross ARM C Compiler
arm-none-eabi-gcc -mcpu=cortex-m0 -mthumb -Og -fmessage-length=0 -fsigned-char -ffunction-sections -fdata-sections -ffreestanding -fno-move-loop-invariants -Wall -Wextra  -g3 -DDEBUG -DUSE_FULL_ASSERT -DSTM32F030 -DUSE_STDPERIPH_DRIVER -DHSE_VALUE=8000000 -I"../include" -I"../system/include" -I"../system/include/cmsis" -I"../system/include/stm32f0-stdperiph" -std=gnu11 -MMD -MP -MF"system/src/stm32f0-stdperiph/stm32f0xx_dbgmcu.d" -MT"system/src/stm32f0-stdperiph/stm32f0xx_dbgmcu.o" -c -o "system/src/stm32f0-stdperiph/stm32f0xx_dbgmcu.o" "../system/src/stm32f0-stdperiph/stm32f0xx_dbgmcu.c"
Finished building: ../system/src/stm32f0-stdperiph/stm32f0xx_dbgmcu.c
 
Building file: ../system/src/stm32f0-stdperiph/stm32f0xx_dma.c
Invoking: Cross ARM C Compiler
arm-none-eabi-gcc -mcpu=cortex-m0 -mthumb -Og -fmessage-length=0 -fsigned-char -ffunction-sections -fdata-sections -ffreestanding -fno-move-loop-invariants -Wall -Wextra  -g3 -DDEBUG -DUSE_FULL_ASSERT -DSTM32F030 -DUSE_STDPERIPH_DRIVER -DHSE_VALUE=8000000 -I"../include" -I"../system/include" -I"../system/include/cmsis" -I"../system/include/stm32f0-stdperiph" -std=gnu11 -MMD -MP -MF"system/src/stm32f0-stdperiph/stm32f0xx_dma.d" -MT"system/src/stm32f0-stdperiph/stm32f0xx_dma.o" -c -o "system/src/stm32f0-stdperiph/stm32f0xx_dma.o" "../system/src/stm32f0-stdperiph/stm32f0xx_dma.c"
Finished building: ../system/src/stm32f0-stdperiph/stm32f0xx_dma.c
 
Building file: ../system/src/stm32f0-stdperiph/stm32f0xx_exti.c
Invoking: Cross ARM C Compiler
arm-none-eabi-gcc -mcpu=cortex-m0 -mthumb -Og -fmessage-length=0 -fsigned-char -ffunction-sections -fdata-sections -ffreestanding -fno-move-loop-invariants -Wall -Wextra  -g3 -DDEBUG -DUSE_FULL_ASSERT -DSTM32F030 -DUSE_STDPERIPH_DRIVER -DHSE_VALUE=8000000 -I"../include" -I"../system/include" -I"../system/include/cmsis" -I"../system/include/stm32f0-stdperiph" -std=gnu11 -MMD -MP -MF"system/src/stm32f0-stdperiph/stm32f0xx_exti.d" -MT"system/src/stm32f0-stdperiph/stm32f0xx_exti.o" -c -o "system/src/stm32f0-stdperiph/stm32f0xx_exti.o" "../system/src/stm32f0-stdperiph/stm32f0xx_exti.c"
Finished building: ../system/src/stm32f0-stdperiph/stm32f0xx_exti.c
 
Building file: ../system/src/stm32f0-stdperiph/stm32f0xx_flash.c
Invoking: Cross ARM C Compiler
arm-none-eabi-gcc -mcpu=cortex-m0 -mthumb -Og -fmessage-length=0 -fsigned-char -ffunction-sections -fdata-sections -ffreestanding -fno-move-loop-invariants -Wall -Wextra  -g3 -DDEBUG -DUSE_FULL_ASSERT -DSTM32F030 -DUSE_STDPERIPH_DRIVER -DHSE_VALUE=8000000 -I"../include" -I"../system/include" -I"../system/include/cmsis" -I"../system/include/stm32f0-stdperiph" -std=gnu11 -MMD -MP -MF"system/src/stm32f0-stdperiph/stm32f0xx_flash.d" -MT"system/src/stm32f0-stdperiph/stm32f0xx_flash.o" -c -o "system/src/stm32f0-stdperiph/stm32f0xx_flash.o" "../system/src/stm32f0-stdperiph/stm32f0xx_flash.c"
Finished building: ../system/src/stm32f0-stdperiph/stm32f0xx_flash.c
 
Building file: ../system/src/stm32f0-stdperiph/stm32f0xx_gpio.c
Invoking: Cross ARM C Compiler
arm-none-eabi-gcc -mcpu=cortex-m0 -mthumb -Og -fmessage-length=0 -fsigned-char -ffunction-sections -fdata-sections -ffreestanding -fno-move-loop-invariants -Wall -Wextra  -g3 -DDEBUG -DUSE_FULL_ASSERT -DSTM32F030 -DUSE_STDPERIPH_DRIVER -DHSE_VALUE=8000000 -I"../include" -I"../system/include" -I"../system/include/cmsis" -I"../system/include/stm32f0-stdperiph" -std=gnu11 -MMD -MP -MF"system/src/stm32f0-stdperiph/stm32f0xx_gpio.d" -MT"system/src/stm32f0-stdperiph/stm32f0xx_gpio.o" -c -o "system/src/stm32f0-stdperiph/stm32f0xx_gpio.o" "../system/src/stm32f0-stdperiph/stm32f0xx_gpio.c"
Finished building: ../system/src/stm32f0-stdperiph/stm32f0xx_gpio.c
 
Building file: ../system/src/stm32f0-stdperiph/stm32f0xx_i2c.c
Invoking: Cross ARM C Compiler
arm-none-eabi-gcc -mcpu=cortex-m0 -mthumb -Og -fmessage-length=0 -fsigned-char -ffunction-sections -fdata-sections -ffreestanding -fno-move-loop-invariants -Wall -Wextra  -g3 -DDEBUG -DUSE_FULL_ASSERT -DSTM32F030 -DUSE_STDPERIPH_DRIVER -DHSE_VALUE=8000000 -I"../include" -I"../system/include" -I"../system/include/cmsis" -I"../system/include/stm32f0-stdperiph" -std=gnu11 -MMD -MP -MF"system/src/stm32f0-stdperiph/stm32f0xx_i2c.d" -MT"system/src/stm32f0-stdperiph/stm32f0xx_i2c.o" -c -o "system/src/stm32f0-stdperiph/stm32f0xx_i2c.o" "../system/src/stm32f0-stdperiph/stm32f0xx_i2c.c"
Finished building: ../system/src/stm32f0-stdperiph/stm32f0xx_i2c.c
 
Building file: ../system/src/stm32f0-stdperiph/stm32f0xx_iwdg.c
Invoking: Cross ARM C Compiler
arm-none-eabi-gcc -mcpu=cortex-m0 -mthumb -Og -fmessage-length=0 -fsigned-char -ffunction-sections -fdata-sections -ffreestanding -fno-move-loop-invariants -Wall -Wextra  -g3 -DDEBUG -DUSE_FULL_ASSERT -DSTM32F030 -DUSE_STDPERIPH_DRIVER -DHSE_VALUE=8000000 -I"../include" -I"../system/include" -I"../system/include/cmsis" -I"../system/include/stm32f0-stdperiph" -std=gnu11 -MMD -MP -MF"system/src/stm32f0-stdperiph/stm32f0xx_iwdg.d" -MT"system/src/stm32f0-stdperiph/stm32f0xx_iwdg.o" -c -o "system/src/stm32f0-stdperiph/stm32f0xx_iwdg.o" "../system/src/stm32f0-stdperiph/stm32f0xx_iwdg.c"
Finished building: ../system/src/stm32f0-stdperiph/stm32f0xx_iwdg.c
 
Building file: ../system/src/stm32f0-stdperiph/stm32f0xx_misc.c
Invoking: Cross ARM C Compiler
arm-none-eabi-gcc -mcpu=cortex-m0 -mthumb -Og -fmessage-length=0 -fsigned-char -ffunction-sections -fdata-sections -ffreestanding -fno-move-loop-invariants -Wall -Wextra  -g3 -DDEBUG -DUSE_FULL_ASSERT -DSTM32F030 -DUSE_STDPERIPH_DRIVER -DHSE_VALUE=8000000 -I"../include" -I"../system/include" -I"../system/include/cmsis" -I"../system/include/stm32f0-stdperiph" -std=gnu11 -MMD -MP -MF"system/src/stm32f0-stdperiph/stm32f0xx_misc.d" -MT"system/src/stm32f0-stdperiph/stm32f0xx_misc.o" -c -o "system/src/stm32f0-stdperiph/stm32f0xx_misc.o" "../system/src/stm32f0-stdperiph/stm32f0xx_misc.c"
Finished building: ../system/src/stm32f0-stdperiph/stm32f0xx_misc.c
 
Building file: ../system/src/stm32f0-stdperiph/stm32f0xx_pwr.c
Invoking: Cross ARM C Compiler
arm-none-eabi-gcc -mcpu=cortex-m0 -mthumb -Og -fmessage-length=0 -fsigned-char -ffunction-sections -fdata-sections -ffreestanding -fno-move-loop-invariants -Wall -Wextra  -g3 -DDEBUG -DUSE_FULL_ASSERT -DSTM32F030 -DUSE_STDPERIPH_DRIVER -DHSE_VALUE=8000000 -I"../include" -I"../system/include" -I"../system/include/cmsis" -I"../system/include/stm32f0-stdperiph" -std=gnu11 -MMD -MP -MF"system/src/stm32f0-stdperiph/stm32f0xx_pwr.d" -MT"system/src/stm32f0-stdperiph/stm32f0xx_pwr.o" -c -o "system/src/stm32f0-stdperiph/stm32f0xx_pwr.o" "../system/src/stm32f0-stdperiph/stm32f0xx_pwr.c"
Finished building: ../system/src/stm32f0-stdperiph/stm32f0xx_pwr.c
 
Building file: ../system/src/stm32f0-stdperiph/stm32f0xx_rcc.c
Invoking: Cross ARM C Compiler
arm-none-eabi-gcc -mcpu=cortex-m0 -mthumb -Og -fmessage-length=0 -fsigned-char -ffunction-sections -fdata-sections -ffreestanding -fno-move-loop-invariants -Wall -Wextra  -g3 -DDEBUG -DUSE_FULL_ASSERT -DSTM32F030 -DUSE_STDPERIPH_DRIVER -DHSE_VALUE=8000000 -I"../include" -I"../system/include" -I"../system/include/cmsis" -I"../system/include/stm32f0-stdperiph" -std=gnu11 -MMD -MP -MF"system/src/stm32f0-stdperiph/stm32f0xx_rcc.d" -MT"system/src/stm32f0-stdperiph/stm32f0xx_rcc.o" -c -o "system/src/stm32f0-stdperiph/stm32f0xx_rcc.o" "../system/src/stm32f0-stdperiph/stm32f0xx_rcc.c"
Finished building: ../system/src/stm32f0-stdperiph/stm32f0xx_rcc.c
 
Building file: ../system/src/stm32f0-stdperiph/stm32f0xx_rtc.c
Invoking: Cross ARM C Compiler
arm-none-eabi-gcc -mcpu=cortex-m0 -mthumb -Og -fmessage-length=0 -fsigned-char -ffunction-sections -fdata-sections -ffreestanding -fno-move-loop-invariants -Wall -Wextra  -g3 -DDEBUG -DUSE_FULL_ASSERT -DSTM32F030 -DUSE_STDPERIPH_DRIVER -DHSE_VALUE=8000000 -I"../include" -I"../system/include" -I"../system/include/cmsis" -I"../system/include/stm32f0-stdperiph" -std=gnu11 -MMD -MP -MF"system/src/stm32f0-stdperiph/stm32f0xx_rtc.d" -MT"system/src/stm32f0-stdperiph/stm32f0xx_rtc.o" -c -o "system/src/stm32f0-stdperiph/stm32f0xx_rtc.o" "../system/src/stm32f0-stdperiph/stm32f0xx_rtc.c"
Finished building: ../system/src/stm32f0-stdperiph/stm32f0xx_rtc.c
 
Building file: ../system/src/stm32f0-stdperiph/stm32f0xx_spi.c
Invoking: Cross ARM C Compiler
arm-none-eabi-gcc -mcpu=cortex-m0 -mthumb -Og -fmessage-length=0 -fsigned-char -ffunction-sections -fdata-sections -ffreestanding -fno-move-loop-invariants -Wall -Wextra  -g3 -DDEBUG -DUSE_FULL_ASSERT -DSTM32F030 -DUSE_STDPERIPH_DRIVER -DHSE_VALUE=8000000 -I"../include" -I"../system/include" -I"../system/include/cmsis" -I"../system/include/stm32f0-stdperiph" -std=gnu11 -MMD -MP -MF"system/src/stm32f0-stdperiph/stm32f0xx_spi.d" -MT"system/src/stm32f0-stdperiph/stm32f0xx_spi.o" -c -o "system/src/stm32f0-stdperiph/stm32f0xx_spi.o" "../system/src/stm32f0-stdperiph/stm32f0xx_spi.c"
Finished building: ../system/src/stm32f0-stdperiph/stm32f0xx_spi.c
 
Building file: ../system/src/stm32f0-stdperiph/stm32f0xx_syscfg.c
Invoking: Cross ARM C Compiler
arm-none-eabi-gcc -mcpu=cortex-m0 -mthumb -Og -fmessage-length=0 -fsigned-char -ffunction-sections -fdata-sections -ffreestanding -fno-move-loop-invariants -Wall -Wextra  -g3 -DDEBUG -DUSE_FULL_ASSERT -DSTM32F030 -DUSE_STDPERIPH_DRIVER -DHSE_VALUE=8000000 -I"../include" -I"../system/include" -I"../system/include/cmsis" -I"../system/include/stm32f0-stdperiph" -std=gnu11 -MMD -MP -MF"system/src/stm32f0-stdperiph/stm32f0xx_syscfg.d" -MT"system/src/stm32f0-stdperiph/stm32f0xx_syscfg.o" -c -o "system/src/stm32f0-stdperiph/stm32f0xx_syscfg.o" "../system/src/stm32f0-stdperiph/stm32f0xx_syscfg.c"
Finished building: ../system/src/stm32f0-stdperiph/stm32f0xx_syscfg.c
 
Building file: ../system/src/stm32f0-stdperiph/stm32f0xx_tim.c
Invoking: Cross ARM C Compiler
arm-none-eabi-gcc -mcpu=cortex-m0 -mthumb -Og -fmessage-length=0 -fsigned-char -ffunction-sections -fdata-sections -ffreestanding -fno-move-loop-invariants -Wall -Wextra  -g3 -DDEBUG -DUSE_FULL_ASSERT -DSTM32F030 -DUSE_STDPERIPH_DRIVER -DHSE_VALUE=8000000 -I"../include" -I"../system/include" -I"../system/include/cmsis" -I"../system/include/stm32f0-stdperiph" -std=gnu11 -MMD -MP -MF"system/src/stm32f0-stdperiph/stm32f0xx_tim.d" -MT"system/src/stm32f0-stdperiph/stm32f0xx_tim.o" -c -o "system/src/stm32f0-stdperiph/stm32f0xx_tim.o" "../system/src/stm32f0-stdperiph/stm32f0xx_tim.c"
Finished building: ../system/src/stm32f0-stdperiph/stm32f0xx_tim.c
 
Building file: ../system/src/stm32f0-stdperiph/stm32f0xx_usart.c
Invoking: Cross ARM C Compiler
arm-none-eabi-gcc -mcpu=cortex-m0 -mthumb -Og -fmessage-length=0 -fsigned-char -ffunction-sections -fdata-sections -ffreestanding -fno-move-loop-invariants -Wall -Wextra  -g3 -DDEBUG -DUSE_FULL_ASSERT -DSTM32F030 -DUSE_STDPERIPH_DRIVER -DHSE_VALUE=8000000 -I"../include" -I"../system/include" -I"../system/include/cmsis" -I"../system/include/stm32f0-stdperiph" -std=gnu11 -MMD -MP -MF"system/src/stm32f0-stdperiph/stm32f0xx_usart.d" -MT"system/src/stm32f0-stdperiph/stm32f0xx_usart.o" -c -o "system/src/stm32f0-stdperiph/stm32f0xx_usart.o" "../system/src/stm32f0-stdperiph/stm32f0xx_usart.c"
Finished building: ../system/src/stm32f0-stdperiph/stm32f0xx_usart.c
 
Building file: ../system/src/stm32f0-stdperiph/stm32f0xx_wwdg.c
Invoking: Cross ARM C Compiler
arm-none-eabi-gcc -mcpu=cortex-m0 -mthumb -Og -fmessage-length=0 -fsigned-char -ffunction-sections -fdata-sections -ffreestanding -fno-move-loop-invariants -Wall -Wextra  -g3 -DDEBUG -DUSE_FULL_ASSERT -DSTM32F030 -DUSE_STDPERIPH_DRIVER -DHSE_VALUE=8000000 -I"../include" -I"../system/include" -I"../system/include/cmsis" -I"../system/include/stm32f0-stdperiph" -std=gnu11 -MMD -MP -MF"system/src/stm32f0-stdperiph/stm32f0xx_wwdg.d" -MT"system/src/stm32f0-stdperiph/stm32f0xx_wwdg.o" -c -o "system/src/stm32f0-stdperiph/stm32f0xx_wwdg.o" "../system/src/stm32f0-stdperiph/stm32f0xx_wwdg.c"
Finished building: ../system/src/stm32f0-stdperiph/stm32f0xx_wwdg.c
 
Building file: ../system/src/newlib/_cxx.cpp
Invoking: Cross ARM C++ Compiler
arm-none-eabi-g++ -mcpu=cortex-m0 -mthumb -Og -fmessage-length=0 -fsigned-char -ffunction-sections -fdata-sections -ffreestanding -fno-move-loop-invariants -Wall -Wextra  -g3 -DDEBUG -DUSE_FULL_ASSERT -DSTM32F030 -DUSE_STDPERIPH_DRIVER -DHSE_VALUE=8000000 -I"../include" -I"../system/include" -I"../system/include/cmsis" -I"../system/include/stm32f0-stdperiph" -std=gnu++11 -fabi-version=0 -fno-exceptions -fno-rtti -fno-use-cxa-atexit -fno-threadsafe-statics -MMD -MP -MF"system/src/newlib/_cxx.d" -MT"system/src/newlib/_cxx.o" -c -o "system/src/newlib/_cxx.o" "../system/src/newlib/_cxx.cpp"
Finished building: ../system/src/newlib/_cxx.cpp
 
Building file: ../system/src/newlib/_exit.c
Invoking: Cross ARM C Compiler
arm-none-eabi-gcc -mcpu=cortex-m0 -mthumb -Og -fmessage-length=0 -fsigned-char -ffunction-sections -fdata-sections -ffreestanding -fno-move-loop-invariants -Wall -Wextra  -g3 -DDEBUG -DUSE_FULL_ASSERT -DSTM32F030 -DUSE_STDPERIPH_DRIVER -DHSE_VALUE=8000000 -I"../include" -I"../system/include" -I"../system/include/cmsis" -I"../system/include/stm32f0-stdperiph" -std=gnu11 -MMD -MP -MF"system/src/newlib/_exit.d" -MT"system/src/newlib/_exit.o" -c -o "system/src/newlib/_exit.o" "../system/src/newlib/_exit.c"
Finished building: ../system/src/newlib/_exit.c
 
Building file: ../system/src/newlib/_sbrk.c
Invoking: Cross ARM C Compiler
arm-none-eabi-gcc -mcpu=cortex-m0 -mthumb -Og -fmessage-length=0 -fsigned-char -ffunction-sections -fdata-sections -ffreestanding -fno-move-loop-invariants -Wall -Wextra  -g3 -DDEBUG -DUSE_FULL_ASSERT -DSTM32F030 -DUSE_STDPERIPH_DRIVER -DHSE_VALUE=8000000 -I"../include" -I"../system/include" -I"../system/include/cmsis" -I"../system/include/stm32f0-stdperiph" -std=gnu11 -MMD -MP -MF"system/src/newlib/_sbrk.d" -MT"system/src/newlib/_sbrk.o" -c -o "system/src/newlib/_sbrk.o" "../system/src/newlib/_sbrk.c"
Finished building: ../system/src/newlib/_sbrk.c
 
Building file: ../system/src/newlib/_startup.c
Invoking: Cross ARM C Compiler
arm-none-eabi-gcc -mcpu=cortex-m0 -mthumb -Og -fmessage-length=0 -fsigned-char -ffunction-sections -fdata-sections -ffreestanding -fno-move-loop-invariants -Wall -Wextra  -g3 -DDEBUG -DUSE_FULL_ASSERT -DSTM32F030 -DUSE_STDPERIPH_DRIVER -DHSE_VALUE=8000000 -I"../include" -I"../system/include" -I"../system/include/cmsis" -I"../system/include/stm32f0-stdperiph" -std=gnu11 -MMD -MP -MF"system/src/newlib/_startup.d" -MT"system/src/newlib/_startup.o" -c -o "system/src/newlib/_startup.o" "../system/src/newlib/_startup.c"
Finished building: ../system/src/newlib/_startup.c
 
Building file: ../system/src/newlib/_syscalls.c
Invoking: Cross ARM C Compiler
arm-none-eabi-gcc -mcpu=cortex-m0 -mthumb -Og -fmessage-length=0 -fsigned-char -ffunction-sections -fdata-sections -ffreestanding -fno-move-loop-invariants -Wall -Wextra  -g3 -DDEBUG -DUSE_FULL_ASSERT -DSTM32F030 -DUSE_STDPERIPH_DRIVER -DHSE_VALUE=8000000 -I"../include" -I"../system/include" -I"../system/include/cmsis" -I"../system/include/stm32f0-stdperiph" -std=gnu11 -MMD -MP -MF"system/src/newlib/_syscalls.d" -MT"system/src/newlib/_syscalls.o" -c -o "system/src/newlib/_syscalls.o" "../system/src/newlib/_syscalls.c"
Finished building: ../system/src/newlib/_syscalls.c
 
Building file: ../system/src/newlib/assert.c
Invoking: Cross ARM C Compiler
arm-none-eabi-gcc -mcpu=cortex-m0 -mthumb -Og -fmessage-length=0 -fsigned-char -ffunction-sections -fdata-sections -ffreestanding -fno-move-loop-invariants -Wall -Wextra  -g3 -DDEBUG -DUSE_FULL_ASSERT -DSTM32F030 -DUSE_STDPERIPH_DRIVER -DHSE_VALUE=8000000 -I"../include" -I"../system/include" -I"../system/include/cmsis" -I"../system/include/stm32f0-stdperiph" -std=gnu11 -MMD -MP -MF"system/src/newlib/assert.d" -MT"system/src/newlib/assert.o" -c -o "system/src/newlib/assert.o" "../system/src/newlib/assert.c"
Finished building: ../system/src/newlib/assert.c
 
Building file: ../system/src/diag/Trace.c
Invoking: Cross ARM C Compiler
arm-none-eabi-gcc -mcpu=cortex-m0 -mthumb -Og -fmessage-length=0 -fsigned-char -ffunction-sections -fdata-sections -ffreestanding -fno-move-loop-invariants -Wall -Wextra  -g3 -DDEBUG -DUSE_FULL_ASSERT -DSTM32F030 -DUSE_STDPERIPH_DRIVER -DHSE_VALUE=8000000 -I"../include" -I"../system/include" -I"../system/include/cmsis" -I"../system/include/stm32f0-stdperiph" -std=gnu11 -MMD -MP -MF"system/src/diag/Trace.d" -MT"system/src/diag/Trace.o" -c -o "system/src/diag/Trace.o" "../system/src/diag/Trace.c"
Finished building: ../system/src/diag/Trace.c
 
Building file: ../system/src/diag/trace_impl.c
Invoking: Cross ARM C Compiler
arm-none-eabi-gcc -mcpu=cortex-m0 -mthumb -Og -fmessage-length=0 -fsigned-char -ffunction-sections -fdata-sections -ffreestanding -fno-move-loop-invariants -Wall -Wextra  -g3 -DDEBUG -DUSE_FULL_ASSERT -DSTM32F030 -DUSE_STDPERIPH_DRIVER -DHSE_VALUE=8000000 -I"../include" -I"../system/include" -I"../system/include/cmsis" -I"../system/include/stm32f0-stdperiph" -std=gnu11 -MMD -MP -MF"system/src/diag/trace_impl.d" -MT"system/src/diag/trace_impl.o" -c -o "system/src/diag/trace_impl.o" "../system/src/diag/trace_impl.c"
Finished building: ../system/src/diag/trace_impl.c
 
Building file: ../system/src/cortexm/_initialize_hardware.c
Invoking: Cross ARM C Compiler
arm-none-eabi-gcc -mcpu=cortex-m0 -mthumb -Og -fmessage-length=0 -fsigned-char -ffunction-sections -fdata-sections -ffreestanding -fno-move-loop-invariants -Wall -Wextra  -g3 -DDEBUG -DUSE_FULL_ASSERT -DSTM32F030 -DUSE_STDPERIPH_DRIVER -DHSE_VALUE=8000000 -I"../include" -I"../system/include" -I"../system/include/cmsis" -I"../system/include/stm32f0-stdperiph" -std=gnu11 -MMD -MP -MF"system/src/cortexm/_initialize_hardware.d" -MT"system/src/cortexm/_initialize_hardware.o" -c -o "system/src/cortexm/_initialize_hardware.o" "../system/src/cortexm/_initialize_hardware.c"
Finished building: ../system/src/cortexm/_initialize_hardware.c
 
Building file: ../system/src/cortexm/_reset_hardware.c
Invoking: Cross ARM C Compiler
arm-none-eabi-gcc -mcpu=cortex-m0 -mthumb -Og -fmessage-length=0 -fsigned-char -ffunction-sections -fdata-sections -ffreestanding -fno-move-loop-invariants -Wall -Wextra  -g3 -DDEBUG -DUSE_FULL_ASSERT -DSTM32F030 -DUSE_STDPERIPH_DRIVER -DHSE_VALUE=8000000 -I"../include" -I"../system/include" -I"../system/include/cmsis" -I"../system/include/stm32f0-stdperiph" -std=gnu11 -MMD -MP -MF"system/src/cortexm/_reset_hardware.d" -MT"system/src/cortexm/_reset_hardware.o" -c -o "system/src/cortexm/_reset_hardware.o" "../system/src/cortexm/_reset_hardware.c"
Finished building: ../system/src/cortexm/_reset_hardware.c
 
Building file: ../system/src/cortexm/exception_handlers.c
Invoking: Cross ARM C Compiler
arm-none-eabi-gcc -mcpu=cortex-m0 -mthumb -Og -fmessage-length=0 -fsigned-char -ffunction-sections -fdata-sections -ffreestanding -fno-move-loop-invariants -Wall -Wextra  -g3 -DDEBUG -DUSE_FULL_ASSERT -DSTM32F030 -DUSE_STDPERIPH_DRIVER -DHSE_VALUE=8000000 -I"../include" -I"../system/include" -I"../system/include/cmsis" -I"../system/include/stm32f0-stdperiph" -std=gnu11 -MMD -MP -MF"system/src/cortexm/exception_handlers.d" -MT"system/src/cortexm/exception_handlers.o" -c -o "system/src/cortexm/exception_handlers.o" "../system/src/cortexm/exception_handlers.c"
Finished building: ../system/src/cortexm/exception_handlers.c
 
Building file: ../system/src/cmsis/system_stm32f0xx.c
Invoking: Cross ARM C Compiler
arm-none-eabi-gcc -mcpu=cortex-m0 -mthumb -Og -fmessage-length=0 -fsigned-char -ffunction-sections -fdata-sections -ffreestanding -fno-move-loop-invariants -Wall -Wextra  -g3 -DDEBUG -DUSE_FULL_ASSERT -DSTM32F030 -DUSE_STDPERIPH_DRIVER -DHSE_VALUE=8000000 -I"../include" -I"../system/include" -I"../system/include/cmsis" -I"../system/include/stm32f0-stdperiph" -std=gnu11 -MMD -MP -MF"system/src/cmsis/system_stm32f0xx.d" -MT"system/src/cmsis/system_stm32f0xx.o" -c -o "system/src/cmsis/system_stm32f0xx.o" "../system/src/cmsis/system_stm32f0xx.c"
Finished building: ../system/src/cmsis/system_stm32f0xx.c
 
Building file: ../system/src/cmsis/vectors_stm32f0xx.c
Invoking: Cross ARM C Compiler
arm-none-eabi-gcc -mcpu=cortex-m0 -mthumb -Og -fmessage-length=0 -fsigned-char -ffunction-sections -fdata-sections -ffreestanding -fno-move-loop-invariants -Wall -Wextra  -g3 -DDEBUG -DUSE_FULL_ASSERT -DSTM32F030 -DUSE_STDPERIPH_DRIVER -DHSE_VALUE=8000000 -I"../include" -I"../system/include" -I"../system/include/cmsis" -I"../system/include/stm32f0-stdperiph" -std=gnu11 -MMD -MP -MF"system/src/cmsis/vectors_stm32f0xx.d" -MT"system/src/cmsis/vectors_stm32f0xx.o" -c -o "system/src/cmsis/vectors_stm32f0xx.o" "../system/src/cmsis/vectors_stm32f0xx.c"
Finished building: ../system/src/cmsis/vectors_stm32f0xx.c
 
Building file: ../src/Drivetrain.c
Invoking: Cross ARM C Compiler
arm-none-eabi-gcc -mcpu=cortex-m0 -mthumb -Og -fmessage-length=0 -fsigned-char -ffunction-sections -fdata-sections -ffreestanding -fno-move-loop-invariants -Wall -Wextra  -g3 -DDEBUG -DUSE_FULL_ASSERT -DSTM32F030 -DUSE_STDPERIPH_DRIVER -DHSE_VALUE=8000000 -I"../include" -I"../system/include" -I"../system/include/cmsis" -I"../system/include/stm32f0-stdperiph" -std=gnu11 -MMD -MP -MF"src/Drivetrain.d" -MT"src/Drivetrain.o" -c -o "src/Drivetrain.o" "../src/Drivetrain.c"
Finished building: ../src/Drivetrain.c
 
Building file: ../src/GPIO.c
Invoking: Cross ARM C Compiler
arm-none-eabi-gcc -mcpu=cortex-m0 -mthumb -Og -fmessage-length=0 -fsigned-char -ffunction-sections -fdata-sections -ffreestanding -fno-move-loop-invariants -Wall -Wextra  -g3 -DDEBUG -DUSE_FULL_ASSERT -DSTM32F030 -DUSE_STDPERIPH_DRIVER -DHSE_VALUE=8000000 -I"../include" -I"../system/include" -I"../system/include/cmsis" -I"../system/include/stm32f0-stdperiph" -std=gnu11 -MMD -MP -MF"src/GPIO.d" -MT"src/GPIO.o" -c -o "src/GPIO.o" "../src/GPIO.c"
Finished building: ../src/GPIO.c
 
Building file: ../src/GPIO_conf.c
Invoking: Cross ARM C Compiler
arm-none-eabi-gcc -mcpu=cortex-m0 -mthumb -Og -fmessage-length=0 -fsigned-char -ffunction-sections -fdata-sections -ffreestanding -fno-move-loop-invariants -Wall -Wextra  -g3 -DDEBUG -DUSE_FULL_ASSERT -DSTM32F030 -DUSE_STDPERIPH_DRIVER -DHSE_VALUE=8000000 -I"../include" -I"../system/include" -I"../system/include/cmsis" -I"../system/include/stm32f0-stdperiph" -std=gnu11 -MMD -MP -MF"src/GPIO_conf.d" -MT"src/GPIO_conf.o" -c -o "src/GPIO_conf.o" "../src/GPIO_conf.c"
Finished building: ../src/GPIO_conf.c
 
Building file: ../src/Wheel.c
Invoking: Cross ARM C Compiler
arm-none-eabi-gcc -mcpu=cortex-m0 -mthumb -Og -fmessage-length=0 -fsigned-char -ffunction-sections -fdata-sections -ffreestanding -fno-move-loop-invariants -Wall -Wextra  -g3 -DDEBUG -DUSE_FULL_ASSERT -DSTM32F030 -DUSE_STDPERIPH_DRIVER -DHSE_VALUE=8000000 -I"../include" -I"../system/include" -I"../system/include/cmsis" -I"../system/include/stm32f0-stdperiph" -std=gnu11 -MMD -MP -MF"src/Wheel.d" -MT"src/Wheel.o" -c -o "src/Wheel.o" "../src/Wheel.c"
Finished building: ../src/Wheel.c
 
Building file: ../src/WheelEncoder.c
Invoking: Cross ARM C Compiler
arm-none-eabi-gcc -mcpu=cortex-m0 -mthumb -Og -fmessage-length=0 -fsigned-char -ffunction-sections -fdata-sections -ffreestanding -fno-move-loop-invariants -Wall -Wextra  -g3 -DDEBUG -DUSE_FULL_ASSERT -DSTM32F030 -DUSE_STDPERIPH_DRIVER -DHSE_VALUE=8000000 -I"../include" -I"../system/include" -I"../system/include/cmsis" -I"../system/include/stm32f0-stdperiph" -std=gnu11 -MMD -MP -MF"src/WheelEncoder.d" -MT"src/WheelEncoder.o" -c -o "src/WheelEncoder.o" "../src/WheelEncoder.c"
Finished building: ../src/WheelEncoder.c
 
Building file: ../src/_write.c
Invoking: Cross ARM C Compiler
arm-none-eabi-gcc -mcpu=cortex-m0 -mthumb -Og -fmessage-length=0 -fsigned-char -ffunction-sections -fdata-sections -ffreestanding -fno-move-loop-invariants -Wall -Wextra  -g3 -DDEBUG -DUSE_FULL_ASSERT -DSTM32F030 -DUSE_STDPERIPH_DRIVER -DHSE_VALUE=8000000 -I"../include" -I"../system/include" -I"../system/include/cmsis" -I"../system/include/stm32f0-stdperiph" -std=gnu11 -MMD -MP -MF"src/_write.d" -MT"src/_write.o" -c -o "src/_write.o" "../src/_write.c"
Finished building: ../src/_write.c
 
Building file: ../src/main.c
Invoking: Cross ARM C Compiler
arm-none-eabi-gcc -mcpu=cortex-m0 -mthumb -Og -fmessage-length=0 -fsigned-char -ffunction-sections -fdata-sections -ffreestanding -fno-move-loop-invariants -Wall -Wextra  -g3 -DDEBUG -DUSE_FULL_ASSERT -DSTM32F030 -DUSE_STDPERIPH_DRIVER -DHSE_VALUE=8000000 -I"../include" -I"../system/include" -I"../system/include/cmsis" -I"../system/include/stm32f0-stdperiph" -std=gnu11 -MMD -MP -MF"src/main.d" -MT"src/main.o" -c -o "src/main.o" "../src/main.c"
Finished building: ../src/main.c
 
Building target: MotorTest1.elf
Invoking: Cross ARM C++ Linker
arm-none-eabi-g++ -mcpu=cortex-m0 -mthumb -Og -fmessage-length=0 -fsigned-char -ffunction-sections -fdata-sections -ffreestanding -fno-move-loop-invariants -Wall -Wextra  -g3 -T mem.ld -T libs.ld -T sections.ld -nostartfiles -Xlinker --gc-sections -L"../ldscripts" -Wl,-Map,"MotorTest1.map" --specs=nano.specs -o "MotorTest1.elf"  ./system/src/stm32f0-stdperiph/stm32f0xx_adc.o ./system/src/stm32f0-stdperiph/stm32f0xx_can.o ./system/src/stm32f0-stdperiph/stm32f0xx_cec.o ./system/src/stm32f0-stdperiph/stm32f0xx_comp.o ./system/src/stm32f0-stdperiph/stm32f0xx_crc.o ./system/src/stm32f0-stdperiph/stm32f0xx_crs.o ./system/src/stm32f0-stdperiph/stm32f0xx_dac.o ./system/src/stm32f0-stdperiph/stm32f0xx_dbgmcu.o ./system/src/stm32f0-stdperiph/stm32f0xx_dma.o ./system/src/stm32f0-stdperiph/stm32f0xx_exti.o ./system/src/stm32f0-stdperiph/stm32f0xx_flash.o ./system/src/stm32f0-stdperiph/stm32f0xx_gpio.o ./system/src/stm32f0-stdperiph/stm32f0xx_i2c.o ./system/src/stm32f0-stdperiph/stm32f0xx_iwdg.o ./system/src/stm32f0-stdperiph/stm32f0xx_misc.o ./system/src/stm32f0-stdperiph/stm32f0xx_pwr.o ./system/src/stm32f0-stdperiph/stm32f0xx_rcc.o ./system/src/stm32f0-stdperiph/stm32f0xx_rtc.o ./system/src/stm32f0-stdperiph/stm32f0xx_spi.o ./system/src/stm32f0-stdperiph/stm32f0xx_syscfg.o ./system/src/stm32f0-stdperiph/stm32f0xx_tim.o ./system/src/stm32f0-stdperiph/stm32f0xx_usart.o ./system/src/stm32f0-stdperiph/stm32f0xx_wwdg.o  ./system/src/newlib/_cxx.o ./system/src/newlib/_exit.o ./system/src/newlib/_sbrk.o ./system/src/newlib/_startup.o ./system/src/newlib/_syscalls.o ./system/src/newlib/assert.o  ./system/src/diag/Trace.o ./system/src/diag/trace_impl.o  ./system/src/cortexm/_initialize_hardware.o ./system/src/cortexm/_reset_hardware.o ./system/src/cortexm/exception_handlers.o  ./system/src/cmsis/system_stm32f0xx.o ./system/src/cmsis/vectors_stm32f0xx.o  ./src/Drivetrain.o ./src/GPIO.o ./src/GPIO_conf.o ./src/Wheel.o ./src/WheelEncoder.o ./src/_write.o ./src/main.o   
/usr/local/gcc-arm-none-eabi-5_3-2016q1/bin/../lib/gcc/arm-none-eabi/5.3.1/../../../../arm-none-eabi/lib/armv6-m/libg_nano.a(lib_a-writer.o): In function `_write_r':
writer.c:(.text._write_r+0x10): undefined reference to `_write'
/usr/local/gcc-arm-none-eabi-5_3-2016q1/bin/../lib/gcc/arm-none-eabi/5.3.1/../../../../arm-none-eabi/lib/armv6-m/libg_nano.a(lib_a-closer.o): In function `_close_r':
closer.c:(.text._close_r+0xc): undefined reference to `_close'
/usr/local/gcc-arm-none-eabi-5_3-2016q1/bin/../lib/gcc/arm-none-eabi/5.3.1/../../../../arm-none-eabi/lib/armv6-m/libg_nano.a(lib_a-lseekr.o): In function `_lseek_r':
lseekr.c:(.text._lseek_r+0x10): undefined reference to `_lseek'
/usr/local/gcc-arm-none-eabi-5_3-2016q1/bin/../lib/gcc/arm-none-eabi/5.3.1/../../../../arm-none-eabi/lib/armv6-m/libg_nano.a(lib_a-readr.o): In function `_read_r':
readr.c:(.text._read_r+0x10): undefined reference to `_read'
/usr/local/gcc-arm-none-eabi-5_3-2016q1/bin/../lib/gcc/arm-none-eabi/5.3.1/../../../../arm-none-eabi/lib/armv6-m/libg_nano.a(lib_a-fstatr.o): In function `_fstat_r':
fstatr.c:(.text._fstat_r+0xe): undefined reference to `_fstat'
/usr/local/gcc-arm-none-eabi-5_3-2016q1/bin/../lib/gcc/arm-none-eabi/5.3.1/../../../../arm-none-eabi/lib/armv6-m/libg_nano.a(lib_a-isattyr.o): In function `_isatty_r':
isattyr.c:(.text._isatty_r+0xc): undefined reference to `_isatty'
collect2: error: ld returned 1 exit status
make: *** [MotorTest1.elf] Error 1
16:20:32 **** Incremental Build of configuration Debug for project MotorTest1 ****
make all 
Building file: ../src/Wheel.c
Invoking: Cross ARM C Compiler
arm-none-eabi-gcc -mcpu=cortex-m0 -mthumb -Og -fmessage-length=0 -fsigned-char -ffunction-sections -fdata-sections -ffreestanding -fno-move-loop-invariants -Wall -Wextra  -g3 -DDEBUG -DUSE_FULL_ASSERT -DSTM32F030 -DUSE_STDPERIPH_DRIVER -DHSE_VALUE=8000000 -I"../include" -I"../system/include" -I"../system/include/cmsis" -I"../system/include/stm32f0-stdperiph" -std=gnu11 -MMD -MP -MF"src/Wheel.d" -MT"src/Wheel.o" -c -o "src/Wheel.o" "../src/Wheel.c"
Finished building: ../src/Wheel.c
 
Building target: MotorTest1.elf
Invoking: Cross ARM C++ Linker
arm-none-eabi-g++ -mcpu=cortex-m0 -mthumb -Og -fmessage-length=0 -fsigned-char -ffunction-sections -fdata-sections -ffreestanding -fno-move-loop-invariants -Wall -Wextra  -g3 -T mem.ld -T libs.ld -T sections.ld -nostartfiles -Xlinker --gc-sections -L"../ldscripts" -Wl,-Map,"MotorTest1.map" --specs=nano.specs -o "MotorTest1.elf"  ./system/src/stm32f0-stdperiph/stm32f0xx_adc.o ./system/src/stm32f0-stdperiph/stm32f0xx_can.o ./system/src/stm32f0-stdperiph/stm32f0xx_cec.o ./system/src/stm32f0-stdperiph/stm32f0xx_comp.o ./system/src/stm32f0-stdperiph/stm32f0xx_crc.o ./system/src/stm32f0-stdperiph/stm32f0xx_crs.o ./system/src/stm32f0-stdperiph/stm32f0xx_dac.o ./system/src/stm32f0-stdperiph/stm32f0xx_dbgmcu.o ./system/src/stm32f0-stdperiph/stm32f0xx_dma.o ./system/src/stm32f0-stdperiph/stm32f0xx_exti.o ./system/src/stm32f0-stdperiph/stm32f0xx_flash.o ./system/src/stm32f0-stdperiph/stm32f0xx_gpio.o ./system/src/stm32f0-stdperiph/stm32f0xx_i2c.o ./system/src/stm32f0-stdperiph/stm32f0xx_iwdg.o ./system/src/stm32f0-stdperiph/stm32f0xx_misc.o ./system/src/stm32f0-stdperiph/stm32f0xx_pwr.o ./system/src/stm32f0-stdperiph/stm32f0xx_rcc.o ./system/src/stm32f0-stdperiph/stm32f0xx_rtc.o ./system/src/stm32f0-stdperiph/stm32f0xx_spi.o ./system/src/stm32f0-stdperiph/stm32f0xx_syscfg.o ./system/src/stm32f0-stdperiph/stm32f0xx_tim.o ./system/src/stm32f0-stdperiph/stm32f0xx_usart.o ./system/src/stm32f0-stdperiph/stm32f0xx_wwdg.o  ./system/src/newlib/_cxx.o ./system/src/newlib/_exit.o ./system/src/newlib/_sbrk.o ./system/src/newlib/_startup.o ./system/src/newlib/_syscalls.o ./system/src/newlib/assert.o  ./system/src/diag/Trace.o ./system/src/diag/trace_impl.o  ./system/src/cortexm/_initialize_hardware.o ./system/src/cortexm/_reset_hardware.o ./system/src/cortexm/exception_handlers.o  ./system/src/cmsis/system_stm32f0xx.o ./system/src/cmsis/vectors_stm32f0xx.o  ./src/Drivetrain.o ./src/GPIO.o ./src/GPIO_conf.o ./src/Wheel.o ./src/WheelEncoder.o ./src/_write.o ./src/main.o   
Finished building target: MotorTest1.elf
 
Invoking: Cross ARM GNU Create Flash Image
arm-none-eabi-objcopy -O ihex "MotorTest1.elf"  "MotorTest1.hex"
Finished building: MotorTest1.hex
 
Invoking: Cross ARM GNU Print Size
arm-none-eabi-size --format=berkeley "MotorTest1.elf"
   text	   data	    bss	    dec	    hex	filename
   5400	     80	    276	   5756	   167c	MotorTest1.elf
Finished building: MotorTest1.siz
 
16:20:41 **** Incremental Build of configuration Debug for project MotorTest1 ****
make all 
Building file: ../src/Wheel.c
Invoking: Cross ARM C Compiler
arm-none-eabi-gcc -mcpu=cortex-m0 -mthumb -Og -fmessage-length=0 -fsigned-char -ffunction-sections -fdata-sections -ffreestanding -fno-move-loop-invariants -Wall -Wextra  -g3 -DDEBUG -DUSE_FULL_ASSERT -DSTM32F030 -DUSE_STDPERIPH_DRIVER -DHSE_VALUE=8000000 -I"../include" -I"../system/include" -I"../system/include/cmsis" -I"../system/include/stm32f0-stdperiph" -std=gnu11 -MMD -MP -MF"src/Wheel.d" -MT"src/Wheel.o" -c -o "src/Wheel.o" "../src/Wheel.c"
Finished building: ../src/Wheel.c
 
Building target: MotorTest1.elf
Invoking: Cross ARM C++ Linker
arm-none-eabi-g++ -mcpu=cortex-m0 -mthumb -Og -fmessage-length=0 -fsigned-char -ffunction-sections -fdata-sections -ffreestanding -fno-move-loop-invariants -Wall -Wextra  -g3 -T mem.ld -T libs.ld -T sections.ld -nostartfiles -Xlinker --gc-sections -L"../ldscripts" -Wl,-Map,"MotorTest1.map" --specs=nano.specs -o "MotorTest1.elf"  ./system/src/stm32f0-stdperiph/stm32f0xx_adc.o ./system/src/stm32f0-stdperiph/stm32f0xx_can.o ./system/src/stm32f0-stdperiph/stm32f0xx_cec.o ./system/src/stm32f0-stdperiph/stm32f0xx_comp.o ./system/src/stm32f0-stdperiph/stm32f0xx_crc.o ./system/src/stm32f0-stdperiph/stm32f0xx_crs.o ./system/src/stm32f0-stdperiph/stm32f0xx_dac.o ./system/src/stm32f0-stdperiph/stm32f0xx_dbgmcu.o ./system/src/stm32f0-stdperiph/stm32f0xx_dma.o ./system/src/stm32f0-stdperiph/stm32f0xx_exti.o ./system/src/stm32f0-stdperiph/stm32f0xx_flash.o ./system/src/stm32f0-stdperiph/stm32f0xx_gpio.o ./system/src/stm32f0-stdperiph/stm32f0xx_i2c.o ./system/src/stm32f0-stdperiph/stm32f0xx_iwdg.o ./system/src/stm32f0-stdperiph/stm32f0xx_misc.o ./system/src/stm32f0-stdperiph/stm32f0xx_pwr.o ./system/src/stm32f0-stdperiph/stm32f0xx_rcc.o ./system/src/stm32f0-stdperiph/stm32f0xx_rtc.o ./system/src/stm32f0-stdperiph/stm32f0xx_spi.o ./system/src/stm32f0-stdperiph/stm32f0xx_syscfg.o ./system/src/stm32f0-stdperiph/stm32f0xx_tim.o ./system/src/stm32f0-stdperiph/stm32f0xx_usart.o ./system/src/stm32f0-stdperiph/stm32f0xx_wwdg.o  ./system/src/newlib/_cxx.o ./system/src/newlib/_exit.o ./system/src/newlib/_sbrk.o ./system/src/newlib/_startup.o ./system/src/newlib/_syscalls.o ./system/src/newlib/assert.o  ./system/src/diag/Trace.o ./system/src/diag/trace_impl.o  ./system/src/cortexm/_initialize_hardware.o ./system/src/cortexm/_reset_hardware.o ./system/src/cortexm/exception_handlers.o  ./system/src/cmsis/system_stm32f0xx.o ./system/src/cmsis/vectors_stm32f0xx.o  ./src/Drivetrain.o ./src/GPIO.o ./src/GPIO_conf.o ./src/Wheel.o ./src/WheelEncoder.o ./src/_write.o ./src/main.o   
/usr/local/gcc-arm-none-eabi-5_3-2016q1/bin/../lib/gcc/arm-none-eabi/5.3.1/../../../../arm-none-eabi/lib/armv6-m/libg_nano.a(lib_a-writer.o): In function `_write_r':
writer.c:(.text._write_r+0x10): undefined reference to `_write'
/usr/local/gcc-arm-none-eabi-5_3-2016q1/bin/../lib/gcc/arm-none-eabi/5.3.1/../../../../arm-none-eabi/lib/armv6-m/libg_nano.a(lib_a-closer.o): In function `_close_r':
closer.c:(.text._close_r+0xc): undefined reference to `_close'
/usr/local/gcc-arm-none-eabi-5_3-2016q1/bin/../lib/gcc/arm-none-eabi/5.3.1/../../../../arm-none-eabi/lib/armv6-m/libg_nano.a(lib_a-lseekr.o): In function `_lseek_r':
lseekr.c:(.text._lseek_r+0x10): undefined reference to `_lseek'
/usr/local/gcc-arm-none-eabi-5_3-2016q1/bin/../lib/gcc/arm-none-eabi/5.3.1/../../../../arm-none-eabi/lib/armv6-m/libg_nano.a(lib_a-readr.o): In function `_read_r':
readr.c:(.text._read_r+0x10): undefined reference to `_read'
/usr/local/gcc-arm-none-eabi-5_3-2016q1/bin/../lib/gcc/arm-none-eabi/5.3.1/../../../../arm-none-eabi/lib/armv6-m/libg_nano.a(lib_a-fstatr.o): In function `_fstat_r':
fstatr.c:(.text._fstat_r+0xe): undefined reference to `_fstat'
/usr/local/gcc-arm-none-eabi-5_3-2016q1/bin/../lib/gcc/arm-none-eabi/5.3.1/../../../../arm-none-eabi/lib/armv6-m/libg_nano.a(lib_a-isattyr.o): In function `_isatty_r':
isattyr.c:(.text._isatty_r+0xc): undefined reference to `_isatty'
collect2: error: ld returned 1 exit status
make: *** [MotorTest1.elf] Error 1
16:22:19 **** Incremental Build of configuration Debug for project MotorTest1 ****
make all 
Building file: ../src/Wheel.c
Invoking: Cross ARM C Compiler
arm-none-eabi-gcc -mcpu=cortex-m0 -mthumb -Og -fmessage-length=0 -fsigned-char -ffunction-sections -fdata-sections -ffreestanding -fno-move-loop-invariants -Wall -Wextra  -g3 -DDEBUG -DUSE_FULL_ASSERT -DSTM32F030 -DUSE_STDPERIPH_DRIVER -DHSE_VALUE=8000000 -I"../include" -I"../system/include" -I"../system/include/cmsis" -I"../system/include/stm32f0-stdperiph" -std=gnu11 -MMD -MP -MF"src/Wheel.d" -MT"src/Wheel.o" -c -o "src/Wheel.o" "../src/Wheel.c"
Finished building: ../src/Wheel.c
 
Building target: MotorTest1.elf
Invoking: Cross ARM C++ Linker
arm-none-eabi-g++ -mcpu=cortex-m0 -mthumb -Og -fmessage-length=0 -fsigned-char -ffunction-sections -fdata-sections -ffreestanding -fno-move-loop-invariants -Wall -Wextra  -g3 -T mem.ld -T libs.ld -T sections.ld -nostartfiles -Xlinker --gc-sections -L"../ldscripts" -Wl,-Map,"MotorTest1.map" --specs=nano.specs -o "MotorTest1.elf"  ./system/src/stm32f0-stdperiph/stm32f0xx_adc.o ./system/src/stm32f0-stdperiph/stm32f0xx_can.o ./system/src/stm32f0-stdperiph/stm32f0xx_cec.o ./system/src/stm32f0-stdperiph/stm32f0xx_comp.o ./system/src/stm32f0-stdperiph/stm32f0xx_crc.o ./system/src/stm32f0-stdperiph/stm32f0xx_crs.o ./system/src/stm32f0-stdperiph/stm32f0xx_dac.o ./system/src/stm32f0-stdperiph/stm32f0xx_dbgmcu.o ./system/src/stm32f0-stdperiph/stm32f0xx_dma.o ./system/src/stm32f0-stdperiph/stm32f0xx_exti.o ./system/src/stm32f0-stdperiph/stm32f0xx_flash.o ./system/src/stm32f0-stdperiph/stm32f0xx_gpio.o ./system/src/stm32f0-stdperiph/stm32f0xx_i2c.o ./system/src/stm32f0-stdperiph/stm32f0xx_iwdg.o ./system/src/stm32f0-stdperiph/stm32f0xx_misc.o ./system/src/stm32f0-stdperiph/stm32f0xx_pwr.o ./system/src/stm32f0-stdperiph/stm32f0xx_rcc.o ./system/src/stm32f0-stdperiph/stm32f0xx_rtc.o ./system/src/stm32f0-stdperiph/stm32f0xx_spi.o ./system/src/stm32f0-stdperiph/stm32f0xx_syscfg.o ./system/src/stm32f0-stdperiph/stm32f0xx_tim.o ./system/src/stm32f0-stdperiph/stm32f0xx_usart.o ./system/src/stm32f0-stdperiph/stm32f0xx_wwdg.o  ./system/src/newlib/_cxx.o ./system/src/newlib/_exit.o ./system/src/newlib/_sbrk.o ./system/src/newlib/_startup.o ./system/src/newlib/_syscalls.o ./system/src/newlib/assert.o  ./system/src/diag/Trace.o ./system/src/diag/trace_impl.o  ./system/src/cortexm/_initialize_hardware.o ./system/src/cortexm/_reset_hardware.o ./system/src/cortexm/exception_handlers.o  ./system/src/cmsis/system_stm32f0xx.o ./system/src/cmsis/vectors_stm32f0xx.o  ./src/Drivetrain.o ./src/GPIO.o ./src/GPIO_conf.o ./src/Wheel.o ./src/WheelEncoder.o ./src/_write.o ./src/main.o   
/usr/local/gcc-arm-none-eabi-5_3-2016q1/bin/../lib/gcc/arm-none-eabi/5.3.1/../../../../arm-none-eabi/lib/armv6-m/libg_nano.a(lib_a-writer.o): In function `_write_r':
writer.c:(.text._write_r+0x10): undefined reference to `_write'
/usr/local/gcc-arm-none-eabi-5_3-2016q1/bin/../lib/gcc/arm-none-eabi/5.3.1/../../../../arm-none-eabi/lib/armv6-m/libg_nano.a(lib_a-closer.o): In function `_close_r':
closer.c:(.text._close_r+0xc): undefined reference to `_close'
/usr/local/gcc-arm-none-eabi-5_3-2016q1/bin/../lib/gcc/arm-none-eabi/5.3.1/../../../../arm-none-eabi/lib/armv6-m/libg_nano.a(lib_a-lseekr.o): In function `_lseek_r':
lseekr.c:(.text._lseek_r+0x10): undefined reference to `_lseek'
/usr/local/gcc-arm-none-eabi-5_3-2016q1/bin/../lib/gcc/arm-none-eabi/5.3.1/../../../../arm-none-eabi/lib/armv6-m/libg_nano.a(lib_a-readr.o): In function `_read_r':
readr.c:(.text._read_r+0x10): undefined reference to `_read'
/usr/local/gcc-arm-none-eabi-5_3-2016q1/bin/../lib/gcc/arm-none-eabi/5.3.1/../../../../arm-none-eabi/lib/armv6-m/libg_nano.a(lib_a-fstatr.o): In function `_fstat_r':
fstatr.c:(.text._fstat_r+0xe): undefined reference to `_fstat'
/usr/local/gcc-arm-none-eabi-5_3-2016q1/bin/../lib/gcc/arm-none-eabi/5.3.1/../../../../arm-none-eabi/lib/armv6-m/libg_nano.a(lib_a-isattyr.o): In function `_isatty_r':
isattyr.c:(.text._isatty_r+0xc): undefined reference to `_isatty'
collect2: error: ld returned 1 exit status
make: *** [MotorTest1.elf] Error 1
16:22:29 **** Incremental Build of configuration Debug for project MotorTest1 ****
make all 
Building file: ../src/Wheel.c
Invoking: Cross ARM C Compiler
arm-none-eabi-gcc -mcpu=cortex-m0 -mthumb -Og -fmessage-length=0 -fsigned-char -ffunction-sections -fdata-sections -ffreestanding -fno-move-loop-invariants -Wall -Wextra  -g3 -DDEBUG -DUSE_FULL_ASSERT -DSTM32F030 -DUSE_STDPERIPH_DRIVER -DHSE_VALUE=8000000 -I"../include" -I"../system/include" -I"../system/include/cmsis" -I"../system/include/stm32f0-stdperiph" -std=gnu11 -MMD -MP -MF"src/Wheel.d" -MT"src/Wheel.o" -c -o "src/Wheel.o" "../src/Wheel.c"
Finished building: ../src/Wheel.c
 
Building target: MotorTest1.elf
Invoking: Cross ARM C++ Linker
arm-none-eabi-g++ -mcpu=cortex-m0 -mthumb -Og -fmessage-length=0 -fsigned-char -ffunction-sections -fdata-sections -ffreestanding -fno-move-loop-invariants -Wall -Wextra  -g3 -T mem.ld -T libs.ld -T sections.ld -nostartfiles -Xlinker --gc-sections -L"../ldscripts" -Wl,-Map,"MotorTest1.map" --specs=nano.specs -o "MotorTest1.elf"  ./system/src/stm32f0-stdperiph/stm32f0xx_adc.o ./system/src/stm32f0-stdperiph/stm32f0xx_can.o ./system/src/stm32f0-stdperiph/stm32f0xx_cec.o ./system/src/stm32f0-stdperiph/stm32f0xx_comp.o ./system/src/stm32f0-stdperiph/stm32f0xx_crc.o ./system/src/stm32f0-stdperiph/stm32f0xx_crs.o ./system/src/stm32f0-stdperiph/stm32f0xx_dac.o ./system/src/stm32f0-stdperiph/stm32f0xx_dbgmcu.o ./system/src/stm32f0-stdperiph/stm32f0xx_dma.o ./system/src/stm32f0-stdperiph/stm32f0xx_exti.o ./system/src/stm32f0-stdperiph/stm32f0xx_flash.o ./system/src/stm32f0-stdperiph/stm32f0xx_gpio.o ./system/src/stm32f0-stdperiph/stm32f0xx_i2c.o ./system/src/stm32f0-stdperiph/stm32f0xx_iwdg.o ./system/src/stm32f0-stdperiph/stm32f0xx_misc.o ./system/src/stm32f0-stdperiph/stm32f0xx_pwr.o ./system/src/stm32f0-stdperiph/stm32f0xx_rcc.o ./system/src/stm32f0-stdperiph/stm32f0xx_rtc.o ./system/src/stm32f0-stdperiph/stm32f0xx_spi.o ./system/src/stm32f0-stdperiph/stm32f0xx_syscfg.o ./system/src/stm32f0-stdperiph/stm32f0xx_tim.o ./system/src/stm32f0-stdperiph/stm32f0xx_usart.o ./system/src/stm32f0-stdperiph/stm32f0xx_wwdg.o  ./system/src/newlib/_cxx.o ./system/src/newlib/_exit.o ./system/src/newlib/_sbrk.o ./system/src/newlib/_startup.o ./system/src/newlib/_syscalls.o ./system/src/newlib/assert.o  ./system/src/diag/Trace.o ./system/src/diag/trace_impl.o  ./system/src/cortexm/_initialize_hardware.o ./system/src/cortexm/_reset_hardware.o ./system/src/cortexm/exception_handlers.o  ./system/src/cmsis/system_stm32f0xx.o ./system/src/cmsis/vectors_stm32f0xx.o  ./src/Drivetrain.o ./src/GPIO.o ./src/GPIO_conf.o ./src/Wheel.o ./src/WheelEncoder.o ./src/_write.o ./src/main.o   
/usr/local/gcc-arm-none-eabi-5_3-2016q1/bin/../lib/gcc/arm-none-eabi/5.3.1/../../../../arm-none-eabi/lib/armv6-m/libg_nano.a(lib_a-writer.o): In function `_write_r':
writer.c:(.text._write_r+0x10): undefined reference to `_write'
/usr/local/gcc-arm-none-eabi-5_3-2016q1/bin/../lib/gcc/arm-none-eabi/5.3.1/../../../../arm-none-eabi/lib/armv6-m/libg_nano.a(lib_a-closer.o): In function `_close_r':
closer.c:(.text._close_r+0xc): undefined reference to `_close'
/usr/local/gcc-arm-none-eabi-5_3-2016q1/bin/../lib/gcc/arm-none-eabi/5.3.1/../../../../arm-none-eabi/lib/armv6-m/libg_nano.a(lib_a-lseekr.o): In function `_lseek_r':
lseekr.c:(.text._lseek_r+0x10): undefined reference to `_lseek'
/usr/local/gcc-arm-none-eabi-5_3-2016q1/bin/../lib/gcc/arm-none-eabi/5.3.1/../../../../arm-none-eabi/lib/armv6-m/libg_nano.a(lib_a-readr.o): In function `_read_r':
readr.c:(.text._read_r+0x10): undefined reference to `_read'
/usr/local/gcc-arm-none-eabi-5_3-2016q1/bin/../lib/gcc/arm-none-eabi/5.3.1/../../../../arm-none-eabi/lib/armv6-m/libg_nano.a(lib_a-fstatr.o): In function `_fstat_r':
fstatr.c:(.text._fstat_r+0xe): undefined reference to `_fstat'
/usr/local/gcc-arm-none-eabi-5_3-2016q1/bin/../lib/gcc/arm-none-eabi/5.3.1/../../../../arm-none-eabi/lib/armv6-m/libg_nano.a(lib_a-isattyr.o): In function `_isatty_r':
isattyr.c:(.text._isatty_r+0xc): undefined reference to `_isatty'
collect2: error: ld returned 1 exit status
make: *** [MotorTest1.elf] Error 1
16:22:54 **** Incremental Build of configuration Debug for project MotorTest1 ****
make all 
Building file: ../src/Wheel.c
Invoking: Cross ARM C Compiler
arm-none-eabi-gcc -mcpu=cortex-m0 -mthumb -Og -fmessage-length=0 -fsigned-char -ffunction-sections -fdata-sections -ffreestanding -fno-move-loop-invariants -Wall -Wextra  -g3 -DDEBUG -DUSE_FULL_ASSERT -DSTM32F030 -DUSE_STDPERIPH_DRIVER -DHSE_VALUE=8000000 -I"../include" -I"../system/include" -I"../system/include/cmsis" -I"../system/include/stm32f0-stdperiph" -std=gnu11 -MMD -MP -MF"src/Wheel.d" -MT"src/Wheel.o" -c -o "src/Wheel.o" "../src/Wheel.c"
Finished building: ../src/Wheel.c
 
Building target: MotorTest1.elf
Invoking: Cross ARM C++ Linker
arm-none-eabi-g++ -mcpu=cortex-m0 -mthumb -Og -fmessage-length=0 -fsigned-char -ffunction-sections -fdata-sections -ffreestanding -fno-move-loop-invariants -Wall -Wextra  -g3 -T mem.ld -T libs.ld -T sections.ld -nostartfiles -Xlinker --gc-sections -L"../ldscripts" -Wl,-Map,"MotorTest1.map" --specs=nano.specs -o "MotorTest1.elf"  ./system/src/stm32f0-stdperiph/stm32f0xx_adc.o ./system/src/stm32f0-stdperiph/stm32f0xx_can.o ./system/src/stm32f0-stdperiph/stm32f0xx_cec.o ./system/src/stm32f0-stdperiph/stm32f0xx_comp.o ./system/src/stm32f0-stdperiph/stm32f0xx_crc.o ./system/src/stm32f0-stdperiph/stm32f0xx_crs.o ./system/src/stm32f0-stdperiph/stm32f0xx_dac.o ./system/src/stm32f0-stdperiph/stm32f0xx_dbgmcu.o ./system/src/stm32f0-stdperiph/stm32f0xx_dma.o ./system/src/stm32f0-stdperiph/stm32f0xx_exti.o ./system/src/stm32f0-stdperiph/stm32f0xx_flash.o ./system/src/stm32f0-stdperiph/stm32f0xx_gpio.o ./system/src/stm32f0-stdperiph/stm32f0xx_i2c.o ./system/src/stm32f0-stdperiph/stm32f0xx_iwdg.o ./system/src/stm32f0-stdperiph/stm32f0xx_misc.o ./system/src/stm32f0-stdperiph/stm32f0xx_pwr.o ./system/src/stm32f0-stdperiph/stm32f0xx_rcc.o ./system/src/stm32f0-stdperiph/stm32f0xx_rtc.o ./system/src/stm32f0-stdperiph/stm32f0xx_spi.o ./system/src/stm32f0-stdperiph/stm32f0xx_syscfg.o ./system/src/stm32f0-stdperiph/stm32f0xx_tim.o ./system/src/stm32f0-stdperiph/stm32f0xx_usart.o ./system/src/stm32f0-stdperiph/stm32f0xx_wwdg.o  ./system/src/newlib/_cxx.o ./system/src/newlib/_exit.o ./system/src/newlib/_sbrk.o ./system/src/newlib/_startup.o ./system/src/newlib/_syscalls.o ./system/src/newlib/assert.o  ./system/src/diag/Trace.o ./system/src/diag/trace_impl.o  ./system/src/cortexm/_initialize_hardware.o ./system/src/cortexm/_reset_hardware.o ./system/src/cortexm/exception_handlers.o  ./system/src/cmsis/system_stm32f0xx.o ./system/src/cmsis/vectors_stm32f0xx.o  ./src/Drivetrain.o ./src/GPIO.o ./src/GPIO_conf.o ./src/Wheel.o ./src/WheelEncoder.o ./src/_write.o ./src/main.o   
Finished building target: MotorTest1.elf
 
Invoking: Cross ARM GNU Create Flash Image
arm-none-eabi-objcopy -O ihex "MotorTest1.elf"  "MotorTest1.hex"
Finished building: MotorTest1.hex
 
Invoking: Cross ARM GNU Print Size
arm-none-eabi-size --format=berkeley "MotorTest1.elf"
   text	   data	    bss	    dec	    hex	filename
   5400	     80	    276	   5756	   167c	MotorTest1.elf
Finished building: MotorTest1.siz
 
16:23:02 **** Incremental Build of configuration Debug for project MotorTest1 ****
make all 
Building file: ../src/Wheel.c
Invoking: Cross ARM C Compiler
arm-none-eabi-gcc -mcpu=cortex-m0 -mthumb -Og -fmessage-length=0 -fsigned-char -ffunction-sections -fdata-sections -ffreestanding -fno-move-loop-invariants -Wall -Wextra  -g3 -DDEBUG -DUSE_FULL_ASSERT -DSTM32F030 -DUSE_STDPERIPH_DRIVER -DHSE_VALUE=8000000 -I"../include" -I"../system/include" -I"../system/include/cmsis" -I"../system/include/stm32f0-stdperiph" -std=gnu11 -MMD -MP -MF"src/Wheel.d" -MT"src/Wheel.o" -c -o "src/Wheel.o" "../src/Wheel.c"
Finished building: ../src/Wheel.c
 
Building target: MotorTest1.elf
Invoking: Cross ARM C++ Linker
arm-none-eabi-g++ -mcpu=cortex-m0 -mthumb -Og -fmessage-length=0 -fsigned-char -ffunction-sections -fdata-sections -ffreestanding -fno-move-loop-invariants -Wall -Wextra  -g3 -T mem.ld -T libs.ld -T sections.ld -nostartfiles -Xlinker --gc-sections -L"../ldscripts" -Wl,-Map,"MotorTest1.map" --specs=nano.specs -o "MotorTest1.elf"  ./system/src/stm32f0-stdperiph/stm32f0xx_adc.o ./system/src/stm32f0-stdperiph/stm32f0xx_can.o ./system/src/stm32f0-stdperiph/stm32f0xx_cec.o ./system/src/stm32f0-stdperiph/stm32f0xx_comp.o ./system/src/stm32f0-stdperiph/stm32f0xx_crc.o ./system/src/stm32f0-stdperiph/stm32f0xx_crs.o ./system/src/stm32f0-stdperiph/stm32f0xx_dac.o ./system/src/stm32f0-stdperiph/stm32f0xx_dbgmcu.o ./system/src/stm32f0-stdperiph/stm32f0xx_dma.o ./system/src/stm32f0-stdperiph/stm32f0xx_exti.o ./system/src/stm32f0-stdperiph/stm32f0xx_flash.o ./system/src/stm32f0-stdperiph/stm32f0xx_gpio.o ./system/src/stm32f0-stdperiph/stm32f0xx_i2c.o ./system/src/stm32f0-stdperiph/stm32f0xx_iwdg.o ./system/src/stm32f0-stdperiph/stm32f0xx_misc.o ./system/src/stm32f0-stdperiph/stm32f0xx_pwr.o ./system/src/stm32f0-stdperiph/stm32f0xx_rcc.o ./system/src/stm32f0-stdperiph/stm32f0xx_rtc.o ./system/src/stm32f0-stdperiph/stm32f0xx_spi.o ./system/src/stm32f0-stdperiph/stm32f0xx_syscfg.o ./system/src/stm32f0-stdperiph/stm32f0xx_tim.o ./system/src/stm32f0-stdperiph/stm32f0xx_usart.o ./system/src/stm32f0-stdperiph/stm32f0xx_wwdg.o  ./system/src/newlib/_cxx.o ./system/src/newlib/_exit.o ./system/src/newlib/_sbrk.o ./system/src/newlib/_startup.o ./system/src/newlib/_syscalls.o ./system/src/newlib/assert.o  ./system/src/diag/Trace.o ./system/src/diag/trace_impl.o  ./system/src/cortexm/_initialize_hardware.o ./system/src/cortexm/_reset_hardware.o ./system/src/cortexm/exception_handlers.o  ./system/src/cmsis/system_stm32f0xx.o ./system/src/cmsis/vectors_stm32f0xx.o  ./src/Drivetrain.o ./src/GPIO.o ./src/GPIO_conf.o ./src/Wheel.o ./src/WheelEncoder.o ./src/_write.o ./src/main.o   
/usr/local/gcc-arm-none-eabi-5_3-2016q1/bin/../lib/gcc/arm-none-eabi/5.3.1/../../../../arm-none-eabi/lib/armv6-m/libg_nano.a(lib_a-writer.o): In function `_write_r':
writer.c:(.text._write_r+0x10): undefined reference to `_write'
/usr/local/gcc-arm-none-eabi-5_3-2016q1/bin/../lib/gcc/arm-none-eabi/5.3.1/../../../../arm-none-eabi/lib/armv6-m/libg_nano.a(lib_a-closer.o): In function `_close_r':
closer.c:(.text._close_r+0xc): undefined reference to `_close'
/usr/local/gcc-arm-none-eabi-5_3-2016q1/bin/../lib/gcc/arm-none-eabi/5.3.1/../../../../arm-none-eabi/lib/armv6-m/libg_nano.a(lib_a-lseekr.o): In function `_lseek_r':
lseekr.c:(.text._lseek_r+0x10): undefined reference to `_lseek'
/usr/local/gcc-arm-none-eabi-5_3-2016q1/bin/../lib/gcc/arm-none-eabi/5.3.1/../../../../arm-none-eabi/lib/armv6-m/libg_nano.a(lib_a-readr.o): In function `_read_r':
readr.c:(.text._read_r+0x10): undefined reference to `_read'
/usr/local/gcc-arm-none-eabi-5_3-2016q1/bin/../lib/gcc/arm-none-eabi/5.3.1/../../../../arm-none-eabi/lib/armv6-m/libg_nano.a(lib_a-fstatr.o): In function `_fstat_r':
fstatr.c:(.text._fstat_r+0xe): undefined reference to `_fstat'
/usr/local/gcc-arm-none-eabi-5_3-2016q1/bin/../lib/gcc/arm-none-eabi/5.3.1/../../../../arm-none-eabi/lib/armv6-m/libg_nano.a(lib_a-isattyr.o): In function `_isatty_r':
isattyr.c:(.text._isatty_r+0xc): undefined reference to `_isatty'
collect2: error: ld returned 1 exit status
make: *** [MotorTest1.elf] Error 1
16:23:09 **** Incremental Build of configuration Debug for project MotorTest1 ****
make all 
Building file: ../src/Wheel.c
Invoking: Cross ARM C Compiler
arm-none-eabi-gcc -mcpu=cortex-m0 -mthumb -Og -fmessage-length=0 -fsigned-char -ffunction-sections -fdata-sections -ffreestanding -fno-move-loop-invariants -Wall -Wextra  -g3 -DDEBUG -DUSE_FULL_ASSERT -DSTM32F030 -DUSE_STDPERIPH_DRIVER -DHSE_VALUE=8000000 -I"../include" -I"../system/include" -I"../system/include/cmsis" -I"../system/include/stm32f0-stdperiph" -std=gnu11 -MMD -MP -MF"src/Wheel.d" -MT"src/Wheel.o" -c -o "src/Wheel.o" "../src/Wheel.c"
Finished building: ../src/Wheel.c
 
Building target: MotorTest1.elf
Invoking: Cross ARM C++ Linker
arm-none-eabi-g++ -mcpu=cortex-m0 -mthumb -Og -fmessage-length=0 -fsigned-char -ffunction-sections -fdata-sections -ffreestanding -fno-move-loop-invariants -Wall -Wextra  -g3 -T mem.ld -T libs.ld -T sections.ld -nostartfiles -Xlinker --gc-sections -L"../ldscripts" -Wl,-Map,"MotorTest1.map" --specs=nano.specs -o "MotorTest1.elf"  ./system/src/stm32f0-stdperiph/stm32f0xx_adc.o ./system/src/stm32f0-stdperiph/stm32f0xx_can.o ./system/src/stm32f0-stdperiph/stm32f0xx_cec.o ./system/src/stm32f0-stdperiph/stm32f0xx_comp.o ./system/src/stm32f0-stdperiph/stm32f0xx_crc.o ./system/src/stm32f0-stdperiph/stm32f0xx_crs.o ./system/src/stm32f0-stdperiph/stm32f0xx_dac.o ./system/src/stm32f0-stdperiph/stm32f0xx_dbgmcu.o ./system/src/stm32f0-stdperiph/stm32f0xx_dma.o ./system/src/stm32f0-stdperiph/stm32f0xx_exti.o ./system/src/stm32f0-stdperiph/stm32f0xx_flash.o ./system/src/stm32f0-stdperiph/stm32f0xx_gpio.o ./system/src/stm32f0-stdperiph/stm32f0xx_i2c.o ./system/src/stm32f0-stdperiph/stm32f0xx_iwdg.o ./system/src/stm32f0-stdperiph/stm32f0xx_misc.o ./system/src/stm32f0-stdperiph/stm32f0xx_pwr.o ./system/src/stm32f0-stdperiph/stm32f0xx_rcc.o ./system/src/stm32f0-stdperiph/stm32f0xx_rtc.o ./system/src/stm32f0-stdperiph/stm32f0xx_spi.o ./system/src/stm32f0-stdperiph/stm32f0xx_syscfg.o ./system/src/stm32f0-stdperiph/stm32f0xx_tim.o ./system/src/stm32f0-stdperiph/stm32f0xx_usart.o ./system/src/stm32f0-stdperiph/stm32f0xx_wwdg.o  ./system/src/newlib/_cxx.o ./system/src/newlib/_exit.o ./system/src/newlib/_sbrk.o ./system/src/newlib/_startup.o ./system/src/newlib/_syscalls.o ./system/src/newlib/assert.o  ./system/src/diag/Trace.o ./system/src/diag/trace_impl.o  ./system/src/cortexm/_initialize_hardware.o ./system/src/cortexm/_reset_hardware.o ./system/src/cortexm/exception_handlers.o  ./system/src/cmsis/system_stm32f0xx.o ./system/src/cmsis/vectors_stm32f0xx.o  ./src/Drivetrain.o ./src/GPIO.o ./src/GPIO_conf.o ./src/Wheel.o ./src/WheelEncoder.o ./src/_write.o ./src/main.o   
Finished building target: MotorTest1.elf
 
Invoking: Cross ARM GNU Create Flash Image
arm-none-eabi-objcopy -O ihex "MotorTest1.elf"  "MotorTest1.hex"
Finished building: MotorTest1.hex
 
Invoking: Cross ARM GNU Print Size
arm-none-eabi-size --format=berkeley "MotorTest1.elf"
   text	   data	    bss	    dec	    hex	filename
   5400	     80	    276	   5756	   167c	MotorTest1.elf
Finished building: MotorTest1.siz
 
16:23:15 **** Incremental Build of configuration Debug for project MotorTest1 ****
make all 
Building file: ../src/Wheel.c
Invoking: Cross ARM C Compiler
arm-none-eabi-gcc -mcpu=cortex-m0 -mthumb -Og -fmessage-length=0 -fsigned-char -ffunction-sections -fdata-sections -ffreestanding -fno-move-loop-invariants -Wall -Wextra  -g3 -DDEBUG -DUSE_FULL_ASSERT -DSTM32F030 -DUSE_STDPERIPH_DRIVER -DHSE_VALUE=8000000 -I"../include" -I"../system/include" -I"../system/include/cmsis" -I"../system/include/stm32f0-stdperiph" -std=gnu11 -MMD -MP -MF"src/Wheel.d" -MT"src/Wheel.o" -c -o "src/Wheel.o" "../src/Wheel.c"
Finished building: ../src/Wheel.c
 
Building target: MotorTest1.elf
Invoking: Cross ARM C++ Linker
arm-none-eabi-g++ -mcpu=cortex-m0 -mthumb -Og -fmessage-length=0 -fsigned-char -ffunction-sections -fdata-sections -ffreestanding -fno-move-loop-invariants -Wall -Wextra  -g3 -T mem.ld -T libs.ld -T sections.ld -nostartfiles -Xlinker --gc-sections -L"../ldscripts" -Wl,-Map,"MotorTest1.map" --specs=nano.specs -o "MotorTest1.elf"  ./system/src/stm32f0-stdperiph/stm32f0xx_adc.o ./system/src/stm32f0-stdperiph/stm32f0xx_can.o ./system/src/stm32f0-stdperiph/stm32f0xx_cec.o ./system/src/stm32f0-stdperiph/stm32f0xx_comp.o ./system/src/stm32f0-stdperiph/stm32f0xx_crc.o ./system/src/stm32f0-stdperiph/stm32f0xx_crs.o ./system/src/stm32f0-stdperiph/stm32f0xx_dac.o ./system/src/stm32f0-stdperiph/stm32f0xx_dbgmcu.o ./system/src/stm32f0-stdperiph/stm32f0xx_dma.o ./system/src/stm32f0-stdperiph/stm32f0xx_exti.o ./system/src/stm32f0-stdperiph/stm32f0xx_flash.o ./system/src/stm32f0-stdperiph/stm32f0xx_gpio.o ./system/src/stm32f0-stdperiph/stm32f0xx_i2c.o ./system/src/stm32f0-stdperiph/stm32f0xx_iwdg.o ./system/src/stm32f0-stdperiph/stm32f0xx_misc.o ./system/src/stm32f0-stdperiph/stm32f0xx_pwr.o ./system/src/stm32f0-stdperiph/stm32f0xx_rcc.o ./system/src/stm32f0-stdperiph/stm32f0xx_rtc.o ./system/src/stm32f0-stdperiph/stm32f0xx_spi.o ./system/src/stm32f0-stdperiph/stm32f0xx_syscfg.o ./system/src/stm32f0-stdperiph/stm32f0xx_tim.o ./system/src/stm32f0-stdperiph/stm32f0xx_usart.o ./system/src/stm32f0-stdperiph/stm32f0xx_wwdg.o  ./system/src/newlib/_cxx.o ./system/src/newlib/_exit.o ./system/src/newlib/_sbrk.o ./system/src/newlib/_startup.o ./system/src/newlib/_syscalls.o ./system/src/newlib/assert.o  ./system/src/diag/Trace.o ./system/src/diag/trace_impl.o  ./system/src/cortexm/_initialize_hardware.o ./system/src/cortexm/_reset_hardware.o ./system/src/cortexm/exception_handlers.o  ./system/src/cmsis/system_stm32f0xx.o ./system/src/cmsis/vectors_stm32f0xx.o  ./src/Drivetrain.o ./src/GPIO.o ./src/GPIO_conf.o ./src/Wheel.o ./src/WheelEncoder.o ./src/_write.o ./src/main.o   
Finished building target: MotorTest1.elf
 
Invoking: Cross ARM GNU Create Flash Image
arm-none-eabi-objcopy -O ihex "MotorTest1.elf"  "MotorTest1.hex"
Finished building: MotorTest1.hex
 
Invoking: Cross ARM GNU Print Size
arm-none-eabi-size --format=berkeley "MotorTest1.elf"
   text	   data	    bss	    dec	    hex	filename
   5400	     80	    276	   5756	   167c	MotorTest1.elf
Finished building: MotorTest1.siz
 
16:23:27 **** Incremental Build of configuration Debug for project MotorTest1 ****
make all 
Invoking: Cross ARM GNU Print Size
arm-none-eabi-size --format=berkeley "MotorTest1.elf"
   text	   data	    bss	    dec	    hex	filename
   5400	     80	    276	   5756	   167c	MotorTest1.elf
Finished building: MotorTest1.siz
 
16:23:37 **** Incremental Build of configuration Debug for project MotorTest1 ****
make all 
Building file: ../src/Wheel.c
Invoking: Cross ARM C Compiler
arm-none-eabi-gcc -mcpu=cortex-m0 -mthumb -Og -fmessage-length=0 -fsigned-char -ffunction-sections -fdata-sections -ffreestanding -fno-move-loop-invariants -Wall -Wextra  -g3 -DDEBUG -DUSE_FULL_ASSERT -DSTM32F030 -DUSE_STDPERIPH_DRIVER -DHSE_VALUE=8000000 -I"../include" -I"../system/include" -I"../system/include/cmsis" -I"../system/include/stm32f0-stdperiph" -std=gnu11 -MMD -MP -MF"src/Wheel.d" -MT"src/Wheel.o" -c -o "src/Wheel.o" "../src/Wheel.c"
Finished building: ../src/Wheel.c
 
Building target: MotorTest1.elf
Invoking: Cross ARM C++ Linker
arm-none-eabi-g++ -mcpu=cortex-m0 -mthumb -Og -fmessage-length=0 -fsigned-char -ffunction-sections -fdata-sections -ffreestanding -fno-move-loop-invariants -Wall -Wextra  -g3 -T mem.ld -T libs.ld -T sections.ld -nostartfiles -Xlinker --gc-sections -L"../ldscripts" -Wl,-Map,"MotorTest1.map" --specs=nano.specs -o "MotorTest1.elf"  ./system/src/stm32f0-stdperiph/stm32f0xx_adc.o ./system/src/stm32f0-stdperiph/stm32f0xx_can.o ./system/src/stm32f0-stdperiph/stm32f0xx_cec.o ./system/src/stm32f0-stdperiph/stm32f0xx_comp.o ./system/src/stm32f0-stdperiph/stm32f0xx_crc.o ./system/src/stm32f0-stdperiph/stm32f0xx_crs.o ./system/src/stm32f0-stdperiph/stm32f0xx_dac.o ./system/src/stm32f0-stdperiph/stm32f0xx_dbgmcu.o ./system/src/stm32f0-stdperiph/stm32f0xx_dma.o ./system/src/stm32f0-stdperiph/stm32f0xx_exti.o ./system/src/stm32f0-stdperiph/stm32f0xx_flash.o ./system/src/stm32f0-stdperiph/stm32f0xx_gpio.o ./system/src/stm32f0-stdperiph/stm32f0xx_i2c.o ./system/src/stm32f0-stdperiph/stm32f0xx_iwdg.o ./system/src/stm32f0-stdperiph/stm32f0xx_misc.o ./system/src/stm32f0-stdperiph/stm32f0xx_pwr.o ./system/src/stm32f0-stdperiph/stm32f0xx_rcc.o ./system/src/stm32f0-stdperiph/stm32f0xx_rtc.o ./system/src/stm32f0-stdperiph/stm32f0xx_spi.o ./system/src/stm32f0-stdperiph/stm32f0xx_syscfg.o ./system/src/stm32f0-stdperiph/stm32f0xx_tim.o ./system/src/stm32f0-stdperiph/stm32f0xx_usart.o ./system/src/stm32f0-stdperiph/stm32f0xx_wwdg.o  ./system/src/newlib/_cxx.o ./system/src/newlib/_exit.o ./system/src/newlib/_sbrk.o ./system/src/newlib/_startup.o ./system/src/newlib/_syscalls.o ./system/src/newlib/assert.o  ./system/src/diag/Trace.o ./system/src/diag/trace_impl.o  ./system/src/cortexm/_initialize_hardware.o ./system/src/cortexm/_reset_hardware.o ./system/src/cortexm/exception_handlers.o  ./system/src/cmsis/system_stm32f0xx.o ./system/src/cmsis/vectors_stm32f0xx.o  ./src/Drivetrain.o ./src/GPIO.o ./src/GPIO_conf.o ./src/Wheel.o ./src/WheelEncoder.o ./src/_write.o ./src/main.o   
/usr/local/gcc-arm-none-eabi-5_3-2016q1/bin/../lib/gcc/arm-none-eabi/5.3.1/../../../../arm-none-eabi/lib/armv6-m/libg_nano.a(lib_a-writer.o): In function `_write_r':
writer.c:(.text._write_r+0x10): undefined reference to `_write'
/usr/local/gcc-arm-none-eabi-5_3-2016q1/bin/../lib/gcc/arm-none-eabi/5.3.1/../../../../arm-none-eabi/lib/armv6-m/libg_nano.a(lib_a-closer.o): In function `_close_r':
closer.c:(.text._close_r+0xc): undefined reference to `_close'
/usr/local/gcc-arm-none-eabi-5_3-2016q1/bin/../lib/gcc/arm-none-eabi/5.3.1/../../../../arm-none-eabi/lib/armv6-m/libg_nano.a(lib_a-lseekr.o): In function `_lseek_r':
lseekr.c:(.text._lseek_r+0x10): undefined reference to `_lseek'
/usr/local/gcc-arm-none-eabi-5_3-2016q1/bin/../lib/gcc/arm-none-eabi/5.3.1/../../../../arm-none-eabi/lib/armv6-m/libg_nano.a(lib_a-readr.o): In function `_read_r':
readr.c:(.text._read_r+0x10): undefined reference to `_read'
/usr/local/gcc-arm-none-eabi-5_3-2016q1/bin/../lib/gcc/arm-none-eabi/5.3.1/../../../../arm-none-eabi/lib/armv6-m/libg_nano.a(lib_a-fstatr.o): In function `_fstat_r':
fstatr.c:(.text._fstat_r+0xe): undefined reference to `_fstat'
/usr/local/gcc-arm-none-eabi-5_3-2016q1/bin/../lib/gcc/arm-none-eabi/5.3.1/../../../../arm-none-eabi/lib/armv6-m/libg_nano.a(lib_a-isattyr.o): In function `_isatty_r':
isattyr.c:(.text._isatty_r+0xc): undefined reference to `_isatty'
collect2: error: ld returned 1 exit status
make: *** [MotorTest1.elf] Error 1
16:23:47 **** Incremental Build of configuration Debug for project MotorTest1 ****
make all 
Building file: ../src/Wheel.c
Invoking: Cross ARM C Compiler
arm-none-eabi-gcc -mcpu=cortex-m0 -mthumb -Og -fmessage-length=0 -fsigned-char -ffunction-sections -fdata-sections -ffreestanding -fno-move-loop-invariants -Wall -Wextra  -g3 -DDEBUG -DUSE_FULL_ASSERT -DSTM32F030 -DUSE_STDPERIPH_DRIVER -DHSE_VALUE=8000000 -I"../include" -I"../system/include" -I"../system/include/cmsis" -I"../system/include/stm32f0-stdperiph" -std=gnu11 -MMD -MP -MF"src/Wheel.d" -MT"src/Wheel.o" -c -o "src/Wheel.o" "../src/Wheel.c"
Finished building: ../src/Wheel.c
 
Building target: MotorTest1.elf
Invoking: Cross ARM C++ Linker
arm-none-eabi-g++ -mcpu=cortex-m0 -mthumb -Og -fmessage-length=0 -fsigned-char -ffunction-sections -fdata-sections -ffreestanding -fno-move-loop-invariants -Wall -Wextra  -g3 -T mem.ld -T libs.ld -T sections.ld -nostartfiles -Xlinker --gc-sections -L"../ldscripts" -Wl,-Map,"MotorTest1.map" --specs=nano.specs -o "MotorTest1.elf"  ./system/src/stm32f0-stdperiph/stm32f0xx_adc.o ./system/src/stm32f0-stdperiph/stm32f0xx_can.o ./system/src/stm32f0-stdperiph/stm32f0xx_cec.o ./system/src/stm32f0-stdperiph/stm32f0xx_comp.o ./system/src/stm32f0-stdperiph/stm32f0xx_crc.o ./system/src/stm32f0-stdperiph/stm32f0xx_crs.o ./system/src/stm32f0-stdperiph/stm32f0xx_dac.o ./system/src/stm32f0-stdperiph/stm32f0xx_dbgmcu.o ./system/src/stm32f0-stdperiph/stm32f0xx_dma.o ./system/src/stm32f0-stdperiph/stm32f0xx_exti.o ./system/src/stm32f0-stdperiph/stm32f0xx_flash.o ./system/src/stm32f0-stdperiph/stm32f0xx_gpio.o ./system/src/stm32f0-stdperiph/stm32f0xx_i2c.o ./system/src/stm32f0-stdperiph/stm32f0xx_iwdg.o ./system/src/stm32f0-stdperiph/stm32f0xx_misc.o ./system/src/stm32f0-stdperiph/stm32f0xx_pwr.o ./system/src/stm32f0-stdperiph/stm32f0xx_rcc.o ./system/src/stm32f0-stdperiph/stm32f0xx_rtc.o ./system/src/stm32f0-stdperiph/stm32f0xx_spi.o ./system/src/stm32f0-stdperiph/stm32f0xx_syscfg.o ./system/src/stm32f0-stdperiph/stm32f0xx_tim.o ./system/src/stm32f0-stdperiph/stm32f0xx_usart.o ./system/src/stm32f0-stdperiph/stm32f0xx_wwdg.o  ./system/src/newlib/_cxx.o ./system/src/newlib/_exit.o ./system/src/newlib/_sbrk.o ./system/src/newlib/_startup.o ./system/src/newlib/_syscalls.o ./system/src/newlib/assert.o  ./system/src/diag/Trace.o ./system/src/diag/trace_impl.o  ./system/src/cortexm/_initialize_hardware.o ./system/src/cortexm/_reset_hardware.o ./system/src/cortexm/exception_handlers.o  ./system/src/cmsis/system_stm32f0xx.o ./system/src/cmsis/vectors_stm32f0xx.o  ./src/Drivetrain.o ./src/GPIO.o ./src/GPIO_conf.o ./src/Wheel.o ./src/WheelEncoder.o ./src/_write.o ./src/main.o   
Finished building target: MotorTest1.elf
 
Invoking: Cross ARM GNU Create Flash Image
arm-none-eabi-objcopy -O ihex "MotorTest1.elf"  "MotorTest1.hex"
Finished building: MotorTest1.hex
 
Invoking: Cross ARM GNU Print Size
arm-none-eabi-size --format=berkeley "MotorTest1.elf"
   text	   data	    bss	    dec	    hex	filename
   5400	     80	    276	   5756	   167c	MotorTest1.elf
Finished building: MotorTest1.siz
 
16:58:18 **** Incremental Build of configuration Debug for project MotorTest1 ****
make all 
Building file: ../src/Drivetrain.c
Invoking: Cross ARM C Compiler
arm-none-eabi-gcc -mcpu=cortex-m0 -mthumb -Og -fmessage-length=0 -fsigned-char -ffunction-sections -fdata-sections -ffreestanding -fno-move-loop-invariants -Wall -Wextra  -g3 -DDEBUG -DUSE_FULL_ASSERT -DSTM32F030 -DUSE_STDPERIPH_DRIVER -DHSE_VALUE=8000000 -I"../include" -I"../system/include" -I"../system/include/cmsis" -I"../system/include/stm32f0-stdperiph" -std=gnu11 -MMD -MP -MF"src/Drivetrain.d" -MT"src/Drivetrain.o" -c -o "src/Drivetrain.o" "../src/Drivetrain.c"
Finished building: ../src/Drivetrain.c
 
Building target: MotorTest1.elf
Invoking: Cross ARM C++ Linker
arm-none-eabi-g++ -mcpu=cortex-m0 -mthumb -Og -fmessage-length=0 -fsigned-char -ffunction-sections -fdata-sections -ffreestanding -fno-move-loop-invariants -Wall -Wextra  -g3 -T mem.ld -T libs.ld -T sections.ld -nostartfiles -Xlinker --gc-sections -L"../ldscripts" -Wl,-Map,"MotorTest1.map" --specs=nano.specs -o "MotorTest1.elf"  ./system/src/stm32f0-stdperiph/stm32f0xx_adc.o ./system/src/stm32f0-stdperiph/stm32f0xx_can.o ./system/src/stm32f0-stdperiph/stm32f0xx_cec.o ./system/src/stm32f0-stdperiph/stm32f0xx_comp.o ./system/src/stm32f0-stdperiph/stm32f0xx_crc.o ./system/src/stm32f0-stdperiph/stm32f0xx_crs.o ./system/src/stm32f0-stdperiph/stm32f0xx_dac.o ./system/src/stm32f0-stdperiph/stm32f0xx_dbgmcu.o ./system/src/stm32f0-stdperiph/stm32f0xx_dma.o ./system/src/stm32f0-stdperiph/stm32f0xx_exti.o ./system/src/stm32f0-stdperiph/stm32f0xx_flash.o ./system/src/stm32f0-stdperiph/stm32f0xx_gpio.o ./system/src/stm32f0-stdperiph/stm32f0xx_i2c.o ./system/src/stm32f0-stdperiph/stm32f0xx_iwdg.o ./system/src/stm32f0-stdperiph/stm32f0xx_misc.o ./system/src/stm32f0-stdperiph/stm32f0xx_pwr.o ./system/src/stm32f0-stdperiph/stm32f0xx_rcc.o ./system/src/stm32f0-stdperiph/stm32f0xx_rtc.o ./system/src/stm32f0-stdperiph/stm32f0xx_spi.o ./system/src/stm32f0-stdperiph/stm32f0xx_syscfg.o ./system/src/stm32f0-stdperiph/stm32f0xx_tim.o ./system/src/stm32f0-stdperiph/stm32f0xx_usart.o ./system/src/stm32f0-stdperiph/stm32f0xx_wwdg.o  ./system/src/newlib/_cxx.o ./system/src/newlib/_exit.o ./system/src/newlib/_sbrk.o ./system/src/newlib/_startup.o ./system/src/newlib/_syscalls.o ./system/src/newlib/assert.o  ./system/src/diag/Trace.o ./system/src/diag/trace_impl.o  ./system/src/cortexm/_initialize_hardware.o ./system/src/cortexm/_reset_hardware.o ./system/src/cortexm/exception_handlers.o  ./system/src/cmsis/system_stm32f0xx.o ./system/src/cmsis/vectors_stm32f0xx.o  ./src/Drivetrain.o ./src/GPIO.o ./src/GPIO_conf.o ./src/Wheel.o ./src/WheelEncoder.o ./src/_write.o ./src/main.o   
Finished building target: MotorTest1.elf
 
Invoking: Cross ARM GNU Create Flash Image
arm-none-eabi-objcopy -O ihex "MotorTest1.elf"  "MotorTest1.hex"
Finished building: MotorTest1.hex
 
Invoking: Cross ARM GNU Print Size
arm-none-eabi-size --format=berkeley "MotorTest1.elf"
   text	   data	    bss	    dec	    hex	filename
   5400	     80	    276	   5756	   167c	MotorTest1.elf
Finished building: MotorTest1.siz
 
17:00:55 **** Incremental Build of configuration Debug for project MotorTest1 ****
make all 
Building file: ../src/Drivetrain.c
Invoking: Cross ARM C Compiler
arm-none-eabi-gcc -mcpu=cortex-m0 -mthumb -Og -fmessage-length=0 -fsigned-char -ffunction-sections -fdata-sections -ffreestanding -fno-move-loop-invariants -Wall -Wextra  -g3 -DDEBUG -DUSE_FULL_ASSERT -DSTM32F030 -DUSE_STDPERIPH_DRIVER -DHSE_VALUE=8000000 -I"../include" -I"../system/include" -I"../system/include/cmsis" -I"../system/include/stm32f0-stdperiph" -std=gnu11 -MMD -MP -MF"src/Drivetrain.d" -MT"src/Drivetrain.o" -c -o "src/Drivetrain.o" "../src/Drivetrain.c"
Finished building: ../src/Drivetrain.c
 
Building target: MotorTest1.elf
Invoking: Cross ARM C++ Linker
arm-none-eabi-g++ -mcpu=cortex-m0 -mthumb -Og -fmessage-length=0 -fsigned-char -ffunction-sections -fdata-sections -ffreestanding -fno-move-loop-invariants -Wall -Wextra  -g3 -T mem.ld -T libs.ld -T sections.ld -nostartfiles -Xlinker --gc-sections -L"../ldscripts" -Wl,-Map,"MotorTest1.map" --specs=nano.specs -o "MotorTest1.elf"  ./system/src/stm32f0-stdperiph/stm32f0xx_adc.o ./system/src/stm32f0-stdperiph/stm32f0xx_can.o ./system/src/stm32f0-stdperiph/stm32f0xx_cec.o ./system/src/stm32f0-stdperiph/stm32f0xx_comp.o ./system/src/stm32f0-stdperiph/stm32f0xx_crc.o ./system/src/stm32f0-stdperiph/stm32f0xx_crs.o ./system/src/stm32f0-stdperiph/stm32f0xx_dac.o ./system/src/stm32f0-stdperiph/stm32f0xx_dbgmcu.o ./system/src/stm32f0-stdperiph/stm32f0xx_dma.o ./system/src/stm32f0-stdperiph/stm32f0xx_exti.o ./system/src/stm32f0-stdperiph/stm32f0xx_flash.o ./system/src/stm32f0-stdperiph/stm32f0xx_gpio.o ./system/src/stm32f0-stdperiph/stm32f0xx_i2c.o ./system/src/stm32f0-stdperiph/stm32f0xx_iwdg.o ./system/src/stm32f0-stdperiph/stm32f0xx_misc.o ./system/src/stm32f0-stdperiph/stm32f0xx_pwr.o ./system/src/stm32f0-stdperiph/stm32f0xx_rcc.o ./system/src/stm32f0-stdperiph/stm32f0xx_rtc.o ./system/src/stm32f0-stdperiph/stm32f0xx_spi.o ./system/src/stm32f0-stdperiph/stm32f0xx_syscfg.o ./system/src/stm32f0-stdperiph/stm32f0xx_tim.o ./system/src/stm32f0-stdperiph/stm32f0xx_usart.o ./system/src/stm32f0-stdperiph/stm32f0xx_wwdg.o  ./system/src/newlib/_cxx.o ./system/src/newlib/_exit.o ./system/src/newlib/_sbrk.o ./system/src/newlib/_startup.o ./system/src/newlib/_syscalls.o ./system/src/newlib/assert.o  ./system/src/diag/Trace.o ./system/src/diag/trace_impl.o  ./system/src/cortexm/_initialize_hardware.o ./system/src/cortexm/_reset_hardware.o ./system/src/cortexm/exception_handlers.o  ./system/src/cmsis/system_stm32f0xx.o ./system/src/cmsis/vectors_stm32f0xx.o  ./src/Drivetrain.o ./src/GPIO.o ./src/GPIO_conf.o ./src/Wheel.o ./src/WheelEncoder.o ./src/_write.o ./src/main.o   
Finished building target: MotorTest1.elf
 
Invoking: Cross ARM GNU Create Flash Image
arm-none-eabi-objcopy -O ihex "MotorTest1.elf"  "MotorTest1.hex"
Finished building: MotorTest1.hex
 
Invoking: Cross ARM GNU Print Size
arm-none-eabi-size --format=berkeley "MotorTest1.elf"
   text	   data	    bss	    dec	    hex	filename
   5400	     80	    276	   5756	   167c	MotorTest1.elf
Finished building: MotorTest1.siz
 
17:02:38 **** Incremental Build of configuration Debug for project MotorTest1 ****
make all 
Building file: ../src/Drivetrain.c
Invoking: Cross ARM C Compiler
arm-none-eabi-gcc -mcpu=cortex-m0 -mthumb -Og -fmessage-length=0 -fsigned-char -ffunction-sections -fdata-sections -ffreestanding -fno-move-loop-invariants -Wall -Wextra  -g3 -DDEBUG -DUSE_FULL_ASSERT -DSTM32F030 -DUSE_STDPERIPH_DRIVER -DHSE_VALUE=8000000 -I"../include" -I"../system/include" -I"../system/include/cmsis" -I"../system/include/stm32f0-stdperiph" -std=gnu11 -MMD -MP -MF"src/Drivetrain.d" -MT"src/Drivetrain.o" -c -o "src/Drivetrain.o" "../src/Drivetrain.c"
Finished building: ../src/Drivetrain.c
 
Building target: MotorTest1.elf
Invoking: Cross ARM C++ Linker
arm-none-eabi-g++ -mcpu=cortex-m0 -mthumb -Og -fmessage-length=0 -fsigned-char -ffunction-sections -fdata-sections -ffreestanding -fno-move-loop-invariants -Wall -Wextra  -g3 -T mem.ld -T libs.ld -T sections.ld -nostartfiles -Xlinker --gc-sections -L"../ldscripts" -Wl,-Map,"MotorTest1.map" --specs=nano.specs -o "MotorTest1.elf"  ./system/src/stm32f0-stdperiph/stm32f0xx_adc.o ./system/src/stm32f0-stdperiph/stm32f0xx_can.o ./system/src/stm32f0-stdperiph/stm32f0xx_cec.o ./system/src/stm32f0-stdperiph/stm32f0xx_comp.o ./system/src/stm32f0-stdperiph/stm32f0xx_crc.o ./system/src/stm32f0-stdperiph/stm32f0xx_crs.o ./system/src/stm32f0-stdperiph/stm32f0xx_dac.o ./system/src/stm32f0-stdperiph/stm32f0xx_dbgmcu.o ./system/src/stm32f0-stdperiph/stm32f0xx_dma.o ./system/src/stm32f0-stdperiph/stm32f0xx_exti.o ./system/src/stm32f0-stdperiph/stm32f0xx_flash.o ./system/src/stm32f0-stdperiph/stm32f0xx_gpio.o ./system/src/stm32f0-stdperiph/stm32f0xx_i2c.o ./system/src/stm32f0-stdperiph/stm32f0xx_iwdg.o ./system/src/stm32f0-stdperiph/stm32f0xx_misc.o ./system/src/stm32f0-stdperiph/stm32f0xx_pwr.o ./system/src/stm32f0-stdperiph/stm32f0xx_rcc.o ./system/src/stm32f0-stdperiph/stm32f0xx_rtc.o ./system/src/stm32f0-stdperiph/stm32f0xx_spi.o ./system/src/stm32f0-stdperiph/stm32f0xx_syscfg.o ./system/src/stm32f0-stdperiph/stm32f0xx_tim.o ./system/src/stm32f0-stdperiph/stm32f0xx_usart.o ./system/src/stm32f0-stdperiph/stm32f0xx_wwdg.o  ./system/src/newlib/_cxx.o ./system/src/newlib/_exit.o ./system/src/newlib/_sbrk.o ./system/src/newlib/_startup.o ./system/src/newlib/_syscalls.o ./system/src/newlib/assert.o  ./system/src/diag/Trace.o ./system/src/diag/trace_impl.o  ./system/src/cortexm/_initialize_hardware.o ./system/src/cortexm/_reset_hardware.o ./system/src/cortexm/exception_handlers.o  ./system/src/cmsis/system_stm32f0xx.o ./system/src/cmsis/vectors_stm32f0xx.o  ./src/Drivetrain.o ./src/GPIO.o ./src/GPIO_conf.o ./src/Wheel.o ./src/WheelEncoder.o ./src/_write.o ./src/main.o   
Finished building target: MotorTest1.elf
 
Invoking: Cross ARM GNU Create Flash Image
arm-none-eabi-objcopy -O ihex "MotorTest1.elf"  "MotorTest1.hex"
Finished building: MotorTest1.hex
 
Invoking: Cross ARM GNU Print Size
arm-none-eabi-size --format=berkeley "MotorTest1.elf"
   text	   data	    bss	    dec	    hex	filename
   5400	     80	    276	   5756	   167c	MotorTest1.elf
Finished building: MotorTest1.siz
 
17:03:33 **** Incremental Build of configuration Debug for project MotorTest1 ****
make all 
Invoking: Cross ARM GNU Print Size
arm-none-eabi-size --format=berkeley "MotorTest1.elf"
   text	   data	    bss	    dec	    hex	filename
   5400	     80	    276	   5756	   167c	MotorTest1.elf
Finished building: MotorTest1.siz
 
17:14:18 **** Incremental Build of configuration Debug for project MotorTest1 ****
make all 
Building file: ../src/Drivetrain.c
Invoking: Cross ARM C Compiler
[...]
Finished building target: MotorTest1.elf
 
Invoking: Cross ARM GNU Create Flash Image
arm-none-eabi-objcopy -O ihex "MotorTest1.elf"  "MotorTest1.hex"
Finished building: MotorTest1.hex
 
Invoking: Cross ARM GNU Print Size
arm-none-eabi-size --format=berkeley "MotorTest1.elf"
   text	   data	    bss	    dec	    hex	filename
   5400	     80	    276	   5756	   167c	MotorTest1.elf
Finished building: MotorTest1.siz
 
17:23:39 **** Incremental Build of configuration Debug for project MotorTest1 ****
make all 
Building file: ../src/Drivetrain.c
Invoking: Cross ARM C Compiler
arm-none-eabi-gcc -mcpu=cortex-m0 -mthumb -Og -fmessage-length=0 -fsigned-char -ffunction-sections -fdata-sections -ffreestanding -fno-move-loop-invariants -Wall -Wextra  -g3 -DDEBUG -DUSE_FULL_ASSERT -DSTM32F030 -DUSE_STDPERIPH_DRIVER -DHSE_VALUE=8000000 -I"../include" -I"../system/include" -I"../system/include/cmsis" -I"../system/include/stm32f0-stdperiph" -std=gnu11 -MMD -MP -MF"src/Drivetrain.d" -MT"src/Drivetrain.o" -c -o "src/Drivetrain.o" "../src/Drivetrain.c"
Finished building: ../src/Drivetrain.c
 
Building target: MotorTest1.elf
Invoking: Cross ARM C++ Linker
arm-none-eabi-g++ -mcpu=cortex-m0 -mthumb -Og -fmessage-length=0 -fsigned-char -ffunction-sections -fdata-sections -ffreestanding -fno-move-loop-invariants -Wall -Wextra  -g3 -T mem.ld -T libs.ld -T sections.ld -nostartfiles -Xlinker --gc-sections -L"../ldscripts" -Wl,-Map,"MotorTest1.map" --specs=nano.specs -o "MotorTest1.elf"  ./system/src/stm32f0-stdperiph/stm32f0xx_adc.o ./system/src/stm32f0-stdperiph/stm32f0xx_can.o ./system/src/stm32f0-stdperiph/stm32f0xx_cec.o ./system/src/stm32f0-stdperiph/stm32f0xx_comp.o ./system/src/stm32f0-stdperiph/stm32f0xx_crc.o ./system/src/stm32f0-stdperiph/stm32f0xx_crs.o ./system/src/stm32f0-stdperiph/stm32f0xx_dac.o ./system/src/stm32f0-stdperiph/stm32f0xx_dbgmcu.o ./system/src/stm32f0-stdperiph/stm32f0xx_dma.o ./system/src/stm32f0-stdperiph/stm32f0xx_exti.o ./system/src/stm32f0-stdperiph/stm32f0xx_flash.o ./system/src/stm32f0-stdperiph/stm32f0xx_gpio.o ./system/src/stm32f0-stdperiph/stm32f0xx_i2c.o ./system/src/stm32f0-stdperiph/stm32f0xx_iwdg.o ./system/src/stm32f0-stdperiph/stm32f0xx_misc.o ./system/src/stm32f0-stdperiph/stm32f0xx_pwr.o ./system/src/stm32f0-stdperiph/stm32f0xx_rcc.o ./system/src/stm32f0-stdperiph/stm32f0xx_rtc.o ./system/src/stm32f0-stdperiph/stm32f0xx_spi.o ./system/src/stm32f0-stdperiph/stm32f0xx_syscfg.o ./system/src/stm32f0-stdperiph/stm32f0xx_tim.o ./system/src/stm32f0-stdperiph/stm32f0xx_usart.o ./system/src/stm32f0-stdperiph/stm32f0xx_wwdg.o  ./system/src/newlib/_cxx.o ./system/src/newlib/_exit.o ./system/src/newlib/_sbrk.o ./system/src/newlib/_startup.o ./system/src/newlib/_syscalls.o ./system/src/newlib/assert.o  ./system/src/diag/Trace.o ./system/src/diag/trace_impl.o  ./system/src/cortexm/_initialize_hardware.o ./system/src/cortexm/_reset_hardware.o ./system/src/cortexm/exception_handlers.o  ./system/src/cmsis/system_stm32f0xx.o ./system/src/cmsis/vectors_stm32f0xx.o  ./src/Drivetrain.o ./src/GPIO.o ./src/GPIO_conf.o ./src/Wheel.o ./src/WheelEncoder.o ./src/_write.o ./src/main.o   
Finished building target: MotorTest1.elf
 
Invoking: Cross ARM GNU Create Flash Image
arm-none-eabi-objcopy -O ihex "MotorTest1.elf"  "MotorTest1.hex"
Finished building: MotorTest1.hex
 
Invoking: Cross ARM GNU Print Size
arm-none-eabi-size --format=berkeley "MotorTest1.elf"
   text	   data	    bss	    dec	    hex	filename
   5400	     80	    276	   5756	   167c	MotorTest1.elf
Finished building: MotorTest1.siz
 
17:23:50 **** Incremental Build of configuration Debug for project MotorTest1 ****
make all 
Building file: ../src/Drivetrain.c
Invoking: Cross ARM C Compiler
arm-none-eabi-gcc -mcpu=cortex-m0 -mthumb -Og -fmessage-length=0 -fsigned-char -ffunction-sections -fdata-sections -ffreestanding -fno-move-loop-invariants -Wall -Wextra  -g3 -DDEBUG -DUSE_FULL_ASSERT -DSTM32F030 -DUSE_STDPERIPH_DRIVER -DHSE_VALUE=8000000 -I"../include" -I"../system/include" -I"../system/include/cmsis" -I"../system/include/stm32f0-stdperiph" -std=gnu11 -MMD -MP -MF"src/Drivetrain.d" -MT"src/Drivetrain.o" -c -o "src/Drivetrain.o" "../src/Drivetrain.c"
Finished building: ../src/Drivetrain.c
 
Building target: MotorTest1.elf
Invoking: Cross ARM C++ Linker
arm-none-eabi-g++ -mcpu=cortex-m0 -mthumb -Og -fmessage-length=0 -fsigned-char -ffunction-sections -fdata-sections -ffreestanding -fno-move-loop-invariants -Wall -Wextra  -g3 -T mem.ld -T libs.ld -T sections.ld -nostartfiles -Xlinker --gc-sections -L"../ldscripts" -Wl,-Map,"MotorTest1.map" --specs=nano.specs -o "MotorTest1.elf"  ./system/src/stm32f0-stdperiph/stm32f0xx_adc.o ./system/src/stm32f0-stdperiph/stm32f0xx_can.o ./system/src/stm32f0-stdperiph/stm32f0xx_cec.o ./system/src/stm32f0-stdperiph/stm32f0xx_comp.o ./system/src/stm32f0-stdperiph/stm32f0xx_crc.o ./system/src/stm32f0-stdperiph/stm32f0xx_crs.o ./system/src/stm32f0-stdperiph/stm32f0xx_dac.o ./system/src/stm32f0-stdperiph/stm32f0xx_dbgmcu.o ./system/src/stm32f0-stdperiph/stm32f0xx_dma.o ./system/src/stm32f0-stdperiph/stm32f0xx_exti.o ./system/src/stm32f0-stdperiph/stm32f0xx_flash.o ./system/src/stm32f0-stdperiph/stm32f0xx_gpio.o ./system/src/stm32f0-stdperiph/stm32f0xx_i2c.o ./system/src/stm32f0-stdperiph/stm32f0xx_iwdg.o ./system/src/stm32f0-stdperiph/stm32f0xx_misc.o ./system/src/stm32f0-stdperiph/stm32f0xx_pwr.o ./system/src/stm32f0-stdperiph/stm32f0xx_rcc.o ./system/src/stm32f0-stdperiph/stm32f0xx_rtc.o ./system/src/stm32f0-stdperiph/stm32f0xx_spi.o ./system/src/stm32f0-stdperiph/stm32f0xx_syscfg.o ./system/src/stm32f0-stdperiph/stm32f0xx_tim.o ./system/src/stm32f0-stdperiph/stm32f0xx_usart.o ./system/src/stm32f0-stdperiph/stm32f0xx_wwdg.o  ./system/src/newlib/_cxx.o ./system/src/newlib/_exit.o ./system/src/newlib/_sbrk.o ./system/src/newlib/_startup.o ./system/src/newlib/_syscalls.o ./system/src/newlib/assert.o  ./system/src/diag/Trace.o ./system/src/diag/trace_impl.o  ./system/src/cortexm/_initialize_hardware.o ./system/src/cortexm/_reset_hardware.o ./system/src/cortexm/exception_handlers.o  ./system/src/cmsis/system_stm32f0xx.o ./system/src/cmsis/vectors_stm32f0xx.o  ./src/Drivetrain.o ./src/GPIO.o ./src/GPIO_conf.o ./src/Wheel.o ./src/WheelEncoder.o ./src/_write.o ./src/main.o   
Finished building target: MotorTest1.elf
 
Invoking: Cross ARM GNU Create Flash Image
arm-none-eabi-objcopy -O ihex "MotorTest1.elf"  "MotorTest1.hex"
Finished building: MotorTest1.hex
 
Invoking: Cross ARM GNU Print Size
arm-none-eabi-size --format=berkeley "MotorTest1.elf"
   text	   data	    bss	    dec	    hex	filename
   5400	     80	    276	   5756	   167c	MotorTest1.elf
Finished building: MotorTest1.siz
 
17:25:40 **** Incremental Build of configuration Debug for project MotorTest1 ****
make all 
Building file: ../src/Drivetrain.c
Invoking: Cross ARM C Compiler
arm-none-eabi-gcc -mcpu=cortex-m0 -mthumb -Og -fmessage-length=0 -fsigned-char -ffunction-sections -fdata-sections -ffreestanding -fno-move-loop-invariants -Wall -Wextra  -g3 -DDEBUG -DUSE_FULL_ASSERT -DSTM32F030 -DUSE_STDPERIPH_DRIVER -DHSE_VALUE=8000000 -I"../include" -I"../system/include" -I"../system/include/cmsis" -I"../system/include/stm32f0-stdperiph" -std=gnu11 -MMD -MP -MF"src/Drivetrain.d" -MT"src/Drivetrain.o" -c -o "src/Drivetrain.o" "../src/Drivetrain.c"
Finished building: ../src/Drivetrain.c
 
Building target: MotorTest1.elf
Invoking: Cross ARM C++ Linker
arm-none-eabi-g++ -mcpu=cortex-m0 -mthumb -Og -fmessage-length=0 -fsigned-char -ffunction-sections -fdata-sections -ffreestanding -fno-move-loop-invariants -Wall -Wextra  -g3 -T mem.ld -T libs.ld -T sections.ld -nostartfiles -Xlinker --gc-sections -L"../ldscripts" -Wl,-Map,"MotorTest1.map" --specs=nano.specs -o "MotorTest1.elf"  ./system/src/stm32f0-stdperiph/stm32f0xx_adc.o ./system/src/stm32f0-stdperiph/stm32f0xx_can.o ./system/src/stm32f0-stdperiph/stm32f0xx_cec.o ./system/src/stm32f0-stdperiph/stm32f0xx_comp.o ./system/src/stm32f0-stdperiph/stm32f0xx_crc.o ./system/src/stm32f0-stdperiph/stm32f0xx_crs.o ./system/src/stm32f0-stdperiph/stm32f0xx_dac.o ./system/src/stm32f0-stdperiph/stm32f0xx_dbgmcu.o ./system/src/stm32f0-stdperiph/stm32f0xx_dma.o ./system/src/stm32f0-stdperiph/stm32f0xx_exti.o ./system/src/stm32f0-stdperiph/stm32f0xx_flash.o ./system/src/stm32f0-stdperiph/stm32f0xx_gpio.o ./system/src/stm32f0-stdperiph/stm32f0xx_i2c.o ./system/src/stm32f0-stdperiph/stm32f0xx_iwdg.o ./system/src/stm32f0-stdperiph/stm32f0xx_misc.o ./system/src/stm32f0-stdperiph/stm32f0xx_pwr.o ./system/src/stm32f0-stdperiph/stm32f0xx_rcc.o ./system/src/stm32f0-stdperiph/stm32f0xx_rtc.o ./system/src/stm32f0-stdperiph/stm32f0xx_spi.o ./system/src/stm32f0-stdperiph/stm32f0xx_syscfg.o ./system/src/stm32f0-stdperiph/stm32f0xx_tim.o ./system/src/stm32f0-stdperiph/stm32f0xx_usart.o ./system/src/stm32f0-stdperiph/stm32f0xx_wwdg.o  ./system/src/newlib/_cxx.o ./system/src/newlib/_exit.o ./system/src/newlib/_sbrk.o ./system/src/newlib/_startup.o ./system/src/newlib/_syscalls.o ./system/src/newlib/assert.o  ./system/src/diag/Trace.o ./system/src/diag/trace_impl.o  ./system/src/cortexm/_initialize_hardware.o ./system/src/cortexm/_reset_hardware.o ./system/src/cortexm/exception_handlers.o  ./system/src/cmsis/system_stm32f0xx.o ./system/src/cmsis/vectors_stm32f0xx.o  ./src/Drivetrain.o ./src/GPIO.o ./src/GPIO_conf.o ./src/Wheel.o ./src/WheelEncoder.o ./src/_write.o ./src/main.o   
Finished building target: MotorTest1.elf
 
Invoking: Cross ARM GNU Create Flash Image
arm-none-eabi-objcopy -O ihex "MotorTest1.elf"  "MotorTest1.hex"
Finished building: MotorTest1.hex
 
Invoking: Cross ARM GNU Print Size
arm-none-eabi-size --format=berkeley "MotorTest1.elf"
   text	   data	    bss	    dec	    hex	filename
   5400	     80	    276	   5756	   167c	MotorTest1.elf
Finished building: MotorTest1.siz
 
17:32:59 **** Incremental Build of configuration Debug for project MotorTest1 ****
make all 
Building file: ../src/Drivetrain.c
Invoking: Cross ARM C Compiler
arm-none-eabi-gcc -mcpu=cortex-m0 -mthumb -Og -fmessage-length=0 -fsigned-char -ffunction-sections -fdata-sections -ffreestanding -fno-move-loop-invariants -Wall -Wextra  -g3 -DDEBUG -DUSE_FULL_ASSERT -DSTM32F030 -DUSE_STDPERIPH_DRIVER -DHSE_VALUE=8000000 -I"../include" -I"../system/include" -I"../system/include/cmsis" -I"../system/include/stm32f0-stdperiph" -std=gnu11 -MMD -MP -MF"src/Drivetrain.d" -MT"src/Drivetrain.o" -c -o "src/Drivetrain.o" "../src/Drivetrain.c"
Finished building: ../src/Drivetrain.c
 
Building target: MotorTest1.elf
Invoking: Cross ARM C++ Linker
arm-none-eabi-g++ -mcpu=cortex-m0 -mthumb -Og -fmessage-length=0 -fsigned-char -ffunction-sections -fdata-sections -ffreestanding -fno-move-loop-invariants -Wall -Wextra  -g3 -T mem.ld -T libs.ld -T sections.ld -nostartfiles -Xlinker --gc-sections -L"../ldscripts" -Wl,-Map,"MotorTest1.map" --specs=nano.specs -o "MotorTest1.elf"  ./system/src/stm32f0-stdperiph/stm32f0xx_adc.o ./system/src/stm32f0-stdperiph/stm32f0xx_can.o ./system/src/stm32f0-stdperiph/stm32f0xx_cec.o ./system/src/stm32f0-stdperiph/stm32f0xx_comp.o ./system/src/stm32f0-stdperiph/stm32f0xx_crc.o ./system/src/stm32f0-stdperiph/stm32f0xx_crs.o ./system/src/stm32f0-stdperiph/stm32f0xx_dac.o ./system/src/stm32f0-stdperiph/stm32f0xx_dbgmcu.o ./system/src/stm32f0-stdperiph/stm32f0xx_dma.o ./system/src/stm32f0-stdperiph/stm32f0xx_exti.o ./system/src/stm32f0-stdperiph/stm32f0xx_flash.o ./system/src/stm32f0-stdperiph/stm32f0xx_gpio.o ./system/src/stm32f0-stdperiph/stm32f0xx_i2c.o ./system/src/stm32f0-stdperiph/stm32f0xx_iwdg.o ./system/src/stm32f0-stdperiph/stm32f0xx_misc.o ./system/src/stm32f0-stdperiph/stm32f0xx_pwr.o ./system/src/stm32f0-stdperiph/stm32f0xx_rcc.o ./system/src/stm32f0-stdperiph/stm32f0xx_rtc.o ./system/src/stm32f0-stdperiph/stm32f0xx_spi.o ./system/src/stm32f0-stdperiph/stm32f0xx_syscfg.o ./system/src/stm32f0-stdperiph/stm32f0xx_tim.o ./system/src/stm32f0-stdperiph/stm32f0xx_usart.o ./system/src/stm32f0-stdperiph/stm32f0xx_wwdg.o  ./system/src/newlib/_cxx.o ./system/src/newlib/_exit.o ./system/src/newlib/_sbrk.o ./system/src/newlib/_startup.o ./system/src/newlib/_syscalls.o ./system/src/newlib/assert.o  ./system/src/diag/Trace.o ./system/src/diag/trace_impl.o  ./system/src/cortexm/_initialize_hardware.o ./system/src/cortexm/_reset_hardware.o ./system/src/cortexm/exception_handlers.o  ./system/src/cmsis/system_stm32f0xx.o ./system/src/cmsis/vectors_stm32f0xx.o  ./src/Drivetrain.o ./src/GPIO.o ./src/GPIO_conf.o ./src/Wheel.o ./src/WheelEncoder.o ./src/_write.o ./src/main.o   
Finished building target: MotorTest1.elf
 
Invoking: Cross ARM GNU Create Flash Image
arm-none-eabi-objcopy -O ihex "MotorTest1.elf"  "MotorTest1.hex"
Finished building: MotorTest1.hex
 
Invoking: Cross ARM GNU Print Size
arm-none-eabi-size --format=berkeley "MotorTest1.elf"
   text	   data	    bss	    dec	    hex	filename
   5400	     80	    276	   5756	   167c	MotorTest1.elf
Finished building: MotorTest1.siz
 
17:38:47 **** Incremental Build of configuration Debug for project MotorTest1 ****
make all 
Building file: ../src/Drivetrain.c
Invoking: Cross ARM C Compiler
arm-none-eabi-gcc -mcpu=cortex-m0 -mthumb -Og -fmessage-length=0 -fsigned-char -ffunction-sections -fdata-sections -ffreestanding -fno-move-loop-invariants -Wall -Wextra  -g3 -DDEBUG -DUSE_FULL_ASSERT -DSTM32F030 -DUSE_STDPERIPH_DRIVER -DHSE_VALUE=8000000 -I"../include" -I"../system/include" -I"../system/include/cmsis" -I"../system/include/stm32f0-stdperiph" -std=gnu11 -MMD -MP -MF"src/Drivetrain.d" -MT"src/Drivetrain.o" -c -o "src/Drivetrain.o" "../src/Drivetrain.c"
Finished building: ../src/Drivetrain.c
 
Building target: MotorTest1.elf
Invoking: Cross ARM C++ Linker
arm-none-eabi-g++ -mcpu=cortex-m0 -mthumb -Og -fmessage-length=0 -fsigned-char -ffunction-sections -fdata-sections -ffreestanding -fno-move-loop-invariants -Wall -Wextra  -g3 -T mem.ld -T libs.ld -T sections.ld -nostartfiles -Xlinker --gc-sections -L"../ldscripts" -Wl,-Map,"MotorTest1.map" --specs=nano.specs -o "MotorTest1.elf"  ./system/src/stm32f0-stdperiph/stm32f0xx_adc.o ./system/src/stm32f0-stdperiph/stm32f0xx_can.o ./system/src/stm32f0-stdperiph/stm32f0xx_cec.o ./system/src/stm32f0-stdperiph/stm32f0xx_comp.o ./system/src/stm32f0-stdperiph/stm32f0xx_crc.o ./system/src/stm32f0-stdperiph/stm32f0xx_crs.o ./system/src/stm32f0-stdperiph/stm32f0xx_dac.o ./system/src/stm32f0-stdperiph/stm32f0xx_dbgmcu.o ./system/src/stm32f0-stdperiph/stm32f0xx_dma.o ./system/src/stm32f0-stdperiph/stm32f0xx_exti.o ./system/src/stm32f0-stdperiph/stm32f0xx_flash.o ./system/src/stm32f0-stdperiph/stm32f0xx_gpio.o ./system/src/stm32f0-stdperiph/stm32f0xx_i2c.o ./system/src/stm32f0-stdperiph/stm32f0xx_iwdg.o ./system/src/stm32f0-stdperiph/stm32f0xx_misc.o ./system/src/stm32f0-stdperiph/stm32f0xx_pwr.o ./system/src/stm32f0-stdperiph/stm32f0xx_rcc.o ./system/src/stm32f0-stdperiph/stm32f0xx_rtc.o ./system/src/stm32f0-stdperiph/stm32f0xx_spi.o ./system/src/stm32f0-stdperiph/stm32f0xx_syscfg.o ./system/src/stm32f0-stdperiph/stm32f0xx_tim.o ./system/src/stm32f0-stdperiph/stm32f0xx_usart.o ./system/src/stm32f0-stdperiph/stm32f0xx_wwdg.o  ./system/src/newlib/_cxx.o ./system/src/newlib/_exit.o ./system/src/newlib/_sbrk.o ./system/src/newlib/_startup.o ./system/src/newlib/_syscalls.o ./system/src/newlib/assert.o  ./system/src/diag/Trace.o ./system/src/diag/trace_impl.o  ./system/src/cortexm/_initialize_hardware.o ./system/src/cortexm/_reset_hardware.o ./system/src/cortexm/exception_handlers.o  ./system/src/cmsis/system_stm32f0xx.o ./system/src/cmsis/vectors_stm32f0xx.o  ./src/Drivetrain.o ./src/GPIO.o ./src/GPIO_conf.o ./src/Wheel.o ./src/WheelEncoder.o ./src/_write.o ./src/main.o   
Finished building target: MotorTest1.elf
 
Invoking: Cross ARM GNU Create Flash Image
arm-none-eabi-objcopy -O ihex "MotorTest1.elf"  "MotorTest1.hex"
Finished building: MotorTest1.hex
 
Invoking: Cross ARM GNU Print Size
arm-none-eabi-size --format=berkeley "MotorTest1.elf"
   text	   data	    bss	    dec	    hex	filename
   5400	     80	    276	   5756	   167c	MotorTest1.elf
Finished building: MotorTest1.siz
 
17:41:27 **** Incremental Build of configuration Debug for project MotorTest1 ****
make all 
Building file: ../src/Drivetrain.c
Invoking: Cross ARM C Compiler
arm-none-eabi-gcc -mcpu=cortex-m0 -mthumb -Og -fmessage-length=0 -fsigned-char -ffunction-sections -fdata-sections -ffreestanding -fno-move-loop-invariants -Wall -Wextra  -g3 -DDEBUG -DUSE_FULL_ASSERT -DSTM32F030 -DUSE_STDPERIPH_DRIVER -DHSE_VALUE=8000000 -I"../include" -I"../system/include" -I"../system/include/cmsis" -I"../system/include/stm32f0-stdperiph" -std=gnu11 -MMD -MP -MF"src/Drivetrain.d" -MT"src/Drivetrain.o" -c -o "src/Drivetrain.o" "../src/Drivetrain.c"
Finished building: ../src/Drivetrain.c
 
Building target: MotorTest1.elf
Invoking: Cross ARM C++ Linker
arm-none-eabi-g++ -mcpu=cortex-m0 -mthumb -Og -fmessage-length=0 -fsigned-char -ffunction-sections -fdata-sections -ffreestanding -fno-move-loop-invariants -Wall -Wextra  -g3 -T mem.ld -T libs.ld -T sections.ld -nostartfiles -Xlinker --gc-sections -L"../ldscripts" -Wl,-Map,"MotorTest1.map" --specs=nano.specs -o "MotorTest1.elf"  ./system/src/stm32f0-stdperiph/stm32f0xx_adc.o ./system/src/stm32f0-stdperiph/stm32f0xx_can.o ./system/src/stm32f0-stdperiph/stm32f0xx_cec.o ./system/src/stm32f0-stdperiph/stm32f0xx_comp.o ./system/src/stm32f0-stdperiph/stm32f0xx_crc.o ./system/src/stm32f0-stdperiph/stm32f0xx_crs.o ./system/src/stm32f0-stdperiph/stm32f0xx_dac.o ./system/src/stm32f0-stdperiph/stm32f0xx_dbgmcu.o ./system/src/stm32f0-stdperiph/stm32f0xx_dma.o ./system/src/stm32f0-stdperiph/stm32f0xx_exti.o ./system/src/stm32f0-stdperiph/stm32f0xx_flash.o ./system/src/stm32f0-stdperiph/stm32f0xx_gpio.o ./system/src/stm32f0-stdperiph/stm32f0xx_i2c.o ./system/src/stm32f0-stdperiph/stm32f0xx_iwdg.o ./system/src/stm32f0-stdperiph/stm32f0xx_misc.o ./system/src/stm32f0-stdperiph/stm32f0xx_pwr.o ./system/src/stm32f0-stdperiph/stm32f0xx_rcc.o ./system/src/stm32f0-stdperiph/stm32f0xx_rtc.o ./system/src/stm32f0-stdperiph/stm32f0xx_spi.o ./system/src/stm32f0-stdperiph/stm32f0xx_syscfg.o ./system/src/stm32f0-stdperiph/stm32f0xx_tim.o ./system/src/stm32f0-stdperiph/stm32f0xx_usart.o ./system/src/stm32f0-stdperiph/stm32f0xx_wwdg.o  ./system/src/newlib/_cxx.o ./system/src/newlib/_exit.o ./system/src/newlib/_sbrk.o ./system/src/newlib/_startup.o ./system/src/newlib/_syscalls.o ./system/src/newlib/assert.o  ./system/src/diag/Trace.o ./system/src/diag/trace_impl.o  ./system/src/cortexm/_initialize_hardware.o ./system/src/cortexm/_reset_hardware.o ./system/src/cortexm/exception_handlers.o  ./system/src/cmsis/system_stm32f0xx.o ./system/src/cmsis/vectors_stm32f0xx.o  ./src/Drivetrain.o ./src/GPIO.o ./src/GPIO_conf.o ./src/Wheel.o ./src/WheelEncoder.o ./src/_write.o ./src/main.o   
Finished building target: MotorTest1.elf
 
Invoking: Cross ARM GNU Create Flash Image
arm-none-eabi-objcopy -O ihex "MotorTest1.elf"  "MotorTest1.hex"
Finished building: MotorTest1.hex
 
Invoking: Cross ARM GNU Print Size
arm-none-eabi-size --format=berkeley "MotorTest1.elf"
   text	   data	    bss	    dec	    hex	filename
   5400	     80	    276	   5756	   167c	MotorTest1.elf
Finished building: MotorTest1.siz
 
