Archive member included to satisfy reference by file (symbol)

C:/Program Files (x86)/Rowley Associates Limited/CrossWorks for ARM 3.7/lib/libm_v6m_t_le_eabi.a(libm_asm.o)
                              MotorTest1 THUMB Debug/Drivetrain.o (__aeabi_i2d)
C:/Program Files (x86)/Rowley Associates Limited/CrossWorks for ARM 3.7/lib/libc_v6m_t_le_eabi.a(libc_asm.o)
                              MotorTest1 THUMB Debug/stm32f0xx_usart.o (__aeabi_uidivmod)
C:/Program Files (x86)/Rowley Associates Limited/CrossWorks for ARM 3.7/lib/libc_v6m_t_le_eabi.a(libc2.o)
                              MotorTest1 THUMB Debug/Drivetrain.o (abs)
C:/Program Files (x86)/Rowley Associates Limited/CrossWorks for ARM 3.7/lib/libc_v6m_t_le_eabi.a(libc2_asm.o)
                              C:/Program Files (x86)/Rowley Associates Limited/CrossWorks for ARM 3.7/lib/libc_v6m_t_le_eabi.a(libc2.o) (memcpy)
C:/Program Files (x86)/Rowley Associates Limited/CrossWorks for ARM 3.7/lib/libm_v6m_t_le_eabi.a(libm2.o)
                              C:/Program Files (x86)/Rowley Associates Limited/CrossWorks for ARM 3.7/lib/libvfprintf_v6m_t_le_eabi.o (frexp)
C:/Program Files (x86)/Rowley Associates Limited/CrossWorks for ARM 3.7/lib/libm_v6m_t_le_eabi.a(libm2_asm.o)
                              C:/Program Files (x86)/Rowley Associates Limited/CrossWorks for ARM 3.7/lib/libm_v6m_t_le_eabi.a(libm2.o) (fabs)

Discarded input sections

 .text          0x00000000        0x0 MotorTest1 THUMB Debug/thumb_crt0.o
 .data          0x00000000        0x0 MotorTest1 THUMB Debug/thumb_crt0.o
 .bss           0x00000000        0x0 MotorTest1 THUMB Debug/thumb_crt0.o
 .text.__aeabi_read_tp
                0x00000000        0x8 MotorTest1 THUMB Debug/thumb_crt0.o
 .text.__heap_lock
                0x00000000        0x2 MotorTest1 THUMB Debug/thumb_crt0.o
 .text.__heap_unlock
                0x00000000        0x2 MotorTest1 THUMB Debug/thumb_crt0.o
 .text.__printf_lock
                0x00000000        0x2 MotorTest1 THUMB Debug/thumb_crt0.o
 .text.__printf_unlock
                0x00000000        0x2 MotorTest1 THUMB Debug/thumb_crt0.o
 .text.__scanf_lock
                0x00000000        0x2 MotorTest1 THUMB Debug/thumb_crt0.o
 .text.__scanf_unlock
                0x00000000        0x2 MotorTest1 THUMB Debug/thumb_crt0.o
 .text.__debug_io_lock
                0x00000000        0x2 MotorTest1 THUMB Debug/thumb_crt0.o
 .text.__debug_io_unlock
                0x00000000        0x2 MotorTest1 THUMB Debug/thumb_crt0.o
 .text.abort    0x00000000        0x2 MotorTest1 THUMB Debug/thumb_crt0.o
 .text.__assert
                0x00000000        0x2 MotorTest1 THUMB Debug/thumb_crt0.o
 .text.__aeabi_assert
                0x00000000        0x2 MotorTest1 THUMB Debug/thumb_crt0.o
 .text.__cxa_pure_virtual
                0x00000000        0x2 MotorTest1 THUMB Debug/thumb_crt0.o
 .text.__cxa_guard_acquire
                0x00000000       0x10 MotorTest1 THUMB Debug/thumb_crt0.o
 .text.__cxa_guard_release
                0x00000000        0x6 MotorTest1 THUMB Debug/thumb_crt0.o
 .text.__cxa_guard_abort
                0x00000000        0x2 MotorTest1 THUMB Debug/thumb_crt0.o
 .text.__getchar
                0x00000000        0x8 MotorTest1 THUMB Debug/thumb_crt0.o
 .text.__putchar
                0x00000000        0x8 MotorTest1 THUMB Debug/thumb_crt0.o
 .bss.__user_locale_name_buffer
                0x00000000        0x4 MotorTest1 THUMB Debug/thumb_crt0.o
 .stack         0x00000000        0x0 MotorTest1 THUMB Debug/thumb_crt0.o
 .stack_process
                0x00000000        0x0 MotorTest1 THUMB Debug/thumb_crt0.o
 .heap          0x00000000        0x0 MotorTest1 THUMB Debug/thumb_crt0.o
 .text          0x00000000        0x0 MotorTest1 THUMB Debug/STM32_Startup.o
 .data          0x00000000        0x0 MotorTest1 THUMB Debug/STM32_Startup.o
 .bss           0x00000000        0x0 MotorTest1 THUMB Debug/STM32_Startup.o
 .group         0x00000000        0x8 MotorTest1 THUMB Debug/stm32f0xx_adc.o
 .group         0x00000000        0x8 MotorTest1 THUMB Debug/stm32f0xx_adc.o
 .group         0x00000000        0x8 MotorTest1 THUMB Debug/stm32f0xx_adc.o
 .group         0x00000000        0x8 MotorTest1 THUMB Debug/stm32f0xx_adc.o
 .group         0x00000000        0x8 MotorTest1 THUMB Debug/stm32f0xx_adc.o
 .group         0x00000000        0x8 MotorTest1 THUMB Debug/stm32f0xx_adc.o
 .group         0x00000000        0x8 MotorTest1 THUMB Debug/stm32f0xx_adc.o
 .group         0x00000000        0x8 MotorTest1 THUMB Debug/stm32f0xx_adc.o
 .group         0x00000000        0x8 MotorTest1 THUMB Debug/stm32f0xx_adc.o
 .group         0x00000000        0x8 MotorTest1 THUMB Debug/stm32f0xx_adc.o
 .group         0x00000000        0x8 MotorTest1 THUMB Debug/stm32f0xx_adc.o
 .group         0x00000000        0x8 MotorTest1 THUMB Debug/stm32f0xx_adc.o
 .group         0x00000000        0x8 MotorTest1 THUMB Debug/stm32f0xx_adc.o
 .group         0x00000000        0x8 MotorTest1 THUMB Debug/stm32f0xx_adc.o
[...]
Memory Configuration

Name             Origin             Length             Attributes
UNPLACED_SECTIONS 0xffffffff         0x00000000         xw
FLASH            0x08000000         0x00010000         xr
SYSTEM           0x1fffec00         0x00000c00         xw
OPTION           0x1ffff800         0x00000400         xw
RAM              0x20000000         0x00002000         xw
APB1             0x40000000         0x00008000         xw
APB2             0x40010000         0x00008000         xw
AHB1             0x40020000         0x00004400         xw
AHB2             0x48000000         0x00001800         xw
PPB              0xe0000000         0x00100000         xw
*default*        0x00000000         0xffffffff

Linker script and memory map

                0x00000000                __vfprintf = __vfprintf_float_long_long
                0x00000000                __vfscanf = __vfscanf_float_long_long_cc
                0x08000000                __FLASH_segment_start__ = 0x8000000
                0x08010000                __FLASH_segment_end__ = 0x8010000
                0x00010000                __FLASH_segment_size__ = 0x10000
                0x1fffec00                __SYSTEM_segment_start__ = 0x1fffec00
                0x1ffff800                __SYSTEM_segment_end__ = 0x1ffff800
                0x00000c00                __SYSTEM_segment_size__ = 0xc00
                0x1ffff800                __OPTION_segment_start__ = 0x1ffff800
                0x1ffffc00                __OPTION_segment_end__ = 0x1ffffc00
                0x00000400                __OPTION_segment_size__ = 0x400
                0x20000000                __RAM_segment_start__ = 0x20000000
                0x20002000                __RAM_segment_end__ = 0x20002000
                0x00002000                __RAM_segment_size__ = 0x2000
                0x40000000                __APB1_segment_start__ = 0x40000000
                0x40008000                __APB1_segment_end__ = 0x40008000
                0x00008000                __APB1_segment_size__ = 0x8000
                0x40010000                __APB2_segment_start__ = 0x40010000
                0x40018000                __APB2_segment_end__ = 0x40018000
                0x00008000                __APB2_segment_size__ = 0x8000
                0x40020000                __AHB1_segment_start__ = 0x40020000
                0x40024400                __AHB1_segment_end__ = 0x40024400
                0x00004400                __AHB1_segment_size__ = 0x4400
                0x48000000                __AHB2_segment_start__ = 0x48000000
                0x48001800                __AHB2_segment_end__ = 0x48001800
                0x00001800                __AHB2_segment_size__ = 0x1800
                0xe0000000                __PPB_segment_start__ = 0xe0000000
                0xe0100000                __PPB_segment_end__ = 0xe0100000
                0x00100000                __PPB_segment_size__ = 0x100000
                0x00000080                __HEAPSIZE__ = 0x80
                0x00000000                __STACKSIZE_ABT__ = 0x0
                0x00000000                __STACKSIZE_FIQ__ = 0x0
                0x00000000                __STACKSIZE_IRQ__ = 0x0
                0x00000000                __STACKSIZE_PROCESS__ = 0x0
                0x00000000                __STACKSIZE_SVC__ = 0x0
                0x00000000                __STACKSIZE_UND__ = 0x0
                0x00000100                __STACKSIZE__ = 0x100
                0x20000000                __vectors_ram_load_start__ = ALIGN (__RAM_segment_start__, 0x100)

.vectors_ram    0x20000000        0x0
                0x20000000                __vectors_ram_start__ = .
 *(.vectors_ram .vectors_ram.*)
                0x20000000                __vectors_ram_end__ = (__vectors_ram_start__ + SIZEOF (.vectors_ram))
                0x00000000                __vectors_ram_size__ = SIZEOF (.vectors_ram)
                0x20000000                __vectors_ram_load_end__ = __vectors_ram_end__
                0x00000001                . = ASSERT (((__vectors_ram_start__ == __vectors_ram_end__) || ((__vectors_ram_end__ >= __RAM_segment_start__) && (__vectors_ram_end__ <= __RAM_segment_end__))), error: .vectors_ram is too large to fit in RAM memory segment)
                0x08000000                __vectors_load_start__ = ALIGN (__FLASH_segment_start__, 0x100)

.vectors        0x08000000       0xb4
                0x08000000                __vectors_start__ = .
 *(.vectors .vectors.*)
 .vectors       0x08000000       0xb4 MotorTest1 THUMB Debug/STM32_Startup.o
                0x08000000                _vectors
                0x080000b4                __vectors_end__ = (__vectors_start__ + SIZEOF (.vectors))
                0x000000b4                __vectors_size__ = SIZEOF (.vectors)
                0x080000b4                __vectors_load_end__ = __vectors_end__
                0x00000001                . = ASSERT (((__vectors_start__ == __vectors_end__) || ((__vectors_end__ >= __FLASH_segment_start__) && (__vectors_end__ <= __FLASH_segment_end__))), error: .vectors is too large to fit in FLASH memory segment)
                0x080000b4                __init_load_start__ = ALIGN (__vectors_end__, 0x4)

.init           0x080000b4      0x1ac
                0x080000b4                __init_start__ = .
 *(.init .init.*)
 .init          0x080000b4      0x158 MotorTest1 THUMB Debug/thumb_crt0.o
                0x080000b4                _start
                0x08000166                exit
 .init          0x0800020c       0x54 MotorTest1 THUMB Debug/STM32_Startup.o
                0x0800020c                NMI_Handler
                0x0800020e                HardFault_Handler
                0x08000210                MemManage_Handler
                0x08000212                BusFault_Handler
                0x08000214                UsageFault_Handler
                0x08000216                SVC_Handler
                0x08000218                DebugMon_Handler
                0x0800021a                PendSV_Handler
                0x0800021e                WWDG_IRQHandler
                0x08000220                RTC_IRQHandler
                0x08000222                FLASH_IRQHandler
                0x08000224                RCC_IRQHandler
                0x08000226                EXTI0_1_IRQHandler
                0x08000228                EXTI2_3_IRQHandler
                0x0800022c                DMA1_Channel1_IRQHandler
                0x0800022e                DMA1_Channel2_3_IRQHandler
                0x08000230                DMA1_Channel4_5_IRQHandler
                0x08000232                ADC1_IRQHandler
                0x08000234                TIM1_BRK_UP_TRG_COM_IRQHandler
                0x08000236                TIM1_CC_IRQHandler
                0x08000238                TIM3_IRQHandler
                0x0800023a                TIM6_IRQHandler
                0x0800023c                TIM14_IRQHandler
                0x0800023e                TIM15_IRQHandler
                0x08000240                TIM16_IRQHandler
                0x08000242                TIM17_IRQHandler
                0x08000244                I2C1_IRQHandler
                0x08000246                I2C2_IRQHandler
                0x08000248                SPI1_IRQHandler
                0x0800024a                SPI2_IRQHandler
                0x0800024c                USART1_IRQHandler
                0x0800024e                USART2_IRQHandler
                0x08000250                reset_handler
                0x08000260                __init_end__ = (__init_start__ + SIZEOF (.init))
                0x000001ac                __init_size__ = SIZEOF (.init)
                0x08000260                __init_load_end__ = __init_end__
                0x00000001                . = ASSERT (((__init_start__ == __init_end__) || ((__init_end__ >= __FLASH_segment_start__) && (__init_end__ <= __FLASH_segment_end__))), error: .init is too large to fit in FLASH memory segment)
                0x08000260                __init_rodata_load_start__ = ALIGN (__init_end__, 0x4)

.init_rodata    0x08000260        0x0
                0x08000260                __init_rodata_start__ = .
 *(.init_rodata .init_rodata.*)
                0x08000260                __init_rodata_end__ = (__init_rodata_start__ + SIZEOF (.init_rodata))
                0x00000000                __init_rodata_size__ = SIZEOF (.init_rodata)
                0x08000260                __init_rodata_load_end__ = __init_rodata_end__
                0x00000001                . = ASSERT (((__init_rodata_start__ == __init_rodata_end__) || ((__init_rodata_end__ >= __FLASH_segment_start__) && (__init_rodata_end__ <= __FLASH_segment_end__))), error: .init_rodata is too large to fit in FLASH memory segment)
                0x08000260                __text_load_start__ = ALIGN (__init_rodata_end__, 0x4)

.text           0x08000260     0x1bf4
                0x08000260                __text_start__ = .
 *(.text .text.* .glue_7t .glue_7 .gnu.linkonce.t.* .gcc_except_table .ARM.extab* .gnu.linkonce.armextab.*)
 .glue_7        0x08000260        0x0 linker stubs
 .glue_7t       0x08000260        0x0 linker stubs
 .text.EXTI_Init
                0x08000260       0xe0 MotorTest1 THUMB Debug/stm32f0xx_exti.o
                0x08000260                EXTI_Init
 .text.GPIO_Init
                0x08000340      0x130 MotorTest1 THUMB Debug/stm32f0xx_gpio.o
                0x08000340                GPIO_Init
 .text.GPIO_SetBits
                0x08000470       0x20 MotorTest1 THUMB Debug/stm32f0xx_gpio.o
                0x08000470                GPIO_SetBits
 .text.GPIO_ResetBits
                0x08000490       0x20 MotorTest1 THUMB Debug/stm32f0xx_gpio.o
                0x08000490                GPIO_ResetBits
 .text.GPIO_PinAFConfig
                0x080004b0       0xa4 MotorTest1 THUMB Debug/stm32f0xx_gpio.o
                0x080004b0                GPIO_PinAFConfig
 .text.NVIC_Init
                0x08000554       0xac MotorTest1 THUMB Debug/stm32f0xx_misc.o
                0x08000554                NVIC_Init
 .text.RCC_AHBPeriphClockCmd
                0x08000600       0x40 MotorTest1 THUMB Debug/stm32f0xx_rcc.o
                0x08000600                RCC_AHBPeriphClockCmd
 .text.RCC_APB2PeriphClockCmd
                0x08000640       0x40 MotorTest1 THUMB Debug/stm32f0xx_rcc.o
                0x08000640                RCC_APB2PeriphClockCmd
 .text.RCC_APB1PeriphClockCmd
                0x08000680       0x40 MotorTest1 THUMB Debug/stm32f0xx_rcc.o
                0x08000680                RCC_APB1PeriphClockCmd
 .text.SYSCFG_EXTILineConfig
                0x080006c0       0x94 MotorTest1 THUMB Debug/stm32f0xx_syscfg.o
                0x080006c0                SYSCFG_EXTILineConfig
 .text.TIM_TimeBaseInit
                0x08000754       0xf0 MotorTest1 THUMB Debug/stm32f0xx_tim.o
                0x08000754                TIM_TimeBaseInit
 .text.TIM_SelectOnePulseMode
                0x08000844       0x38 MotorTest1 THUMB Debug/stm32f0xx_tim.o
                0x08000844                TIM_SelectOnePulseMode
 .text.TIM_Cmd  0x0800087c       0x40 MotorTest1 THUMB Debug/stm32f0xx_tim.o
                0x0800087c                TIM_Cmd
 .text.TIM_OC1Init
                0x080008bc      0x1a4 MotorTest1 THUMB Debug/stm32f0xx_tim.o
                0x080008bc                TIM_OC1Init
 .text.TIM_OC1PreloadConfig
                0x08000a60       0x54 MotorTest1 THUMB Debug/stm32f0xx_tim.o
                0x08000a60                TIM_OC1PreloadConfig
 .text.NVIC_SetPriority
                0x08000ab4       0xdc MotorTest1 THUMB Debug/DelayTimer.o
 .text.SysTick_Config
                0x08000b90       0x48 MotorTest1 THUMB Debug/DelayTimer.o
 .text.DelayTimer_Initialize
                0x08000bd8       0x24 MotorTest1 THUMB Debug/DelayTimer.o
                0x08000bd8                DelayTimer_Initialize
 .text.DelayTimer_Sleep
                0x08000bfc       0x24 MotorTest1 THUMB Debug/DelayTimer.o
                0x08000bfc                DelayTimer_Sleep
 .text.DelayTimer_Tick
                0x08000c20       0x20 MotorTest1 THUMB Debug/DelayTimer.o
                0x08000c20                DelayTimer_Tick
 .text.SysTick_Handler
                0x08000c40       0x10 MotorTest1 THUMB Debug/DelayTimer.o
                0x08000c40                SysTick_Handler
 .text.Drivetrain_Initialize
                0x08000c50       0x2c MotorTest1 THUMB Debug/Drivetrain.o
                0x08000c50                Drivetrain_Initialize
 .text.Drivetrain_Move
                0x08000c7c      0x2c4 MotorTest1 THUMB Debug/Drivetrain.o
                0x08000c7c                Drivetrain_Move
 .text.GPIO_DigitalWrite
                0x08000f40       0x50 MotorTest1 THUMB Debug/GPIO.o
                0x08000f40                GPIO_DigitalWrite
 .text.GPIO_AnalogWrite
                0x08000f90       0x98 MotorTest1 THUMB Debug/GPIO.o
                0x08000f90                GPIO_AnalogWrite
 .text.GPIO_conf_OutputPin
                0x08001028       0xa4 MotorTest1 THUMB Debug/GPIO_conf.o
                0x08001028                GPIO_conf_OutputPin
 .text.GPIO_conf_InputPin
                0x080010cc       0x48 MotorTest1 THUMB Debug/GPIO_conf.o
                0x080010cc                GPIO_conf_InputPin
 .text.GPIO_conf_PwmPin
                0x08001114      0x220 MotorTest1 THUMB Debug/GPIO_conf.o
                0x08001114                GPIO_conf_PwmPin
 .text.GPIO_conf_InterruptPin
                0x08001334      0x13c MotorTest1 THUMB Debug/GPIO_conf.o
                0x08001334                GPIO_conf_InterruptPin
 .text.main     0x08001470       0x68 MotorTest1 THUMB Debug/main.o
                0x08001470                main
 .text.NVIC_ClearPendingIRQ
                0x080014d8       0x34 MotorTest1 THUMB Debug/Wheel.o
 .text.Wheel_Initialize
                0x0800150c       0xcc MotorTest1 THUMB Debug/Wheel.o
                0x0800150c                Wheel_Initialize
 .text.EXTI4_15_IRQHandler
                0x080015d8       0x8c MotorTest1 THUMB Debug/Wheel.o
                0x080015d8                EXTI4_15_IRQHandler
 .text.Wheel_TurnLeftWheel
                0x08001664       0x84 MotorTest1 THUMB Debug/Wheel.o
                0x08001664                Wheel_TurnLeftWheel
 .text.Wheel_TurnRightWheel
                0x080016e8       0x88 MotorTest1 THUMB Debug/Wheel.o
                0x080016e8                Wheel_TurnRightWheel
 .text.Wheel_Straight
                0x08001770       0x4c MotorTest1 THUMB Debug/Wheel.o
                0x08001770                Wheel_Straight
 .text.Wheel_StopLeftWheel
                0x080017bc       0x40 MotorTest1 THUMB Debug/Wheel.o
                0x080017bc                Wheel_StopLeftWheel
 .text.Wheel_StopRightWheel
                0x080017fc       0x44 MotorTest1 THUMB Debug/Wheel.o
                0x080017fc                Wheel_StopRightWheel
 .text.WheelEncoder_GetIsStopped
                0x08001840       0x14 MotorTest1 THUMB Debug/WheelEncoder.o
                0x08001840                WheelEncoder_GetIsStopped
 .text.WheelEncoder_SetIsStopped
                0x08001854       0x20 MotorTest1 THUMB Debug/WheelEncoder.o
                0x08001854                WheelEncoder_SetIsStopped
 .text.WheelEncoder_GetLeftWheelCounter
                0x08001874       0x14 MotorTest1 THUMB Debug/WheelEncoder.o
                0x08001874                WheelEncoder_GetLeftWheelCounter
 .text.WheelEncoder_SetLeftWheelCounter
                0x08001888       0x1c MotorTest1 THUMB Debug/WheelEncoder.o
                0x08001888                WheelEncoder_SetLeftWheelCounter
 .text.WheelEncoder_GetRightWheelCounter
                0x080018a4       0x14 MotorTest1 THUMB Debug/WheelEncoder.o
                0x080018a4                WheelEncoder_GetRightWheelCounter
 .text.WheelEncoder_SetRightWheelCounter
                0x080018b8       0x1c MotorTest1 THUMB Debug/WheelEncoder.o
                0x080018b8                WheelEncoder_SetRightWheelCounter
 .text.WheelTest_StraightForward
                0x080018d4       0x24 MotorTest1 THUMB Debug/WheelTest.o
                0x080018d4                WheelTest_StraightForward
 .text.WheelTest_StraightReverse
                0x080018f8       0x28 MotorTest1 THUMB Debug/WheelTest.o
                0x080018f8                WheelTest_StraightReverse
 .text.WheelTest_SmallCircle
                0x08001920       0x3c MotorTest1 THUMB Debug/WheelTest.o
                0x08001920                WheelTest_SmallCircle
 .text.WheelTest_FigureEight
                0x0800195c       0x2c MotorTest1 THUMB Debug/WheelTest.o
                0x0800195c                WheelTest_FigureEight
 .text.SystemInit
                0x08001988       0x8c MotorTest1 THUMB Debug/system_stm32f0xx.o
                0x08001988                SystemInit
 .text.SetSysClock
                0x08001a14       0xe0 MotorTest1 THUMB Debug/system_stm32f0xx.o
 .text.libc.__int32_to_float64
                0x08001af4       0x1c C:/Program Files (x86)/Rowley Associates Limited/CrossWorks for ARM 3.7/lib/libm_v6m_t_le_eabi.a(libm_asm.o)
                0x08001af4                __aeabi_i2d
                0x08001af4                __int32_to_float64
                0x08001af4                __floatsidf
 .text.libc.__uint32_to_float64
                0x08001b10       0x20 C:/Program Files (x86)/Rowley Associates Limited/CrossWorks for ARM 3.7/lib/libm_v6m_t_le_eabi.a(libm_asm.o)
                0x08001b10                __aeabi_ui2d
                0x08001b10                __floatunsidf
                0x08001b10                __uint32_to_float64
 .text.libc.__float64_to_int32
                0x08001b30       0x38 C:/Program Files (x86)/Rowley Associates Limited/CrossWorks for ARM 3.7/lib/libm_v6m_t_le_eabi.a(libm_asm.o)
                0x08001b30                __aeabi_d2iz
                0x08001b30                __float64_to_int32
                0x08001b30                __fixdfsi
 .text.libc.__float64_to_uint32
                0x08001b68       0x30 C:/Program Files (x86)/Rowley Associates Limited/CrossWorks for ARM 3.7/lib/libm_v6m_t_le_eabi.a(libm_asm.o)
                0x08001b68                __float64_to_uint32
                0x08001b68                __aeabi_d2uiz
                0x08001b68                __fixunsdfsi
                0x08001b6c                __RAL_aeabi_d2uiz
 .text.libc.__float64_mul
                0x08001b98      0x18c C:/Program Files (x86)/Rowley Associates Limited/CrossWorks for ARM 3.7/lib/libm_v6m_t_le_eabi.a(libm_asm.o)
                0x08001bd0                __float64_mul
                0x08001bd0                __muldf3
                0x08001bd0                __aeabi_dmul
 .text.libc.__float64_div
                0x08001d24       0xc4 C:/Program Files (x86)/Rowley Associates Limited/CrossWorks for ARM 3.7/lib/libm_v6m_t_le_eabi.a(libm_asm.o)
                0x08001d24                __divdf3
                0x08001d24                __float64_div
                0x08001d24                __aeabi_ddiv
 .text.libc.__int32_div
                0x08001de8       0x64 C:/Program Files (x86)/Rowley Associates Limited/CrossWorks for ARM 3.7/lib/libc_v6m_t_le_eabi.a(libc_asm.o)
                0x08001de8                __int32_div
                0x08001de8                __aeabi_idiv
                0x08001de8                __divsi3
                0x08001e24                __aeabi_uidiv
                0x08001e24                __uint32_div
                0x08001e24                __udivsi3
 .text.libc.abs
                0x08001e4c        0x8 C:/Program Files (x86)/Rowley Associates Limited/CrossWorks for ARM 3.7/lib/libc_v6m_t_le_eabi.a(libc2.o)
                0x08001e4c                abs
                0x08001e54                __text_end__ = (__text_start__ + SIZEOF (.text))
                0x00001bf4                __text_size__ = SIZEOF (.text)
                0x08001e54                __text_load_end__ = __text_end__

.vfp11_veneer   0x00000000        0x0
 .vfp11_veneer  0x00000000        0x0 linker stubs

.v4_bx          0x00000000        0x0
 .v4_bx         0x00000000        0x0 linker stubs

.iplt           0x00000000        0x0
 .iplt          0x00000000        0x0 MotorTest1 THUMB Debug/thumb_crt0.o

.rel.dyn        0x08000000        0x0
 .rel.iplt      0x08000000        0x0 MotorTest1 THUMB Debug/thumb_crt0.o
                0x00000001                . = ASSERT (((__text_start__ == __text_end__) || ((__text_end__ >= __FLASH_segment_start__) && (__text_end__ <= __FLASH_segment_end__))), error: .text is too large to fit in FLASH memory segment)
                0x08001e54                __dtors_load_start__ = ALIGN (__text_end__, 0x4)

.dtors          0x08001e54        0x0
                0x08001e54                __dtors_start__ = .
 *(SORT(.dtors.*))
 *(.dtors)
 *(.fini_array)
 *(SORT(.fini_array.*))
                0x08001e54                __dtors_end__ = (__dtors_start__ + SIZEOF (.dtors))
                0x00000000                __dtors_size__ = SIZEOF (.dtors)
                0x08001e54                __dtors_load_end__ = __dtors_end__
                0x00000001                . = ASSERT (((__dtors_start__ == __dtors_end__) || ((__dtors_end__ >= __FLASH_segment_start__) && (__dtors_end__ <= __FLASH_segment_end__))), error: .dtors is too large to fit in FLASH memory segment)
                0x08001e54                __ctors_load_start__ = ALIGN (__dtors_end__, 0x4)

.ctors          0x08001e54        0x0
                0x08001e54                __ctors_start__ = .
 *(SORT(.ctors.*))
 *(.ctors)
 *(.init_array)
 *(SORT(.init_array.*))
                0x08001e54                __ctors_end__ = (__ctors_start__ + SIZEOF (.ctors))
                0x00000000                __ctors_size__ = SIZEOF (.ctors)
                0x08001e54                __ctors_load_end__ = __ctors_end__
                0x00000001                . = ASSERT (((__ctors_start__ == __ctors_end__) || ((__ctors_end__ >= __FLASH_segment_start__) && (__ctors_end__ <= __FLASH_segment_end__))), error: .ctors is too large to fit in FLASH memory segment)
                0x08001e54                __rodata_load_start__ = ALIGN (__ctors_end__, 0x4)

.rodata         0x08001e54        0x0
                0x08001e54                __rodata_start__ = .
 *(.rodata .rodata.* .gnu.linkonce.r.*)
                0x08001e54                __rodata_end__ = (__rodata_start__ + SIZEOF (.rodata))
                0x00000000                __rodata_size__ = SIZEOF (.rodata)
                0x08001e54                __rodata_load_end__ = __rodata_end__
                0x00000001                . = ASSERT (((__rodata_start__ == __rodata_end__) || ((__rodata_end__ >= __FLASH_segment_start__) && (__rodata_end__ <= __FLASH_segment_end__))), error: .rodata is too large to fit in FLASH memory segment)
                0x08001e54                __ARM.exidx_load_start__ = ALIGN (__rodata_end__, 0x4)

.ARM.exidx      0x08001e54        0x0
                0x08001e54                __ARM.exidx_start__ = .
                0x08001e54                __exidx_start = __ARM.exidx_start__
 *(.ARM.exidx .ARM.exidx.*)
                0x08001e54                __ARM.exidx_end__ = (__ARM.exidx_start__ + SIZEOF (.ARM.exidx))
                0x00000000                __ARM.exidx_size__ = SIZEOF (.ARM.exidx)
                0x08001e54                __exidx_end = __ARM.exidx_end__
                0x08001e54                __ARM.exidx_load_end__ = __ARM.exidx_end__
                0x00000001                . = ASSERT (((__ARM.exidx_start__ == __ARM.exidx_end__) || ((__ARM.exidx_end__ >= __FLASH_segment_start__) && (__ARM.exidx_end__ <= __FLASH_segment_end__))), error: .ARM.exidx is too large to fit in FLASH memory segment)
                0x08001e54                __fast_load_start__ = ALIGN (__ARM.exidx_end__, 0x4)

.fast           0x20000000        0x0 load address 0x08001e54
                0x20000000                __fast_start__ = .
 *(.fast .fast.*)
                0x20000000                __fast_end__ = (__fast_start__ + SIZEOF (.fast))
                0x00000000                __fast_size__ = SIZEOF (.fast)
                0x08001e54                __fast_load_end__ = (__fast_load_start__ + SIZEOF (.fast))
                0x00000001                . = ASSERT (((__fast_load_start__ == __fast_load_end__) || ((__fast_load_end__ >= __FLASH_segment_start__) && (__fast_load_end__ <= __FLASH_segment_end__))), error: .fast is too large to fit in FLASH memory segment)

.fast_run       0x20000000        0x0
                0x20000000                __fast_run_start__ = .
                0x20000000                . = MAX ((__fast_run_start__ + SIZEOF (.fast)), .)
                0x20000000                __fast_run_end__ = (__fast_run_start__ + SIZEOF (.fast_run))
                0x00000000                __fast_run_size__ = SIZEOF (.fast_run)
                0x20000000                __fast_run_load_end__ = __fast_run_end__
                0x00000001                . = ASSERT (((__fast_run_start__ == __fast_run_end__) || ((__fast_run_end__ >= __RAM_segment_start__) && (__fast_run_end__ <= __RAM_segment_end__))), error: .fast_run is too large to fit in RAM memory segment)
                0x08001e54                __data_load_start__ = ALIGN ((__fast_load_start__ + SIZEOF (.fast)), 0x4)

.data           0x20000000        0x8 load address 0x08001e54
                0x20000000                __data_start__ = .
 *(.data .data.* .gnu.linkonce.d.*)
 .data.is_stopped
                0x20000000        0x1 MotorTest1 THUMB Debug/WheelEncoder.o
                0x20000000                is_stopped
 *fill*         0x20000001        0x3 
 .data.SystemCoreClock
                0x20000004        0x4 MotorTest1 THUMB Debug/system_stm32f0xx.o
                0x20000004                SystemCoreClock
                0x20000008                __data_end__ = (__data_start__ + SIZEOF (.data))
                0x00000008                __data_size__ = SIZEOF (.data)
                0x08001e5c                __data_load_end__ = (__data_load_start__ + SIZEOF (.data))

.igot.plt       0x00000000        0x0
 .igot.plt      0x00000000        0x0 MotorTest1 THUMB Debug/thumb_crt0.o
                0x00000001                . = ASSERT (((__data_load_start__ == __data_load_end__) || ((__data_load_end__ >= __FLASH_segment_start__) && (__data_load_end__ <= __FLASH_segment_end__))), error: .data is too large to fit in FLASH memory segment)

.data_run       0x20000000        0x8 load address 0x08001e54
                0x20000000                __data_run_start__ = .
                0x20000008                . = MAX ((__data_run_start__ + SIZEOF (.data)), .)
 *fill*         0x20000000        0x8 
                0x20000008                __data_run_end__ = (__data_run_start__ + SIZEOF (.data_run))
                0x00000008                __data_run_size__ = SIZEOF (.data_run)
                0x20000008                __data_run_load_end__ = __data_run_end__
                0x00000001                . = ASSERT (((__data_run_start__ == __data_run_end__) || ((__data_run_end__ >= __RAM_segment_start__) && (__data_run_end__ <= __RAM_segment_end__))), error: .data_run is too large to fit in RAM memory segment)
                0x08001e5c                __tdata_load_start__ = ALIGN ((__data_load_start__ + SIZEOF (.data)), 0x4)

.tdata          0x20000008        0x0 load address 0x08001e5c
                0x20000008                __tdata_start__ = .
 *(.tdata .tdata.*)
                0x20000008                __tdata_end__ = (__tdata_start__ + SIZEOF (.tdata))
                0x00000000                __tdata_size__ = SIZEOF (.tdata)
                0x08001e5c                __tdata_load_end__ = (__tdata_load_start__ + SIZEOF (.tdata))
                0x08001e5c                __FLASH_segment_used_end__ = (ALIGN ((__data_load_start__ + SIZEOF (.data)), 0x4) + SIZEOF (.tdata))
                0x00001e5c                __FLASH_segment_used_size__ = (__FLASH_segment_used_end__ - __FLASH_segment_start__)
                0x00000001                . = ASSERT (((__tdata_load_start__ == __tdata_load_end__) || ((__tdata_load_end__ >= __FLASH_segment_start__) && (__tdata_load_end__ <= __FLASH_segment_end__))), error: .tdata is too large to fit in FLASH memory segment)

.tdata_run      0x20000008        0x0
                0x20000008                __tdata_run_start__ = .
                0x20000008                . = MAX ((__tdata_run_start__ + SIZEOF (.tdata)), .)
                0x20000008                __tdata_run_end__ = (__tdata_run_start__ + SIZEOF (.tdata_run))
                0x00000000                __tdata_run_size__ = SIZEOF (.tdata_run)
                0x20000008                __tdata_run_load_end__ = __tdata_run_end__
                0x00000001                . = ASSERT (((__tdata_run_start__ == __tdata_run_end__) || ((__tdata_run_end__ >= __RAM_segment_start__) && (__tdata_run_end__ <= __RAM_segment_end__))), error: .tdata_run is too large to fit in RAM memory segment)
                0x20000008                __bss_load_start__ = ALIGN (__tdata_run_end__, 0x4)

.bss            0x20000008       0x10
                0x20000008                __bss_start__ = .
 *(.bss .bss.* .gnu.linkonce.b.*)
 .bss.DelayTimer_DelayCount
                0x20000008        0x4 MotorTest1 THUMB Debug/DelayTimer.o
                0x20000008                DelayTimer_DelayCount
 .bss.robot_direction
                0x2000000c        0x1 MotorTest1 THUMB Debug/Drivetrain.o
                0x2000000c                robot_direction
 *fill*         0x2000000d        0x1 
 .bss.robot_velocity
                0x2000000e        0x2 MotorTest1 THUMB Debug/Drivetrain.o
                0x2000000e                robot_velocity
 .bss.left_wheel_counter
                0x20000010        0x4 MotorTest1 THUMB Debug/WheelEncoder.o
                0x20000010                left_wheel_counter
 .bss.right_wheel_counter
                0x20000014        0x4 MotorTest1 THUMB Debug/WheelEncoder.o
                0x20000014                right_wheel_counter
 *(COMMON)
                0x20000018                __bss_end__ = (__bss_start__ + SIZEOF (.bss))
                0x00000010                __bss_size__ = SIZEOF (.bss)
                0x20000018                __bss_load_end__ = __bss_end__
                0x00000001                . = ASSERT (((__bss_start__ == __bss_end__) || ((__bss_end__ >= __RAM_segment_start__) && (__bss_end__ <= __RAM_segment_end__))), error: .bss is too large to fit in RAM memory segment)
                0x20000018                __tbss_load_start__ = ALIGN (__bss_end__, 0x4)

.tbss           0x20000018        0x0
                0x20000018                __tbss_start__ = .
 *(.tbss .tbss.*)
                0x20000018                __tbss_end__ = (__tbss_start__ + SIZEOF (.tbss))
                0x00000000                __tbss_size__ = SIZEOF (.tbss)
                0x20000018                __tbss_load_end__ = __tbss_end__
                0x00000001                . = ASSERT (((__tbss_start__ == __tbss_end__) || ((__tbss_end__ >= __RAM_segment_start__) && (__tbss_end__ <= __RAM_segment_end__))), error: .tbss is too large to fit in RAM memory segment)
                0x20000018                __non_init_load_start__ = ALIGN (__tbss_end__, 0x4)

.non_init       0x20000018        0x0
                0x20000018                __non_init_start__ = .
 *(.non_init .non_init.*)
                0x20000018                __non_init_end__ = (__non_init_start__ + SIZEOF (.non_init))
                0x00000000                __non_init_size__ = SIZEOF (.non_init)
                0x20000018                __non_init_load_end__ = __non_init_end__
                0x00000001                . = ASSERT (((__non_init_start__ == __non_init_end__) || ((__non_init_end__ >= __RAM_segment_start__) && (__non_init_end__ <= __RAM_segment_end__))), error: .non_init is too large to fit in RAM memory segment)
                0x20000018                __heap_load_start__ = ALIGN (__non_init_end__, 0x4)

.heap           0x20000018       0x80
                0x20000018                __heap_start__ = .
 *(.heap .heap.*)
                0x20000098                . = ALIGN (MAX ((__heap_start__ + __HEAPSIZE__), .), 0x4)
 *fill*         0x20000018       0x80 
                0x20000098                __heap_end__ = (__heap_start__ + SIZEOF (.heap))
                0x00000080                __heap_size__ = SIZEOF (.heap)
                0x20000098                __heap_load_end__ = __heap_end__
                0x00000001                . = ASSERT (((__heap_start__ == __heap_end__) || ((__heap_end__ >= __RAM_segment_start__) && (__heap_end__ <= __RAM_segment_end__))), error: .heap is too large to fit in RAM memory segment)
                0x20000098                __stack_load_start__ = ALIGN (__heap_end__, 0x8)

.stack          0x20000098      0x100
                0x20000098                __stack_start__ = .
 *(.stack .stack.*)
                0x20000198                . = ALIGN (MAX ((__stack_start__ + __STACKSIZE__), .), 0x8)
 *fill*         0x20000098      0x100 
                0x20000198                __stack_end__ = (__stack_start__ + SIZEOF (.stack))
                0x00000100                __stack_size__ = SIZEOF (.stack)
                0x20000198                __stack_load_end__ = __stack_end__
                0x00000001                . = ASSERT (((__stack_start__ == __stack_end__) || ((__stack_end__ >= __RAM_segment_start__) && (__stack_end__ <= __RAM_segment_end__))), error: .stack is too large to fit in RAM memory segment)
                0x20000198                __stack_process_load_start__ = ALIGN (__stack_end__, 0x8)

.stack_process  0x20000198        0x0
                0x20000198                __stack_process_start__ = .
 *(.stack_process .stack_process.*)
                0x20000198                . = ALIGN (MAX ((__stack_process_start__ + __STACKSIZE_PROCESS__), .), 0x8)
                0x20000198                __stack_process_end__ = (__stack_process_start__ + SIZEOF (.stack_process))
                0x00000000                __stack_process_size__ = SIZEOF (.stack_process)
                0x20000198                __stack_process_load_end__ = __stack_process_end__
                0x20000198                __RAM_segment_used_end__ = (ALIGN (__stack_end__, 0x8) + SIZEOF (.stack_process))
                0x00000198                __RAM_segment_used_size__ = (__RAM_segment_used_end__ - __RAM_segment_start__)
                0x00000001                . = ASSERT (((__stack_process_start__ == __stack_process_end__) || ((__stack_process_end__ >= __RAM_segment_start__) && (__stack_process_end__ <= __RAM_segment_end__))), error: .stack_process is too large to fit in RAM memory segment)
START GROUP
LOAD MotorTest1 THUMB Debug/thumb_crt0.o
LOAD MotorTest1 THUMB Debug/STM32_Startup.o
LOAD MotorTest1 THUMB Debug/stm32f0xx_adc.o
LOAD MotorTest1 THUMB Debug/stm32f0xx_can.o
LOAD MotorTest1 THUMB Debug/stm32f0xx_cec.o
LOAD MotorTest1 THUMB Debug/stm32f0xx_comp.o
LOAD MotorTest1 THUMB Debug/stm32f0xx_crc.o
LOAD MotorTest1 THUMB Debug/stm32f0xx_crs.o
LOAD MotorTest1 THUMB Debug/stm32f0xx_dac.o
LOAD MotorTest1 THUMB Debug/stm32f0xx_dbgmcu.o
LOAD MotorTest1 THUMB Debug/stm32f0xx_dma.o
LOAD MotorTest1 THUMB Debug/stm32f0xx_exti.o
LOAD MotorTest1 THUMB Debug/stm32f0xx_flash.o
LOAD MotorTest1 THUMB Debug/stm32f0xx_gpio.o
LOAD MotorTest1 THUMB Debug/stm32f0xx_i2c.o
LOAD MotorTest1 THUMB Debug/stm32f0xx_iwdg.o
LOAD MotorTest1 THUMB Debug/stm32f0xx_misc.o
LOAD MotorTest1 THUMB Debug/stm32f0xx_pwr.o
LOAD MotorTest1 THUMB Debug/stm32f0xx_rcc.o
LOAD MotorTest1 THUMB Debug/stm32f0xx_rtc.o
LOAD MotorTest1 THUMB Debug/stm32f0xx_spi.o
LOAD MotorTest1 THUMB Debug/stm32f0xx_syscfg.o
LOAD MotorTest1 THUMB Debug/stm32f0xx_tim.o
LOAD MotorTest1 THUMB Debug/stm32f0xx_usart.o
LOAD MotorTest1 THUMB Debug/stm32f0xx_wwdg.o
LOAD MotorTest1 THUMB Debug/DelayTimer.o
LOAD MotorTest1 THUMB Debug/Drivetrain.o
LOAD MotorTest1 THUMB Debug/GPIO.o
LOAD MotorTest1 THUMB Debug/GPIO_conf.o
LOAD MotorTest1 THUMB Debug/main.o
LOAD MotorTest1 THUMB Debug/Wheel.o
LOAD MotorTest1 THUMB Debug/WheelEncoder.o
LOAD MotorTest1 THUMB Debug/WheelTest.o
LOAD MotorTest1 THUMB Debug/system_stm32f0xx.o
LOAD C:/Program Files (x86)/Rowley Associates Limited/CrossWorks for ARM 3.7/lib/libdebugio_mempoll_v6m_t_le_eabi.a
LOAD C:/Program Files (x86)/Rowley Associates Limited/CrossWorks for ARM 3.7/lib/libm_v6m_t_le_eabi.a
LOAD C:/Program Files (x86)/Rowley Associates Limited/CrossWorks for ARM 3.7/lib/libc_v6m_t_le_eabi.a
LOAD C:/Program Files (x86)/Rowley Associates Limited/CrossWorks for ARM 3.7/lib/libcpp_v6m_t_le_eabi.a
LOAD C:/Program Files (x86)/Rowley Associates Limited/CrossWorks for ARM 3.7/lib/libdebugio_v6m_t_le_eabi.a
LOAD C:/Program Files (x86)/Rowley Associates Limited/CrossWorks for ARM 3.7/lib/libvfprintf_v6m_t_le_eabi.o
LOAD C:/Program Files (x86)/Rowley Associates Limited/CrossWorks for ARM 3.7/lib/libvfscanf_v6m_t_le_eabi.o
END GROUP
OUTPUT(MotorTest1 THUMB Debug/MotorTest1.elf elf32-littlearm)

.ARM.attributes
                0x00000000       0x2d
 .ARM.attributes
                0x00000000       0x21 MotorTest1 THUMB Debug/thumb_crt0.o
 .ARM.attributes
                0x00000021       0x21 MotorTest1 THUMB Debug/STM32_Startup.o
 .ARM.attributes
                0x00000042       0x31 MotorTest1 THUMB Debug/stm32f0xx_exti.o
 .ARM.attributes
                0x00000073       0x31 MotorTest1 THUMB Debug/stm32f0xx_gpio.o
 .ARM.attributes
                0x000000a4       0x31 MotorTest1 THUMB Debug/stm32f0xx_misc.o
 .ARM.attributes
                0x000000d5       0x31 MotorTest1 THUMB Debug/stm32f0xx_rcc.o
 .ARM.attributes
                0x00000106       0x31 MotorTest1 THUMB Debug/stm32f0xx_syscfg.o
 .ARM.attributes
                0x00000137       0x31 MotorTest1 THUMB Debug/stm32f0xx_tim.o
 .ARM.attributes
                0x00000168       0x31 MotorTest1 THUMB Debug/DelayTimer.o
 .ARM.attributes
                0x00000199       0x31 MotorTest1 THUMB Debug/Drivetrain.o
 .ARM.attributes
                0x000001ca       0x31 MotorTest1 THUMB Debug/GPIO.o
 .ARM.attributes
                0x000001fb       0x31 MotorTest1 THUMB Debug/GPIO_conf.o
 .ARM.attributes
                0x0000022c       0x31 MotorTest1 THUMB Debug/main.o
 .ARM.attributes
                0x0000025d       0x31 MotorTest1 THUMB Debug/Wheel.o
 .ARM.attributes
                0x0000028e       0x31 MotorTest1 THUMB Debug/WheelEncoder.o
 .ARM.attributes
                0x000002bf       0x31 MotorTest1 THUMB Debug/WheelTest.o
 .ARM.attributes
                0x000002f0       0x31 MotorTest1 THUMB Debug/system_stm32f0xx.o
 .ARM.attributes
                0x00000321       0x1b C:/Program Files (x86)/Rowley Associates Limited/CrossWorks for ARM 3.7/lib/libm_v6m_t_le_eabi.a(libm_asm.o)
 .ARM.attributes
                0x0000033c       0x1b C:/Program Files (x86)/Rowley Associates Limited/CrossWorks for ARM 3.7/lib/libc_v6m_t_le_eabi.a(libc_asm.o)
 .ARM.attributes
                0x00000357       0x2b C:/Program Files (x86)/Rowley Associates Limited/CrossWorks for ARM 3.7/lib/libc_v6m_t_le_eabi.a(libc2.o)

.comment        0x00000000       0x4c
 .comment       0x00000000       0x4c MotorTest1 THUMB Debug/stm32f0xx_exti.o
                                 0x4d (size before relaxing)
 .comment       0x0000004c       0x4d MotorTest1 THUMB Debug/stm32f0xx_gpio.o
 .comment       0x0000004c       0x4d MotorTest1 THUMB Debug/stm32f0xx_misc.o
 .comment       0x0000004c       0x4d MotorTest1 THUMB Debug/stm32f0xx_rcc.o
 .comment       0x0000004c       0x4d MotorTest1 THUMB Debug/stm32f0xx_syscfg.o
 .comment       0x0000004c       0x4d MotorTest1 THUMB Debug/stm32f0xx_tim.o
 .comment       0x0000004c       0x4d MotorTest1 THUMB Debug/DelayTimer.o
 .comment       0x0000004c       0x4d MotorTest1 THUMB Debug/Drivetrain.o
 .comment       0x0000004c       0x4d MotorTest1 THUMB Debug/GPIO.o
 .comment       0x0000004c       0x4d MotorTest1 THUMB Debug/GPIO_conf.o
 .comment       0x0000004c       0x4d MotorTest1 THUMB Debug/main.o
 .comment       0x0000004c       0x4d MotorTest1 THUMB Debug/Wheel.o
 .comment       0x0000004c       0x4d MotorTest1 THUMB Debug/WheelEncoder.o
 .comment       0x0000004c       0x4d MotorTest1 THUMB Debug/WheelTest.o
 .comment       0x0000004c       0x4d MotorTest1 THUMB Debug/system_stm32f0xx.o
 .comment       0x0000004c       0x4d C:/Program Files (x86)/Rowley Associates Limited/CrossWorks for ARM 3.7/lib/libc_v6m_t_le_eabi.a(libc2.o)

.debug_line     0x00000000     0x6811
 .debug_line    0x00000000      0x251 MotorTest1 THUMB Debug/thumb_crt0.o
 .debug_line    0x00000251       0xf0 MotorTest1 THUMB Debug/STM32_Startup.o
 .debug_line    0x00000341      0x589 MotorTest1 THUMB Debug/stm32f0xx_exti.o
 .debug_line    0x000008ca      0x628 MotorTest1 THUMB Debug/stm32f0xx_gpio.o
 .debug_line    0x00000ef2      0x516 MotorTest1 THUMB Debug/stm32f0xx_misc.o
 .debug_line    0x00001408      0x88a MotorTest1 THUMB Debug/stm32f0xx_rcc.o
 .debug_line    0x00001c92      0x5a1 MotorTest1 THUMB Debug/stm32f0xx_syscfg.o
 .debug_line    0x00002233      0xd97 MotorTest1 THUMB Debug/stm32f0xx_tim.o
 .debug_line    0x00002fca      0x566 MotorTest1 THUMB Debug/DelayTimer.o
 .debug_line    0x00003530      0x5cc MotorTest1 THUMB Debug/Drivetrain.o
 .debug_line    0x00003afc      0x506 MotorTest1 THUMB Debug/GPIO.o
 .debug_line    0x00004002      0x575 MotorTest1 THUMB Debug/GPIO_conf.o
 .debug_line    0x00004577      0x52e MotorTest1 THUMB Debug/main.o
 .debug_line    0x00004aa5      0x5d2 MotorTest1 THUMB Debug/Wheel.o
 .debug_line    0x00005077      0x1d5 MotorTest1 THUMB Debug/WheelEncoder.o
 .debug_line    0x0000524c      0x544 MotorTest1 THUMB Debug/WheelTest.o
 .debug_line    0x00005790      0x565 MotorTest1 THUMB Debug/system_stm32f0xx.o
 .debug_line    0x00005cf5      0xb1c C:/Program Files (x86)/Rowley Associates Limited/CrossWorks for ARM 3.7/lib/libc_v6m_t_le_eabi.a(libc2.o)

.debug_info     0x00000000     0x74ed
 .debug_info    0x00000000       0xd4 MotorTest1 THUMB Debug/thumb_crt0.o
 .debug_info    0x000000d4       0xf4 MotorTest1 THUMB Debug/STM32_Startup.o
 .debug_info    0x000001c8      0x308 MotorTest1 THUMB Debug/stm32f0xx_exti.o
 .debug_info    0x000004d0      0x5bc MotorTest1 THUMB Debug/stm32f0xx_gpio.o
 .debug_info    0x00000a8c      0x34e MotorTest1 THUMB Debug/stm32f0xx_misc.o
 .debug_info    0x00000dda      0xa31 MotorTest1 THUMB Debug/stm32f0xx_rcc.o
 .debug_info    0x0000180b      0x321 MotorTest1 THUMB Debug/stm32f0xx_syscfg.o
 .debug_info    0x00001b2c     0x1c48 MotorTest1 THUMB Debug/stm32f0xx_tim.o
 .debug_info    0x00003774      0x3f8 MotorTest1 THUMB Debug/DelayTimer.o
 .debug_info    0x00003b6c      0x137 MotorTest1 THUMB Debug/Drivetrain.o
 .debug_info    0x00003ca3      0x3fb MotorTest1 THUMB Debug/GPIO.o
 .debug_info    0x0000409e      0x8d8 MotorTest1 THUMB Debug/GPIO_conf.o
 .debug_info    0x00004976       0xaa MotorTest1 THUMB Debug/main.o
 .debug_info    0x00004a20      0x49d MotorTest1 THUMB Debug/Wheel.o
 .debug_info    0x00004ebd      0x18e MotorTest1 THUMB Debug/WheelEncoder.o
 .debug_info    0x0000504b       0xa9 MotorTest1 THUMB Debug/WheelTest.o
 .debug_info    0x000050f4      0x2d2 MotorTest1 THUMB Debug/system_stm32f0xx.o
 .debug_info    0x000053c6     0x2127 C:/Program Files (x86)/Rowley Associates Limited/CrossWorks for ARM 3.7/lib/libc_v6m_t_le_eabi.a(libc2.o)

.debug_abbrev   0x00000000     0x135e
 .debug_abbrev  0x00000000       0x12 MotorTest1 THUMB Debug/thumb_crt0.o
 .debug_abbrev  0x00000012       0x14 MotorTest1 THUMB Debug/STM32_Startup.o
 .debug_abbrev  0x00000026      0x19c MotorTest1 THUMB Debug/stm32f0xx_exti.o
 .debug_abbrev  0x000001c2      0x1a5 MotorTest1 THUMB Debug/stm32f0xx_gpio.o
 .debug_abbrev  0x00000367      0x14b MotorTest1 THUMB Debug/stm32f0xx_misc.o
 .debug_abbrev  0x000004b2      0x1f4 MotorTest1 THUMB Debug/stm32f0xx_rcc.o
 .debug_abbrev  0x000006a6      0x169 MotorTest1 THUMB Debug/stm32f0xx_syscfg.o
 .debug_abbrev  0x0000080f      0x194 MotorTest1 THUMB Debug/stm32f0xx_tim.o
 .debug_abbrev  0x000009a3      0x19d MotorTest1 THUMB Debug/DelayTimer.o
 .debug_abbrev  0x00000b40       0xb0 MotorTest1 THUMB Debug/Drivetrain.o
 .debug_abbrev  0x00000bf0       0xed MotorTest1 THUMB Debug/GPIO.o
 .debug_abbrev  0x00000cdd      0x14a MotorTest1 THUMB Debug/GPIO_conf.o
 .debug_abbrev  0x00000e27       0x60 MotorTest1 THUMB Debug/main.o
 .debug_abbrev  0x00000e87      0x142 MotorTest1 THUMB Debug/Wheel.o
 .debug_abbrev  0x00000fc9       0xb2 MotorTest1 THUMB Debug/WheelEncoder.o
 .debug_abbrev  0x0000107b       0x46 MotorTest1 THUMB Debug/WheelTest.o
 .debug_abbrev  0x000010c1      0x13c MotorTest1 THUMB Debug/system_stm32f0xx.o
 .debug_abbrev  0x000011fd      0x161 C:/Program Files (x86)/Rowley Associates Limited/CrossWorks for ARM 3.7/lib/libc_v6m_t_le_eabi.a(libc2.o)

.debug_aranges  0x00000000     0x1758
 .debug_aranges
                0x00000000       0xb0 MotorTest1 THUMB Debug/thumb_crt0.o
 .debug_aranges
                0x000000b0       0x20 MotorTest1 THUMB Debug/STM32_Startup.o
 .debug_aranges
                0x000000d0       0x58 MotorTest1 THUMB Debug/stm32f0xx_exti.o
 .debug_aranges
                0x00000128       0x80 MotorTest1 THUMB Debug/stm32f0xx_gpio.o
 .debug_aranges
                0x000001a8       0x30 MotorTest1 THUMB Debug/stm32f0xx_misc.o
 .debug_aranges
                0x000001d8      0x160 MotorTest1 THUMB Debug/stm32f0xx_rcc.o
 .debug_aranges
                0x00000338       0x68 MotorTest1 THUMB Debug/stm32f0xx_syscfg.o
 .debug_aranges
                0x000003a0      0x300 MotorTest1 THUMB Debug/stm32f0xx_tim.o
 .debug_aranges
                0x000006a0       0x48 MotorTest1 THUMB Debug/DelayTimer.o
 .debug_aranges
                0x000006e8       0x40 MotorTest1 THUMB Debug/Drivetrain.o
 .debug_aranges
                0x00000728       0x28 MotorTest1 THUMB Debug/GPIO.o
 .debug_aranges
                0x00000750       0x38 MotorTest1 THUMB Debug/GPIO_conf.o
 .debug_aranges
                0x00000788       0x20 MotorTest1 THUMB Debug/main.o
 .debug_aranges
                0x000007a8       0x58 MotorTest1 THUMB Debug/Wheel.o
 .debug_aranges
                0x00000800       0x50 MotorTest1 THUMB Debug/WheelEncoder.o
 .debug_aranges
                0x00000850       0x38 MotorTest1 THUMB Debug/WheelTest.o
 .debug_aranges
                0x00000888       0x30 MotorTest1 THUMB Debug/system_stm32f0xx.o
 .debug_aranges
                0x000008b8      0xea0 C:/Program Files (x86)/Rowley Associates Limited/CrossWorks for ARM 3.7/lib/libc_v6m_t_le_eabi.a(libc2.o)

.debug_ranges   0x00000000     0x1630
 .debug_ranges  0x00000000       0xa8 MotorTest1 THUMB Debug/thumb_crt0.o
 .debug_ranges  0x000000a8       0x48 MotorTest1 THUMB Debug/stm32f0xx_exti.o
 .debug_ranges  0x000000f0       0x70 MotorTest1 THUMB Debug/stm32f0xx_gpio.o
 .debug_ranges  0x00000160       0x20 MotorTest1 THUMB Debug/stm32f0xx_misc.o
 .debug_ranges  0x00000180      0x150 MotorTest1 THUMB Debug/stm32f0xx_rcc.o
 .debug_ranges  0x000002d0       0x58 MotorTest1 THUMB Debug/stm32f0xx_syscfg.o
 .debug_ranges  0x00000328      0x2f0 MotorTest1 THUMB Debug/stm32f0xx_tim.o
 .debug_ranges  0x00000618       0x38 MotorTest1 THUMB Debug/DelayTimer.o
 .debug_ranges  0x00000650       0x30 MotorTest1 THUMB Debug/Drivetrain.o
 .debug_ranges  0x00000680       0x18 MotorTest1 THUMB Debug/GPIO.o
 .debug_ranges  0x00000698       0x28 MotorTest1 THUMB Debug/GPIO_conf.o
 .debug_ranges  0x000006c0       0x10 MotorTest1 THUMB Debug/main.o
 .debug_ranges  0x000006d0       0x48 MotorTest1 THUMB Debug/Wheel.o
 .debug_ranges  0x00000718       0x40 MotorTest1 THUMB Debug/WheelEncoder.o
 .debug_ranges  0x00000758       0x28 MotorTest1 THUMB Debug/WheelTest.o
 .debug_ranges  0x00000780       0x20 MotorTest1 THUMB Debug/system_stm32f0xx.o
 .debug_ranges  0x000007a0      0xe90 C:/Program Files (x86)/Rowley Associates Limited/CrossWorks for ARM 3.7/lib/libc_v6m_t_le_eabi.a(libc2.o)

.debug_frame    0x00000000     0x5ea4
 .debug_frame   0x00000000      0x168 MotorTest1 THUMB Debug/stm32f0xx_exti.o
 .debug_frame   0x00000168      0x24c MotorTest1 THUMB Debug/stm32f0xx_gpio.o
 .debug_frame   0x000003b4       0x94 MotorTest1 THUMB Debug/stm32f0xx_misc.o
 .debug_frame   0x00000448      0x704 MotorTest1 THUMB Debug/stm32f0xx_rcc.o
 .debug_frame   0x00000b4c      0x1c4 MotorTest1 THUMB Debug/stm32f0xx_syscfg.o
 .debug_frame   0x00000d10     0x100c MotorTest1 THUMB Debug/stm32f0xx_tim.o
 .debug_frame   0x00001d1c      0x104 MotorTest1 THUMB Debug/DelayTimer.o
 .debug_frame   0x00001e20       0xd0 MotorTest1 THUMB Debug/Drivetrain.o
 .debug_frame   0x00001ef0       0x68 MotorTest1 THUMB Debug/GPIO.o
 .debug_frame   0x00001f58       0xc0 MotorTest1 THUMB Debug/GPIO_conf.o
 .debug_frame   0x00002018       0x3c MotorTest1 THUMB Debug/main.o
 .debug_frame   0x00002054      0x150 MotorTest1 THUMB Debug/Wheel.o
 .debug_frame   0x000021a4      0x12c MotorTest1 THUMB Debug/WheelEncoder.o
 .debug_frame   0x000022d0       0xa0 MotorTest1 THUMB Debug/WheelTest.o
 .debug_frame   0x00002370       0x8c MotorTest1 THUMB Debug/system_stm32f0xx.o
 .debug_frame   0x000023fc      0x478 C:/Program Files (x86)/Rowley Associates Limited/CrossWorks for ARM 3.7/lib/libm_v6m_t_le_eabi.a(libm_asm.o)
 .debug_frame   0x00002874      0x190 C:/Program Files (x86)/Rowley Associates Limited/CrossWorks for ARM 3.7/lib/libc_v6m_t_le_eabi.a(libc_asm.o)
 .debug_frame   0x00002a04     0x34a0 C:/Program Files (x86)/Rowley Associates Limited/CrossWorks for ARM 3.7/lib/libc_v6m_t_le_eabi.a(libc2.o)

.debug_pubnames
                0x00000000     0x1de0
 .debug_pubnames
                0x00000000      0x161 MotorTest1 THUMB Debug/stm32f0xx_exti.o
 .debug_pubnames
                0x00000161      0x231 MotorTest1 THUMB Debug/stm32f0xx_gpio.o
 .debug_pubnames
                0x00000392       0x6b MotorTest1 THUMB Debug/stm32f0xx_misc.o
 .debug_pubnames
                0x000003fd      0x3ec MotorTest1 THUMB Debug/stm32f0xx_rcc.o
 .debug_pubnames
                0x000007e9      0x13f MotorTest1 THUMB Debug/stm32f0xx_syscfg.o
 .debug_pubnames
                0x00000928      0x842 MotorTest1 THUMB Debug/stm32f0xx_tim.o
 .debug_pubnames
                0x0000116a      0x296 MotorTest1 THUMB Debug/DelayTimer.o
 .debug_pubnames
                0x00001400       0xb6 MotorTest1 THUMB Debug/Drivetrain.o
 .debug_pubnames
                0x000014b6       0x3d MotorTest1 THUMB Debug/GPIO.o
 .debug_pubnames
                0x000014f3      0x3d7 MotorTest1 THUMB Debug/GPIO_conf.o
 .debug_pubnames
                0x000018ca       0x1b MotorTest1 THUMB Debug/main.o
 .debug_pubnames
                0x000018e5      0x2b8 MotorTest1 THUMB Debug/Wheel.o
 .debug_pubnames
                0x00001b9d      0x13e MotorTest1 THUMB Debug/WheelEncoder.o
 .debug_pubnames
                0x00001cdb       0x82 MotorTest1 THUMB Debug/WheelTest.o
 .debug_pubnames
                0x00001d5d       0x83 MotorTest1 THUMB Debug/system_stm32f0xx.o

.debug_pubtypes
                0x00000000     0x1055
 .debug_pubtypes
                0x00000000      0x13c MotorTest1 THUMB Debug/stm32f0xx_exti.o
 .debug_pubtypes
                0x0000013c      0x15c MotorTest1 THUMB Debug/stm32f0xx_gpio.o
 .debug_pubtypes
                0x00000298      0x11a MotorTest1 THUMB Debug/stm32f0xx_misc.o
 .debug_pubtypes
                0x000003b2      0x138 MotorTest1 THUMB Debug/stm32f0xx_rcc.o
 .debug_pubtypes
                0x000004ea       0xfb MotorTest1 THUMB Debug/stm32f0xx_syscfg.o
 .debug_pubtypes
                0x000005e5      0x172 MotorTest1 THUMB Debug/stm32f0xx_tim.o
 .debug_pubtypes
                0x00000757       0xfc MotorTest1 THUMB Debug/DelayTimer.o
 .debug_pubtypes
                0x00000853       0xd9 MotorTest1 THUMB Debug/Drivetrain.o
 .debug_pubtypes
                0x0000092c       0xe7 MotorTest1 THUMB Debug/GPIO.o
 .debug_pubtypes
                0x00000a13      0x214 MotorTest1 THUMB Debug/GPIO_conf.o
 .debug_pubtypes
                0x00000c27       0xb5 MotorTest1 THUMB Debug/main.o
 .debug_pubtypes
                0x00000cdc      0x123 MotorTest1 THUMB Debug/Wheel.o
 .debug_pubtypes
                0x00000dff       0xb6 MotorTest1 THUMB Debug/WheelEncoder.o
 .debug_pubtypes
                0x00000eb5       0xac MotorTest1 THUMB Debug/WheelTest.o
 .debug_pubtypes
                0x00000f61       0xf4 MotorTest1 THUMB Debug/system_stm32f0xx.o

.debug_macro    0x00000000     0x2836
 .debug_macro   0x00000000      0x150 MotorTest1 THUMB Debug/stm32f0xx_exti.o
 .debug_macro   0x00000150       0xcf MotorTest1 THUMB Debug/stm32f0xx_exti.o
 .debug_macro   0x0000021f      0x14a MotorTest1 THUMB Debug/stm32f0xx_gpio.o
 .debug_macro   0x00000369      0x17f MotorTest1 THUMB Debug/stm32f0xx_gpio.o
 .debug_macro   0x000004e8      0x14a MotorTest1 THUMB Debug/stm32f0xx_misc.o
 .debug_macro   0x00000632       0x34 MotorTest1 THUMB Debug/stm32f0xx_misc.o
 .debug_macro   0x00000666      0x168 MotorTest1 THUMB Debug/stm32f0xx_rcc.o
 .debug_macro   0x000007ce      0x55b MotorTest1 THUMB Debug/stm32f0xx_rcc.o
 .debug_macro   0x00000d29      0x14a MotorTest1 THUMB Debug/stm32f0xx_syscfg.o
 .debug_macro   0x00000e73      0x46b MotorTest1 THUMB Debug/stm32f0xx_syscfg.o
 .debug_macro   0x000012de      0x166 MotorTest1 THUMB Debug/stm32f0xx_tim.o
 .debug_macro   0x00001444      0x74a MotorTest1 THUMB Debug/stm32f0xx_tim.o
 .debug_macro   0x00001b8e      0x15e MotorTest1 THUMB Debug/DelayTimer.o
 .debug_macro   0x00001cec      0x1a1 MotorTest1 THUMB Debug/Drivetrain.o
 .debug_macro   0x00001e8d       0x10 MotorTest1 THUMB Debug/Drivetrain.o
 .debug_macro   0x00001e9d       0x22 MotorTest1 THUMB Debug/Drivetrain.o
 .debug_macro   0x00001ebf       0x10 MotorTest1 THUMB Debug/Drivetrain.o
 .debug_macro   0x00001ecf       0x89 MotorTest1 THUMB Debug/Drivetrain.o
 .debug_macro   0x00001f58       0x2e MotorTest1 THUMB Debug/Drivetrain.o
 .debug_macro   0x00001f86      0x161 MotorTest1 THUMB Debug/GPIO.o
 .debug_macro   0x000020e7       0x16 MotorTest1 THUMB Debug/GPIO.o
 .debug_macro   0x000020fd      0x15d MotorTest1 THUMB Debug/GPIO_conf.o
 .debug_macro   0x0000225a      0x181 MotorTest1 THUMB Debug/main.o
 .debug_macro   0x000023db      0x180 MotorTest1 THUMB Debug/Wheel.o
 .debug_macro   0x0000255b       0x2d MotorTest1 THUMB Debug/WheelEncoder.o
 .debug_macro   0x00002588      0x16e MotorTest1 THUMB Debug/WheelTest.o
 .debug_macro   0x000026f6      0x140 MotorTest1 THUMB Debug/system_stm32f0xx.o

.debug_str      0x00000000    0x4ded4
 .debug_str     0x00000000    0x49854 MotorTest1 THUMB Debug/stm32f0xx_exti.o
                              0x498d7 (size before relaxing)
 .debug_str     0x00049854      0x339 MotorTest1 THUMB Debug/stm32f0xx_gpio.o
                              0x499fd (size before relaxing)
 .debug_str     0x00049b8d      0x1b2 MotorTest1 THUMB Debug/stm32f0xx_misc.o
                              0x49872 (size before relaxing)
 .debug_str     0x00049d3f      0x6d4 MotorTest1 THUMB Debug/stm32f0xx_rcc.o
                              0x49dce (size before relaxing)
 .debug_str     0x0004a413      0x22d MotorTest1 THUMB Debug/stm32f0xx_syscfg.o
                              0x498f4 (size before relaxing)
 .debug_str     0x0004a640      0xc7d MotorTest1 THUMB Debug/stm32f0xx_tim.o
                              0x4a3d0 (size before relaxing)
 .debug_str     0x0004b2bd      0x276 MotorTest1 THUMB Debug/DelayTimer.o
                              0x499d6 (size before relaxing)
 .debug_str     0x0004b533      0x521 MotorTest1 THUMB Debug/Drivetrain.o
                              0x49bcd (size before relaxing)
 .debug_str     0x0004ba54       0xa6 MotorTest1 THUMB Debug/GPIO.o
                              0x4988b (size before relaxing)
 .debug_str     0x0004bafa      0x122 MotorTest1 THUMB Debug/GPIO_conf.o
                              0x49e3c (size before relaxing)
 .debug_str     0x0004bc1c       0x9f MotorTest1 THUMB Debug/main.o
                              0x497b0 (size before relaxing)
 .debug_str     0x0004bcbb      0x105 MotorTest1 THUMB Debug/Wheel.o
                              0x49a7e (size before relaxing)
 .debug_str     0x0004bdc0      0x180 MotorTest1 THUMB Debug/WheelEncoder.o
                               0x2b44 (size before relaxing)
 .debug_str     0x0004bf40       0xc6 MotorTest1 THUMB Debug/WheelTest.o
                              0x497a1 (size before relaxing)
 .debug_str     0x0004c006       0xd9 MotorTest1 THUMB Debug/system_stm32f0xx.o
                              0x49814 (size before relaxing)
 .debug_str     0x0004c0df     0x1df5 C:/Program Files (x86)/Rowley Associates Limited/CrossWorks for ARM 3.7/lib/libc_v6m_t_le_eabi.a(libc2.o)
                               0x1f5d (size before relaxing)
